Archive member included to satisfy reference by file (symbol)

/opt/devkitpro/libnx/lib/libnx.a(fs.o)
                              build/main.o (fsInitialize)
/opt/devkitpro/libnx/lib/libnx.a(sm.o)
                              build/main.o (smInitialize)
/opt/devkitpro/libnx/lib/libnx.a(diag.o)
                              /opt/devkitpro/libnx/lib/libnx.a(sm.o) (diagAbortWithResult)
/opt/devkitpro/libnx/lib/libnx.a(hosversion.o)
                              /opt/devkitpro/libnx/lib/libnx.a(fs.o) (hosversionGet)
/opt/devkitpro/libnx/lib/libnx.a(romfs_dev.o)
                              build/main.o (romfsMountSelf)
/opt/devkitpro/libnx/lib/libnx.a(svc.o)
                              build/main.o (svcExitProcess)
/opt/devkitpro/libnx/lib/libnx.a(readtp.o)
                              /opt/devkitpro/libnx/lib/libnx.a(fs.o) (__aarch64_read_tp)
/opt/devkitpro/libnx/lib/libnx.a(switch_crt0.o)
                              (_start)
/opt/devkitpro/libnx/lib/libnx.a(event.o)
                              /opt/devkitpro/libnx/lib/libnx.a(fs.o) (eventLoadRemote)
/opt/devkitpro/libnx/lib/libnx.a(mutex.o)
                              /opt/devkitpro/libnx/lib/libnx.a(fs.o) (mutexLock)
/opt/devkitpro/libnx/lib/libnx.a(wait.o)
                              /opt/devkitpro/libnx/lib/libnx.a(event.o) (waitObjects)
/opt/devkitpro/libnx/lib/libnx.a(sessionmgr.o)
                              /opt/devkitpro/libnx/lib/libnx.a(fs.o) (sessionmgrCreate)
/opt/devkitpro/libnx/lib/libnx.a(alloc.o)
                              /opt/devkitpro/libnx/lib/libnx.a(romfs_dev.o) (__libnx_alloc)
/opt/devkitpro/libnx/lib/libnx.a(argv.o)
                              /opt/devkitpro/libnx/lib/libnx.a(romfs_dev.o) (__system_argc)
/opt/devkitpro/libnx/lib/libnx.a(dynamic.o)
                              /opt/devkitpro/libnx/lib/libnx.a(switch_crt0.o) (__nx_dynamic)
/opt/devkitpro/libnx/lib/libnx.a(env.o)
                              /opt/devkitpro/libnx/lib/libnx.a(romfs_dev.o) (envIsNso)
/opt/devkitpro/libnx/lib/libnx.a(init.o)
                              /opt/devkitpro/libnx/lib/libnx.a(switch_crt0.o) (__libnx_init)
/opt/devkitpro/libnx/lib/libnx.a(newlib.o)
                              /opt/devkitpro/libnx/lib/libnx.a(init.o) (__libnx_init_time)
/opt/devkitpro/libnx/lib/libnx.a(nxlink.o)
                              /opt/devkitpro/libnx/lib/libnx.a(argv.o) (nxlinkSetup)
/opt/devkitpro/libnx/lib/libnx.a(fs_dev.o)
                              /opt/devkitpro/libnx/lib/libnx.a(init.o) (fsdevMountSdmc)
/opt/devkitpro/libnx/lib/libnx.a(path_buf.o)
                              /opt/devkitpro/libnx/lib/libnx.a(romfs_dev.o) (__nx_dev_path_buf)
/opt/devkitpro/libnx/lib/libnx.a(decode_utf8.o)
                              /opt/devkitpro/libnx/lib/libnx.a(fs_dev.o) (decode_utf8)
/opt/devkitpro/libnx/lib/libnx.a(exception.o)
                              /opt/devkitpro/libnx/lib/libnx.a(switch_crt0.o) (__libnx_exception_entry)
/opt/devkitpro/libnx/lib/libnx.a(condvar.o)
                              /opt/devkitpro/libnx/lib/libnx.a(sessionmgr.o) (condvarWaitTimeout)
/opt/devkitpro/libnx/lib/libnx.a(thread.o)
                              /opt/devkitpro/libnx/lib/libnx.a(init.o) (__libnx_init_thread)
/opt/devkitpro/libnx/lib/libnx.a(virtmem.o)
                              /opt/devkitpro/libnx/lib/libnx.a(init.o) (virtmemSetup)
/opt/devkitpro/libnx/lib/libnx.a(applet.o)
                              /opt/devkitpro/libnx/lib/libnx.a(init.o) (__nx_applet_type)
/opt/devkitpro/libnx/lib/libnx.a(hid.o)
                              /opt/devkitpro/libnx/lib/libnx.a(init.o) (hidInitialize)
/opt/devkitpro/libnx/lib/libnx.a(set.o)
                              /opt/devkitpro/libnx/lib/libnx.a(init.o) (setsysInitialize)
/opt/devkitpro/libnx/lib/libnx.a(time.o)
                              /opt/devkitpro/libnx/lib/libnx.a(init.o) (timeInitialize)
/opt/devkitpro/libnx/lib/libnx.a(random.o)
                              /opt/devkitpro/libnx/lib/libnx.a(virtmem.o) (randomGet64)
/opt/devkitpro/libnx/lib/libnx.a(shmem.o)
                              /opt/devkitpro/libnx/lib/libnx.a(hid.o) (shmemLoadRemote)
/opt/devkitpro/libnx/lib/libnx.a(tmem.o)
                              /opt/devkitpro/libnx/lib/libnx.a(applet.o) (tmemCreate)
/opt/devkitpro/libnx/lib/libnx.a(apm.o)
                              /opt/devkitpro/libnx/lib/libnx.a(applet.o) (apmInitialize)
/opt/devkitpro/devkitA64/lib/gcc/aarch64-none-elf/15.2.0/../../../../aarch64-none-elf/lib/pic/libg.a(libc_a-strncat.o)
                              /opt/devkitpro/libnx/lib/libnx.a(romfs_dev.o) (strncat)
/opt/devkitpro/devkitA64/lib/gcc/aarch64-none-elf/15.2.0/../../../../aarch64-none-elf/lib/pic/libg.a(libc_a-strchr.o)
                              /opt/devkitpro/libnx/lib/libnx.a(romfs_dev.o) (strchr)
/opt/devkitpro/devkitA64/lib/gcc/aarch64-none-elf/15.2.0/../../../../aarch64-none-elf/lib/pic/libg.a(libc_a-fread.o)
                              build/main.o (fread)
[...]
Memory Configuration

Name             Origin             Length             Attributes
*default*        0x0000000000000000 0xffffffffffffffff

Linker script and memory map

                0x0000000000000000                PROVIDE (__start__ = 0x0)
                0x0000000000000000                . = __start__
                [!provide]                        PROVIDE (__code_start = .)

.text           0x0000000000000000    0x13df0
 *(.crt0)
 .crt0          0x0000000000000000      0x130 /opt/devkitpro/libnx/lib/libnx.a(switch_crt0.o)
                0x0000000000000000                _start
                0x00000000000000e0                __nx_exit
                0x00000000000000f0                __nx_mod0
 *(.text.unlikely .text.*_unlikely .text.unlikely.*)
 *(.text.exit .text.exit.*)
 *fill*         0x0000000000000130       0x10 
 .text.exit     0x0000000000000140       0x34 /opt/devkitpro/devkitA64/lib/gcc/aarch64-none-elf/15.2.0/../../../../aarch64-none-elf/lib/pic/libg.a(libc_a-exit.o)
                0x0000000000000140                exit
 *(.text.startup .text.startup.*)
 *fill*         0x0000000000000174        0xc 
 .text.startup.main
                0x0000000000000180       0xe4 build/main.o
                0x0000000000000180                main
 *(.text.hot .text.hot.*)
 *(.text .stub .text.* .gnu.linkonce.t.*)
 *fill*         0x0000000000000264       0x1c 
 .text.__do_global_dtors_aux
                0x0000000000000280       0x50 /opt/devkitpro/devkitA64/lib/gcc/aarch64-none-elf/15.2.0/pic/crtbegin.o
 *fill*         0x00000000000002d0       0x10 
 .text.frame_dummy
                0x00000000000002e0       0x24 /opt/devkitpro/devkitA64/lib/gcc/aarch64-none-elf/15.2.0/pic/crtbegin.o
 *fill*         0x0000000000000304        0xc 
 .text.__appInit
                0x0000000000000310       0x14 build/main.o
                0x0000000000000310                __appInit
 *fill*         0x0000000000000324        0xc 
 .text.__appExit
                0x0000000000000330       0x14 build/main.o
                0x0000000000000330                __appExit
 *fill*         0x0000000000000344        0xc 
 .text._fsCleanup
                0x0000000000000350       0xb4 /opt/devkitpro/libnx/lib/libnx.a(fs.o)
 *fill*         0x0000000000000404        0xc 
 .text._fsFsOpenCommon
                0x0000000000000410      0x28c /opt/devkitpro/libnx/lib/libnx.a(fs.o)
 *fill*         0x000000000000069c        0x4 
 .text._fsObjectClose
                0x00000000000006a0       0xf8 /opt/devkitpro/libnx/lib/libnx.a(fs.o)
 *fill*         0x0000000000000798        0x8 
 .text._fsCmdGetSession.constprop.0
                0x00000000000007a0      0x17c /opt/devkitpro/libnx/lib/libnx.a(fs.o)
 *fill*         0x000000000000091c        0x4 
 .text.fsInitialize
                0x0000000000000920      0x2f8 /opt/devkitpro/libnx/lib/libnx.a(fs.o)
                0x0000000000000920                fsInitialize
 *fill*         0x0000000000000c18        0x8 
 .text.fsExit   0x0000000000000c20       0x48 /opt/devkitpro/libnx/lib/libnx.a(fs.o)
                0x0000000000000c20                fsExit
 *fill*         0x0000000000000c68        0x8 
 .text.fsOpenDataStorageByCurrentProcess
                0x0000000000000c70        0x8 /opt/devkitpro/libnx/lib/libnx.a(fs.o)
                0x0000000000000c70                fsOpenDataStorageByCurrentProcess
 *fill*         0x0000000000000c78        0x8 
 .text.fsFsOpenFile
                0x0000000000000c80        0x8 /opt/devkitpro/libnx/lib/libnx.a(fs.o)
                0x0000000000000c80                fsFsOpenFile
 *fill*         0x0000000000000c88        0x8 
 .text.fsFileRead
                0x0000000000000c90      0x214 /opt/devkitpro/libnx/lib/libnx.a(fs.o)
                0x0000000000000c90                fsFileRead
 *fill*         0x0000000000000ea4        0xc 
 .text.fsFileClose
                0x0000000000000eb0        0x4 /opt/devkitpro/libnx/lib/libnx.a(fs.o)
                0x0000000000000eb0                fsFileClose
 *fill*         0x0000000000000eb4        0xc 
 .text.fsStorageRead
                0x0000000000000ec0      0x1e8 /opt/devkitpro/libnx/lib/libnx.a(fs.o)
                0x0000000000000ec0                fsStorageRead
 *fill*         0x00000000000010a8        0x8 
 .text.fsStorageClose
                0x00000000000010b0        0x4 /opt/devkitpro/libnx/lib/libnx.a(fs.o)
                0x00000000000010b0                fsStorageClose
 *fill*         0x00000000000010b4        0xc 
 .text._smCmifCmdInPid
                0x00000000000010c0       0xcc /opt/devkitpro/libnx/lib/libnx.a(sm.o)
 *fill*         0x000000000000118c        0x4 
 .text._smCleanup
                0x0000000000001190       0x78 /opt/devkitpro/libnx/lib/libnx.a(sm.o)
 *fill*         0x0000000000001208        0x8 
 .text.smAddOverrideHandle
                0x0000000000001210       0x48 /opt/devkitpro/libnx/lib/libnx.a(sm.o)
                0x0000000000001210                smAddOverrideHandle
 *fill*         0x0000000000001258        0x8 
 .text.smGetServiceOverride
                0x0000000000001260       0x54 /opt/devkitpro/libnx/lib/libnx.a(sm.o)
                0x0000000000001260                smGetServiceOverride
 *fill*         0x00000000000012b4        0xc 
 .text.smInitialize
                0x00000000000012c0      0x1ac /opt/devkitpro/libnx/lib/libnx.a(sm.o)
                0x00000000000012c0                smInitialize
 *fill*         0x000000000000146c        0x4 
 .text.smExit   0x0000000000001470       0x48 /opt/devkitpro/libnx/lib/libnx.a(sm.o)
                0x0000000000001470                smExit
 *fill*         0x00000000000014b8        0x8 
 .text.smGetServiceOriginal
                0x00000000000014c0       0xd0 /opt/devkitpro/libnx/lib/libnx.a(sm.o)
                0x00000000000014c0                smGetServiceOriginal
 .text.smGetServiceWrapper
                0x0000000000001590      0x120 /opt/devkitpro/libnx/lib/libnx.a(sm.o)
                0x0000000000001590                smGetServiceWrapper
 .text.diagAbortWithResult
                0x00000000000016b0       0x1c /opt/devkitpro/libnx/lib/libnx.a(diag.o)
                0x00000000000016b0                diagAbortWithResult
 *fill*         0x00000000000016cc        0x4 
 .text.hosversionSet
                0x00000000000016d0       0x10 /opt/devkitpro/libnx/lib/libnx.a(hosversion.o)
                0x00000000000016d0                hosversionSet
 .text.romfs_close
                0x00000000000016e0        0x8 /opt/devkitpro/libnx/lib/libnx.a(romfs_dev.o)
 *fill*         0x00000000000016e8        0x8 
 .text.romfs_seek
                0x00000000000016f0       0x88 /opt/devkitpro/libnx/lib/libnx.a(romfs_dev.o)
 *fill*         0x0000000000001778        0x8 
 .text.romfs_dirreset
                0x0000000000001780       0x1c /opt/devkitpro/libnx/lib/libnx.a(romfs_dev.o)
 *fill*         0x000000000000179c        0x4 
 .text.fillDir  0x00000000000017a0      0x100 /opt/devkitpro/libnx/lib/libnx.a(romfs_dev.o)
 .text.romfs_dirnext
                0x00000000000018a0      0x2b0 /opt/devkitpro/libnx/lib/libnx.a(romfs_dev.o)
 .text.searchForDir
                0x0000000000001b50      0x150 /opt/devkitpro/libnx/lib/libnx.a(romfs_dev.o)
 .text.searchForFile
                0x0000000000001ca0      0x150 /opt/devkitpro/libnx/lib/libnx.a(romfs_dev.o)
 .text._romfs_read_safe
                0x0000000000001df0      0x150 /opt/devkitpro/libnx/lib/libnx.a(romfs_dev.o)
 .text._romfs_read
                0x0000000000001f40       0xb8 /opt/devkitpro/libnx/lib/libnx.a(romfs_dev.o)
 *fill*         0x0000000000001ff8        0x8 
 .text.romfs_read
                0x0000000000002000       0x80 /opt/devkitpro/libnx/lib/libnx.a(romfs_dev.o)
 .text.romfs_free
                0x0000000000002080       0xb4 /opt/devkitpro/libnx/lib/libnx.a(romfs_dev.o)
 *fill*         0x0000000000002134        0xc 
 .text.navigateToDir.constprop.0
                0x0000000000002140      0x1f4 /opt/devkitpro/libnx/lib/libnx.a(romfs_dev.o)
 *fill*         0x0000000000002334        0xc 
 .text.romfs_open
                0x0000000000002340      0x108 /opt/devkitpro/libnx/lib/libnx.a(romfs_dev.o)
 *fill*         0x0000000000002448        0x8 
 .text.romfs_stat
                0x0000000000002450      0x1a0 /opt/devkitpro/libnx/lib/libnx.a(romfs_dev.o)
 .text.romfs_chdir
                0x00000000000025f0       0x54 /opt/devkitpro/libnx/lib/libnx.a(romfs_dev.o)
 *fill*         0x0000000000002644        0xc 
 .text.romfs_diropen
                0x0000000000002650       0x84 /opt/devkitpro/libnx/lib/libnx.a(romfs_dev.o)
 *fill*         0x00000000000026d4        0xc 
 .text.romfs_dirclose
                0x00000000000026e0        0x8 /opt/devkitpro/libnx/lib/libnx.a(romfs_dev.o)
 *fill*         0x00000000000026e8        0x8 
 .text.romfsFindMount
                0x00000000000026f0      0x188 /opt/devkitpro/libnx/lib/libnx.a(romfs_dev.o)
 *fill*         0x0000000000002878        0x8 
 .text.romfs_fstat
                0x0000000000002880       0x70 /opt/devkitpro/libnx/lib/libnx.a(romfs_dev.o)
 .text.romfsMountCommon
                0x00000000000028f0      0x1b0 /opt/devkitpro/libnx/lib/libnx.a(romfs_dev.o)
 .text.romfsMountFromFile
                0x0000000000002aa0       0x68 /opt/devkitpro/libnx/lib/libnx.a(romfs_dev.o)
                0x0000000000002aa0                romfsMountFromFile
 *fill*         0x0000000000002b08        0x8 
 .text.romfsMountFromStorage
                0x0000000000002b10       0x6c /opt/devkitpro/libnx/lib/libnx.a(romfs_dev.o)
                0x0000000000002b10                romfsMountFromStorage
 *fill*         0x0000000000002b7c        0x4 
 .text.romfsMountFromCurrentProcess
                0x0000000000002b80       0x38 /opt/devkitpro/libnx/lib/libnx.a(romfs_dev.o)
                0x0000000000002b80                romfsMountFromCurrentProcess
 *fill*         0x0000000000002bb8        0x8 
 .text.romfsMountSelf
                0x0000000000002bc0      0x188 /opt/devkitpro/libnx/lib/libnx.a(romfs_dev.o)
                0x0000000000002bc0                romfsMountSelf
 *fill*         0x0000000000002d48        0x8 
 .text.romfsUnmount
                0x0000000000002d50       0xa8 /opt/devkitpro/libnx/lib/libnx.a(romfs_dev.o)
                0x0000000000002d50                romfsUnmount
 .text.svcSetHeapSize
                0x0000000000002df8       0x14 /opt/devkitpro/libnx/lib/libnx.a(svc.o)
                0x0000000000002df8                svcSetHeapSize
 .text.svcSetMemoryPermission
                0x0000000000002e0c        0x8 /opt/devkitpro/libnx/lib/libnx.a(svc.o)
                0x0000000000002e0c                svcSetMemoryPermission
 .text.svcSetMemoryAttribute
                0x0000000000002e14        0x8 /opt/devkitpro/libnx/lib/libnx.a(svc.o)
                0x0000000000002e14                svcSetMemoryAttribute
 .text.svcUnmapMemory
                0x0000000000002e1c        0x8 /opt/devkitpro/libnx/lib/libnx.a(svc.o)
                0x0000000000002e1c                svcUnmapMemory
 .text.svcQueryMemory
                0x0000000000002e24       0x14 /opt/devkitpro/libnx/lib/libnx.a(svc.o)
                0x0000000000002e24                svcQueryMemory
 .text.svcExitProcess
                0x0000000000002e38        0x8 /opt/devkitpro/libnx/lib/libnx.a(svc.o)
                0x0000000000002e38                svcExitProcess
 .text.svcSleepThread
                0x0000000000002e40        0x8 /opt/devkitpro/libnx/lib/libnx.a(svc.o)
                0x0000000000002e40                svcSleepThread
 .text.svcCloseHandle
                0x0000000000002e48        0x8 /opt/devkitpro/libnx/lib/libnx.a(svc.o)
                0x0000000000002e48                svcCloseHandle
 .text.svcArbitrateLock
                0x0000000000002e50        0x8 /opt/devkitpro/libnx/lib/libnx.a(svc.o)
                0x0000000000002e50                svcArbitrateLock
 .text.svcArbitrateUnlock
                0x0000000000002e58        0x8 /opt/devkitpro/libnx/lib/libnx.a(svc.o)
                0x0000000000002e58                svcArbitrateUnlock
 .text.svcWaitProcessWideKeyAtomic
                0x0000000000002e60        0x8 /opt/devkitpro/libnx/lib/libnx.a(svc.o)
                0x0000000000002e60                svcWaitProcessWideKeyAtomic
 .text.svcSignalProcessWideKey
                0x0000000000002e68        0x8 /opt/devkitpro/libnx/lib/libnx.a(svc.o)
                0x0000000000002e68                svcSignalProcessWideKey
 .text.svcConnectToNamedPort
                0x0000000000002e70       0x14 /opt/devkitpro/libnx/lib/libnx.a(svc.o)
                0x0000000000002e70                svcConnectToNamedPort
 .text.svcSendSyncRequest
                0x0000000000002e84        0x8 /opt/devkitpro/libnx/lib/libnx.a(svc.o)
                0x0000000000002e84                svcSendSyncRequest
 .text.svcBreak
                0x0000000000002e8c        0x8 /opt/devkitpro/libnx/lib/libnx.a(svc.o)
                0x0000000000002e8c                svcBreak
 .text.svcOutputDebugString
                0x0000000000002e94        0x8 /opt/devkitpro/libnx/lib/libnx.a(svc.o)
                0x0000000000002e94                svcOutputDebugString
 .text.svcReturnFromException
                0x0000000000002e9c        0x8 /opt/devkitpro/libnx/lib/libnx.a(svc.o)
                0x0000000000002e9c                svcReturnFromException
 .text.svcGetInfo
                0x0000000000002ea4       0x14 /opt/devkitpro/libnx/lib/libnx.a(svc.o)
                0x0000000000002ea4                svcGetInfo
 .text.__aarch64_read_tp
                0x0000000000002eb8        0xc /opt/devkitpro/libnx/lib/libnx.a(readtp.o)
                0x0000000000002eb8                __aarch64_read_tp
 *fill*         0x0000000000002ec4        0xc 
 .text.mutexLock
                0x0000000000002ed0       0xc8 /opt/devkitpro/libnx/lib/libnx.a(mutex.o)
                0x0000000000002ed0                mutexLock
 *fill*         0x0000000000002f98        0x8 
 .text.mutexUnlock
                0x0000000000002fa0       0x68 /opt/devkitpro/libnx/lib/libnx.a(mutex.o)
                0x0000000000002fa0                mutexUnlock
 *fill*         0x0000000000003008        0x8 
 .text.mutexIsLockedByCurrentThread
                0x0000000000003010       0x1c /opt/devkitpro/libnx/lib/libnx.a(mutex.o)
                0x0000000000003010                mutexIsLockedByCurrentThread
 *fill*         0x000000000000302c        0x4 
 .text.rmutexLock
                0x0000000000003030       0x50 /opt/devkitpro/libnx/lib/libnx.a(mutex.o)
                0x0000000000003030                rmutexLock
 .text.rmutexUnlock
                0x0000000000003080       0x18 /opt/devkitpro/libnx/lib/libnx.a(mutex.o)
                0x0000000000003080                rmutexUnlock
 *fill*         0x0000000000003098        0x8 
 .text.sessionmgrCreate
                0x00000000000030a0      0x184 /opt/devkitpro/libnx/lib/libnx.a(sessionmgr.o)
                0x00000000000030a0                sessionmgrCreate
 *fill*         0x0000000000003224        0xc 
 .text.sessionmgrClose
                0x0000000000003230       0x84 /opt/devkitpro/libnx/lib/libnx.a(sessionmgr.o)
                0x0000000000003230                sessionmgrClose
 *fill*         0x00000000000032b4        0xc 
 .text.sessionmgrAttachClient
                0x00000000000032c0       0xa8 /opt/devkitpro/libnx/lib/libnx.a(sessionmgr.o)
                0x00000000000032c0                sessionmgrAttachClient
 *fill*         0x0000000000003368        0x8 
 .text.sessionmgrDetachClient
                0x0000000000003370       0x60 /opt/devkitpro/libnx/lib/libnx.a(sessionmgr.o)
                0x0000000000003370                sessionmgrDetachClient
 .text.__libnx_alloc
                0x00000000000033d0        0x4 /opt/devkitpro/libnx/lib/libnx.a(alloc.o)
                0x00000000000033d0                __libnx_alloc
 *fill*         0x00000000000033d4        0xc 
 .text.__libnx_free
                0x00000000000033e0        0x4 /opt/devkitpro/libnx/lib/libnx.a(alloc.o)
                0x00000000000033e0                __libnx_free
 *fill*         0x00000000000033e4        0xc 
 .text.argvSetup
                0x00000000000033f0      0x314 /opt/devkitpro/libnx/lib/libnx.a(argv.o)
                0x00000000000033f0                argvSetup
 *fill*         0x0000000000003704        0xc 
 .text.__nx_dynamic
                0x0000000000003710      0x1fc /opt/devkitpro/libnx/lib/libnx.a(dynamic.o)
                0x0000000000003710                __nx_dynamic
 *fill*         0x000000000000390c        0x4 
 .text.envSetup
                0x0000000000003910      0x208 /opt/devkitpro/libnx/lib/libnx.a(env.o)
                0x0000000000003910                envSetup
 *fill*         0x0000000000003b18        0x8 
 .text.envGetMainThreadHandle
                0x0000000000003b20       0x20 /opt/devkitpro/libnx/lib/libnx.a(env.o)
                0x0000000000003b20                envGetMainThreadHandle
 .text.envIsNso
                0x0000000000003b40        0xc /opt/devkitpro/libnx/lib/libnx.a(env.o)
                0x0000000000003b40                envIsNso
 *fill*         0x0000000000003b4c        0x4 
 .text.envHasHeapOverride
                0x0000000000003b50       0x14 /opt/devkitpro/libnx/lib/libnx.a(env.o)
                0x0000000000003b50                envHasHeapOverride
 *fill*         0x0000000000003b64        0xc 
 .text.envGetHeapOverrideAddr
                0x0000000000003b70        0xc /opt/devkitpro/libnx/lib/libnx.a(env.o)
                0x0000000000003b70                envGetHeapOverrideAddr
 *fill*         0x0000000000003b7c        0x4 
 .text.envGetHeapOverrideSize
                0x0000000000003b80        0xc /opt/devkitpro/libnx/lib/libnx.a(env.o)
                0x0000000000003b80                envGetHeapOverrideSize
 *fill*         0x0000000000003b8c        0x4 
 .text.envHasArgv
                0x0000000000003b90       0x14 /opt/devkitpro/libnx/lib/libnx.a(env.o)
                0x0000000000003b90                envHasArgv
 *fill*         0x0000000000003ba4        0xc 
 .text.envGetArgv
                0x0000000000003bb0        0xc /opt/devkitpro/libnx/lib/libnx.a(env.o)
                0x0000000000003bb0                envGetArgv
 *fill*         0x0000000000003bbc        0x4 
 .text.envGetExitFuncPtr
                0x0000000000003bc0        0xc /opt/devkitpro/libnx/lib/libnx.a(env.o)
                0x0000000000003bc0                envGetExitFuncPtr
 *fill*         0x0000000000003bcc        0x4 
 .text.__libnx_initheap
                0x0000000000003bd0       0xd0 /opt/devkitpro/libnx/lib/libnx.a(init.o)
                0x0000000000003bd0                __libnx_initheap
 .text.__libnx_init
                0x0000000000003ca0       0x2c /opt/devkitpro/libnx/lib/libnx.a(init.o)
                0x0000000000003ca0                __libnx_init
 *fill*         0x0000000000003ccc        0x4 
 .text.__libnx_exit
                0x0000000000003cd0       0x1c /opt/devkitpro/libnx/lib/libnx.a(init.o)
                0x0000000000003cd0                __libnx_exit
 *fill*         0x0000000000003cec        0x4 
 .text.__syscall_exit
                0x0000000000003cf0       0x1c /opt/devkitpro/libnx/lib/libnx.a(newlib.o)
                0x0000000000003cf0                __syscall_exit
 *fill*         0x0000000000003d0c        0x4 
 .text.__syscall_getreent
                0x0000000000003d10       0x34 /opt/devkitpro/libnx/lib/libnx.a(newlib.o)
                0x0000000000003d10                __syscall_getreent
 *fill*         0x0000000000003d44        0xc 
 .text.__syscall_lock_acquire
                0x0000000000003d50        0x4 /opt/devkitpro/libnx/lib/libnx.a(newlib.o)
                0x0000000000003d50                __syscall_lock_acquire
 *fill*         0x0000000000003d54        0xc 
 .text.__syscall_lock_release
                0x0000000000003d60        0x4 /opt/devkitpro/libnx/lib/libnx.a(newlib.o)
                0x0000000000003d60                __syscall_lock_release
 *fill*         0x0000000000003d64        0xc 
 .text.__syscall_lock_acquire_recursive
                0x0000000000003d70        0x4 /opt/devkitpro/libnx/lib/libnx.a(newlib.o)
                0x0000000000003d70                __syscall_lock_acquire_recursive
 *fill*         0x0000000000003d74        0xc 
 .text.__syscall_lock_release_recursive
                0x0000000000003d80        0x4 /opt/devkitpro/libnx/lib/libnx.a(newlib.o)
                0x0000000000003d80                __syscall_lock_release_recursive
 *fill*         0x0000000000003d84        0xc 
 .text.__syscall_gettod_r
                0x0000000000003d90       0x88 /opt/devkitpro/libnx/lib/libnx.a(newlib.o)
                0x0000000000003d90                __syscall_gettod_r
 *fill*         0x0000000000003e18        0x8 
 .text.newlibSetup
                0x0000000000003e20       0x98 /opt/devkitpro/libnx/lib/libnx.a(newlib.o)
                0x0000000000003e20                newlibSetup
 *fill*         0x0000000000003eb8        0x8 
 .text.nxlinkSetup
                0x0000000000003ec0       0xe8 /opt/devkitpro/libnx/lib/libnx.a(nxlink.o)
                0x0000000000003ec0                nxlinkSetup
 *fill*         0x0000000000003fa8        0x8 
 .text.fsdevFindDevice.part.0
                0x0000000000003fb0       0xf8 /opt/devkitpro/libnx/lib/libnx.a(fs_dev.o)
 *fill*         0x00000000000040a8        0x8 
 .text.fsdev_fixpath
                0x00000000000040b0      0x1cc /opt/devkitpro/libnx/lib/libnx.a(fs_dev.o)
 *fill*         0x000000000000427c        0x4 
 .text.fsdevTranslatePath
                0x0000000000004280       0x84 /opt/devkitpro/libnx/lib/libnx.a(fs_dev.o)
                0x0000000000004280                fsdevTranslatePath
 *fill*         0x0000000000004304        0xc 
 .text.decode_utf8
                0x0000000000004310      0x128 /opt/devkitpro/libnx/lib/libnx.a(decode_utf8.o)
                0x0000000000004310                decode_utf8
 .text.__libnx_exception_entry
                0x0000000000004438      0x1c0 /opt/devkitpro/libnx/lib/libnx.a(exception.o)
                0x0000000000004438                __libnx_exception_entry
 .text.__libnx_exception_returnentry
                0x00000000000045f8       0x18 /opt/devkitpro/libnx/lib/libnx.a(exception.o)
                0x00000000000045f8                __libnx_exception_returnentry
 .text.condvarWaitTimeout
                0x0000000000004610       0x70 /opt/devkitpro/libnx/lib/libnx.a(condvar.o)
                0x0000000000004610                condvarWaitTimeout
 .text.__libnx_init_thread
                0x0000000000004680       0xb0 /opt/devkitpro/libnx/lib/libnx.a(thread.o)
                0x0000000000004680                __libnx_init_thread
 .text._memregionInitWithInfo
                0x0000000000004730       0x64 /opt/devkitpro/libnx/lib/libnx.a(virtmem.o)
 *fill*         0x0000000000004794        0xc 
 .text.virtmemSetup
                0x00000000000047a0      0x140 /opt/devkitpro/libnx/lib/libnx.a(virtmem.o)
                0x00000000000047a0                virtmemSetup
 .text.strncat  0x00000000000048e0       0xc4 /opt/devkitpro/devkitA64/lib/gcc/aarch64-none-elf/15.2.0/../../../../aarch64-none-elf/lib/pic/libg.a(libc_a-strncat.o)
                0x00000000000048e0                strncat
 *fill*         0x00000000000049a4       0x1c 
 .text          0x00000000000049c0       0xcc /opt/devkitpro/devkitA64/lib/gcc/aarch64-none-elf/15.2.0/../../../../aarch64-none-elf/lib/pic/libg.a(libc_a-strchr.o)
                0x00000000000049c0                strchr
 *fill*         0x0000000000004a8c       0x14 
 .text._fread_r
                0x0000000000004aa0      0x330 /opt/devkitpro/devkitA64/lib/gcc/aarch64-none-elf/15.2.0/../../../../aarch64-none-elf/lib/pic/libg.a(libc_a-fread.o)
                0x0000000000004aa0                _fread_r
 *fill*         0x0000000000004dd0       0x10 
 .text.fread    0x0000000000004de0       0x34 /opt/devkitpro/devkitA64/lib/gcc/aarch64-none-elf/15.2.0/../../../../aarch64-none-elf/lib/pic/libg.a(libc_a-fread.o)
                0x0000000000004de0                fread
 *fill*         0x0000000000004e14       0x2c 
 .text          0x0000000000004e40      0x22c /opt/devkitpro/devkitA64/lib/gcc/aarch64-none-elf/15.2.0/../../../../aarch64-none-elf/lib/pic/libg.a(libc_a-memcpy.o)
                0x0000000000004e40                memmove
                0x0000000000004e40                memcpy
 *fill*         0x000000000000506c       0x14 
 .text._fopen_r
                0x0000000000005080      0x120 /opt/devkitpro/devkitA64/lib/gcc/aarch64-none-elf/15.2.0/../../../../aarch64-none-elf/lib/pic/libg.a(libc_a-fopen.o)
                0x0000000000005080                _fopen_r
 .text.fopen    0x00000000000051a0       0x2c /opt/devkitpro/devkitA64/lib/gcc/aarch64-none-elf/15.2.0/../../../../aarch64-none-elf/lib/pic/libg.a(libc_a-fopen.o)
                0x00000000000051a0                fopen
 *fill*         0x00000000000051cc       0x34 
 .text          0x0000000000005200      0x104 /opt/devkitpro/devkitA64/lib/gcc/aarch64-none-elf/15.2.0/../../../../aarch64-none-elf/lib/pic/libg.a(libc_a-memset.o)
                0x0000000000005200                memset
 *fill*         0x0000000000005304       0x1c 
 .text.snprintf
                0x0000000000005320       0xf8 /opt/devkitpro/devkitA64/lib/gcc/aarch64-none-elf/15.2.0/../../../../aarch64-none-elf/lib/pic/libg.a(libc_a-snprintf.o)
                0x0000000000005320                snprintf
 *fill*         0x0000000000005418        0x8 
 .text._strtoul_l.isra.0
                0x0000000000005420      0x1a4 /opt/devkitpro/devkitA64/lib/gcc/aarch64-none-elf/15.2.0/../../../../aarch64-none-elf/lib/pic/libg.a(libc_a-strtoul.o)
 *fill*         0x00000000000055c4       0x1c 
 .text.strtoul  0x00000000000055e0       0x40 /opt/devkitpro/devkitA64/lib/gcc/aarch64-none-elf/15.2.0/../../../../aarch64-none-elf/lib/pic/libg.a(libc_a-strtoul.o)
                0x00000000000055e0                strtoul
 .text._memalign_r
                0x0000000000005620      0x18c /opt/devkitpro/devkitA64/lib/gcc/aarch64-none-elf/15.2.0/../../../../aarch64-none-elf/lib/pic/libg.a(libc_a-malignr.o)
                0x0000000000005620                _memalign_r
 *fill*         0x00000000000057ac       0x14 
 .text.__errno  0x00000000000057c0       0x14 /opt/devkitpro/devkitA64/lib/gcc/aarch64-none-elf/15.2.0/../../../../aarch64-none-elf/lib/pic/libg.a(libc_a-errno.o)
                0x00000000000057c0                __errno
 *fill*         0x00000000000057d4        0xc 
 .text.__swhatbuf_r
                0x00000000000057e0       0xb0 /opt/devkitpro/devkitA64/lib/gcc/aarch64-none-elf/15.2.0/../../../../aarch64-none-elf/lib/pic/libg.a(libc_a-makebuf.o)
                0x00000000000057e0                __swhatbuf_r
 *fill*         0x0000000000005890       0x10 
 .text.__smakebuf_r
                0x00000000000058a0       0xe8 /opt/devkitpro/devkitA64/lib/gcc/aarch64-none-elf/15.2.0/../../../../aarch64-none-elf/lib/pic/libg.a(libc_a-makebuf.o)
                0x00000000000058a0                __smakebuf_r
 *fill*         0x0000000000005988       0x38 
 .text          0x00000000000059c0      0x130 /opt/devkitpro/devkitA64/lib/gcc/aarch64-none-elf/15.2.0/../../../../aarch64-none-elf/lib/pic/libg.a(libc_a-strlen.o)
                0x00000000000059c0                strlen
 *fill*         0x0000000000005af0       0x10 
 .text          0x0000000000005b00      0x1b4 /opt/devkitpro/devkitA64/lib/gcc/aarch64-none-elf/15.2.0/../../../../aarch64-none-elf/lib/pic/libg.a(libc_a-strncmp.o)
                0x0000000000005b00                strncmp
 *fill*         0x0000000000005cb4        0xc 
 .text._malloc_r
                0x0000000000005cc0      0x840 /opt/devkitpro/devkitA64/lib/gcc/aarch64-none-elf/15.2.0/../../../../aarch64-none-elf/lib/pic/libg.a(libc_a-mallocr.o)
                0x0000000000005cc0                _malloc_r
 .text          0x0000000000006500      0x1c8 /opt/devkitpro/devkitA64/lib/gcc/aarch64-none-elf/15.2.0/../../../../aarch64-none-elf/lib/pic/libg.a(libc_a-memcmp.o)
                0x0000000000006500                memcmp
 *fill*         0x00000000000066c8       0x18 
 .text._malloc_trim_r
                0x00000000000066e0      0x11c /opt/devkitpro/devkitA64/lib/gcc/aarch64-none-elf/15.2.0/../../../../aarch64-none-elf/lib/pic/libg.a(libc_a-freer.o)
                0x00000000000066e0                _malloc_trim_r
 *fill*         0x00000000000067fc        0x4 
 .text._free_r  0x0000000000006800      0x2d8 /opt/devkitpro/devkitA64/lib/gcc/aarch64-none-elf/15.2.0/../../../../aarch64-none-elf/lib/pic/libg.a(libc_a-freer.o)
                0x0000000000006800                _free_r
 *fill*         0x0000000000006ad8        0x8 
 .text.stdio_exit_handler
                0x0000000000006ae0       0x1c /opt/devkitpro/devkitA64/lib/gcc/aarch64-none-elf/15.2.0/../../../../aarch64-none-elf/lib/pic/libg.a(libc_a-findfp.o)
 *fill*         0x0000000000006afc        0x4 
 .text.cleanup_stdio
                0x0000000000006b00       0x6c /opt/devkitpro/devkitA64/lib/gcc/aarch64-none-elf/15.2.0/../../../../aarch64-none-elf/lib/pic/libg.a(libc_a-findfp.o)
 *fill*         0x0000000000006b6c       0x14 
 .text.global_stdio_init.part.0
                0x0000000000006b80      0x128 /opt/devkitpro/devkitA64/lib/gcc/aarch64-none-elf/15.2.0/../../../../aarch64-none-elf/lib/pic/libg.a(libc_a-findfp.o)
 *fill*         0x0000000000006ca8       0x18 
 .text.__sfp_lock_acquire
                0x0000000000006cc0        0xc /opt/devkitpro/devkitA64/lib/gcc/aarch64-none-elf/15.2.0/../../../../aarch64-none-elf/lib/pic/libg.a(libc_a-findfp.o)
                0x0000000000006cc0                __sfp_lock_acquire
 *fill*         0x0000000000006ccc       0x14 
 .text.__sfp_lock_release
                0x0000000000006ce0        0xc /opt/devkitpro/devkitA64/lib/gcc/aarch64-none-elf/15.2.0/../../../../aarch64-none-elf/lib/pic/libg.a(libc_a-findfp.o)
                0x0000000000006ce0                __sfp_lock_release
 *fill*         0x0000000000006cec       0x14 
 .text.__sfp    0x0000000000006d00      0x130 /opt/devkitpro/devkitA64/lib/gcc/aarch64-none-elf/15.2.0/../../../../aarch64-none-elf/lib/pic/libg.a(libc_a-findfp.o)
                0x0000000000006d00                __sfp
 *fill*         0x0000000000006e30       0x10 
 .text.__sinit  0x0000000000006e40       0x54 /opt/devkitpro/devkitA64/lib/gcc/aarch64-none-elf/15.2.0/../../../../aarch64-none-elf/lib/pic/libg.a(libc_a-findfp.o)
                0x0000000000006e40                __sinit
 *fill*         0x0000000000006e94        0xc 
 .text.__libc_init_array
                0x0000000000006ea0       0xa4 /opt/devkitpro/devkitA64/lib/gcc/aarch64-none-elf/15.2.0/../../../../aarch64-none-elf/lib/pic/libg.a(libc_a-init.o)
                0x0000000000006ea0                __libc_init_array
 *fill*         0x0000000000006f44       0x1c 
 .text.strncpy  0x0000000000006f60       0xac /opt/devkitpro/devkitA64/lib/gcc/aarch64-none-elf/15.2.0/../../../../aarch64-none-elf/lib/pic/libg.a(libc_a-strncpy.o)
                0x0000000000006f60                strncpy
 *fill*         0x000000000000700c       0x14 
 .text._fseek_r
                0x0000000000007020        0x4 /opt/devkitpro/devkitA64/lib/gcc/aarch64-none-elf/15.2.0/../../../../aarch64-none-elf/lib/pic/libg.a(libc_a-fseek.o)
                0x0000000000007020                _fseek_r
 *fill*         0x0000000000007024       0x1c 
 .text.malloc   0x0000000000007040       0x38 /opt/devkitpro/devkitA64/lib/gcc/aarch64-none-elf/15.2.0/../../../../aarch64-none-elf/lib/pic/libg.a(libc_a-malloc.o)
                0x0000000000007040                malloc
 *fill*         0x0000000000007078        0x8 
 .text.free     0x0000000000007080       0x1c /opt/devkitpro/devkitA64/lib/gcc/aarch64-none-elf/15.2.0/../../../../aarch64-none-elf/lib/pic/libg.a(libc_a-malloc.o)
                0x0000000000007080                free
 *fill*         0x000000000000709c        0x4 
 .text.__sread  0x00000000000070a0       0x4c /opt/devkitpro/devkitA64/lib/gcc/aarch64-none-elf/15.2.0/../../../../aarch64-none-elf/lib/pic/libg.a(libc_a-stdio.o)
                0x00000000000070a0                __sread
 *fill*         0x00000000000070ec       0x14 
 .text.__swrite
                0x0000000000007100       0x70 /opt/devkitpro/devkitA64/lib/gcc/aarch64-none-elf/15.2.0/../../../../aarch64-none-elf/lib/pic/libg.a(libc_a-stdio.o)
                0x0000000000007100                __swrite
 *fill*         0x0000000000007170       0x10 
 .text.__sseek  0x0000000000007180       0x50 /opt/devkitpro/devkitA64/lib/gcc/aarch64-none-elf/15.2.0/../../../../aarch64-none-elf/lib/pic/libg.a(libc_a-stdio.o)
                0x0000000000007180                __sseek
 *fill*         0x00000000000071d0       0x10 
 .text.__sclose
                0x00000000000071e0        0x8 /opt/devkitpro/devkitA64/lib/gcc/aarch64-none-elf/15.2.0/../../../../aarch64-none-elf/lib/pic/libg.a(libc_a-stdio.o)
                0x00000000000071e0                __sclose
 *fill*         0x00000000000071e8       0x18 
 .text.__malloc_lock
                0x0000000000007200        0xc /opt/devkitpro/devkitA64/lib/gcc/aarch64-none-elf/15.2.0/../../../../aarch64-none-elf/lib/pic/libg.a(libc_a-mlock.o)
                0x0000000000007200                __malloc_lock
 *fill*         0x000000000000720c       0x14 
 .text.__malloc_unlock
                0x0000000000007220        0xc /opt/devkitpro/devkitA64/lib/gcc/aarch64-none-elf/15.2.0/../../../../aarch64-none-elf/lib/pic/libg.a(libc_a-mlock.o)
                0x0000000000007220                __malloc_unlock
 *fill*         0x000000000000722c       0x14 
 .text._fseeko_r
                0x0000000000007240      0x4c0 /opt/devkitpro/devkitA64/lib/gcc/aarch64-none-elf/15.2.0/../../../../aarch64-none-elf/lib/pic/libg.a(libc_a-fseeko.o)
                0x0000000000007240                _fseeko_r
 .text._fclose_r
                0x0000000000007700      0x130 /opt/devkitpro/devkitA64/lib/gcc/aarch64-none-elf/15.2.0/../../../../aarch64-none-elf/lib/pic/libg.a(libc_a-fclose.o)
                0x0000000000007700                _fclose_r
 *fill*         0x0000000000007830       0x10 
 .text.fclose   0x0000000000007840       0x1c /opt/devkitpro/devkitA64/lib/gcc/aarch64-none-elf/15.2.0/../../../../aarch64-none-elf/lib/pic/libg.a(libc_a-fclose.o)
                0x0000000000007840                fclose
 *fill*         0x000000000000785c        0x4 
 .text.time     0x0000000000007860       0x48 /opt/devkitpro/devkitA64/lib/gcc/aarch64-none-elf/15.2.0/../../../../aarch64-none-elf/lib/pic/libg.a(libc_a-time.o)
                0x0000000000007860                time
 *fill*         0x00000000000078a8       0x18 
 .text.__call_exitprocs
                0x00000000000078c0        0x4 /opt/devkitpro/devkitA64/lib/gcc/aarch64-none-elf/15.2.0/../../../../aarch64-none-elf/lib/pic/libg.a(libc_a-exit.o)
                0x00000000000078c0                __call_exitprocs
 .text.get_arg  0x00000000000078c4      0x790 /opt/devkitpro/devkitA64/lib/gcc/aarch64-none-elf/15.2.0/../../../../aarch64-none-elf/lib/pic/libg.a(libc_a-svfprintf.o)
 .text._svfprintf_r
                0x0000000000008054     0x3a84 /opt/devkitpro/devkitA64/lib/gcc/aarch64-none-elf/15.2.0/../../../../aarch64-none-elf/lib/pic/libg.a(libc_a-svfprintf.o)
                0x0000000000008054                _svfprintf_r
 *fill*         0x000000000000bad8        0x8 
 .text.__sflags
                0x000000000000bae0       0xb8 /opt/devkitpro/devkitA64/lib/gcc/aarch64-none-elf/15.2.0/../../../../aarch64-none-elf/lib/pic/libg.a(libc_a-flags.o)
                0x000000000000bae0                __sflags
 *fill*         0x000000000000bb98       0x28 
 .text          0x000000000000bbc0      0x134 /opt/devkitpro/devkitA64/lib/gcc/aarch64-none-elf/15.2.0/../../../../aarch64-none-elf/lib/pic/libg.a(libc_a-strcmp.o)
                0x000000000000bbc0                strcmp
 *fill*         0x000000000000bcf4        0xc 
 .text.__libc_fini_array
                0x000000000000bd00       0x44 /opt/devkitpro/devkitA64/lib/gcc/aarch64-none-elf/15.2.0/../../../../aarch64-none-elf/lib/pic/libg.a(libc_a-fini.o)
                0x000000000000bd00                __libc_fini_array
 *fill*         0x000000000000bd44       0x3c 
 .text          0x000000000000bd80       0xdc /opt/devkitpro/devkitA64/lib/gcc/aarch64-none-elf/15.2.0/../../../../aarch64-none-elf/lib/pic/libg.a(libc_a-memchr.o)
                0x000000000000bd80                memchr
 *fill*         0x000000000000be5c        0x4 
 .text.lflush   0x000000000000be60       0x38 /opt/devkitpro/devkitA64/lib/gcc/aarch64-none-elf/15.2.0/../../../../aarch64-none-elf/lib/pic/libg.a(libc_a-refill.o)
 *fill*         0x000000000000be98        0x8 
 .text.__srefill_r
                0x000000000000bea0      0x190 /opt/devkitpro/devkitA64/lib/gcc/aarch64-none-elf/15.2.0/../../../../aarch64-none-elf/lib/pic/libg.a(libc_a-refill.o)
                0x000000000000bea0                __srefill_r
 *fill*         0x000000000000c030       0x10 
 .text.frexp    0x000000000000c040       0x7c /opt/devkitpro/devkitA64/lib/gcc/aarch64-none-elf/15.2.0/../../../../aarch64-none-elf/lib/pic/libg.a(libm_a-s_frexp.o)
                0x000000000000c040                frexp
 *fill*         0x000000000000c0bc        0x4 
 .text._fwalk_sglue
                0x000000000000c0c0       0x98 /opt/devkitpro/devkitA64/lib/gcc/aarch64-none-elf/15.2.0/../../../../aarch64-none-elf/lib/pic/libg.a(libc_a-fwalk.o)
                0x000000000000c0c0                _fwalk_sglue
 *fill*         0x000000000000c158        0x8 
 .text._wcrtomb_r
                0x000000000000c160       0xd0 /opt/devkitpro/devkitA64/lib/gcc/aarch64-none-elf/15.2.0/../../../../aarch64-none-elf/lib/pic/libg.a(libc_a-wcrtomb.o)
                0x000000000000c160                _wcrtomb_r
 *fill*         0x000000000000c230       0x10 
 .text.__ssprint_r
                0x000000000000c240       0xc8 /opt/devkitpro/devkitA64/lib/gcc/aarch64-none-elf/15.2.0/../../../../aarch64-none-elf/lib/pic/libg.a(libc_a-ssprint_r.o)
                0x000000000000c240                __ssprint_r
 *fill*         0x000000000000c308       0x18 
 .text.__locale_mb_cur_max
                0x000000000000c320       0x2c /opt/devkitpro/devkitA64/lib/gcc/aarch64-none-elf/15.2.0/../../../../aarch64-none-elf/lib/pic/libg.a(libc_a-locale.o)
                0x000000000000c320                __locale_mb_cur_max
 *fill*         0x000000000000c34c       0x14 
 .text.__sflush_r
                0x000000000000c360      0x1ec /opt/devkitpro/devkitA64/lib/gcc/aarch64-none-elf/15.2.0/../../../../aarch64-none-elf/lib/pic/libg.a(libc_a-fflush.o)
                0x000000000000c360                __sflush_r
 *fill*         0x000000000000c54c       0x14 
 .text._fflush_r
                0x000000000000c560       0xbc /opt/devkitpro/devkitA64/lib/gcc/aarch64-none-elf/15.2.0/../../../../aarch64-none-elf/lib/pic/libg.a(libc_a-fflush.o)
                0x000000000000c560                _fflush_r
 *fill*         0x000000000000c61c        0x4 
 .text.quorem   0x000000000000c620      0x1a4 /opt/devkitpro/devkitA64/lib/gcc/aarch64-none-elf/15.2.0/../../../../aarch64-none-elf/lib/pic/libg.a(libc_a-dtoa.o)
 *fill*         0x000000000000c7c4       0x1c 
 .text._dtoa_r  0x000000000000c7e0     0x12f0 /opt/devkitpro/devkitA64/lib/gcc/aarch64-none-elf/15.2.0/../../../../aarch64-none-elf/lib/pic/libg.a(libc_a-dtoa.o)
                0x000000000000c7e0                _dtoa_r
 *fill*         0x000000000000dad0       0x10 
 .text._wcsrtombs_r
                0x000000000000dae0       0x10 /opt/devkitpro/devkitA64/lib/gcc/aarch64-none-elf/15.2.0/../../../../aarch64-none-elf/lib/pic/libg.a(libc_a-wcsrtombs.o)
                0x000000000000dae0                _wcsrtombs_r
 *fill*         0x000000000000daf0       0x10 
 .text.__localeconv_l
                0x000000000000db00        0x8 /opt/devkitpro/devkitA64/lib/gcc/aarch64-none-elf/15.2.0/../../../../aarch64-none-elf/lib/pic/libg.a(libc_a-localeconv.o)
                0x000000000000db00                __localeconv_l
 *fill*         0x000000000000db08       0x18 
 .text._localeconv_r
                0x000000000000db20       0x28 /opt/devkitpro/devkitA64/lib/gcc/aarch64-none-elf/15.2.0/../../../../aarch64-none-elf/lib/pic/libg.a(libc_a-localeconv.o)
                0x000000000000db20                _localeconv_r
 *fill*         0x000000000000db48       0x18 
 .text._realloc_r
                0x000000000000db60      0x568 /opt/devkitpro/devkitA64/lib/gcc/aarch64-none-elf/15.2.0/../../../../aarch64-none-elf/lib/pic/libg.a(libc_a-reallocr.o)
                0x000000000000db60                _realloc_r
 *fill*         0x000000000000e0c8       0x18 
 .text.__ssputs_r
                0x000000000000e0e0      0x188 /opt/devkitpro/devkitA64/lib/gcc/aarch64-none-elf/15.2.0/../../../../aarch64-none-elf/lib/pic/libg.a(libc_a-ssputs_r.o)
                0x000000000000e0e0                __ssputs_r
 *fill*         0x000000000000e268       0x18 
 .text.__utf8_wctomb
                0x000000000000e280       0xe0 /opt/devkitpro/devkitA64/lib/gcc/aarch64-none-elf/15.2.0/../../../../aarch64-none-elf/lib/pic/libg.a(libc_a-wctomb_r.o)
                0x000000000000e280                __utf8_wctomb
 .text._wcsnrtombs_l
                0x000000000000e360      0x188 /opt/devkitpro/devkitA64/lib/gcc/aarch64-none-elf/15.2.0/../../../../aarch64-none-elf/lib/pic/libg.a(libc_a-wcsnrtombs.o)
                0x000000000000e360                _wcsnrtombs_l
 *fill*         0x000000000000e4e8       0x18 
 .text._wcsnrtombs_r
                0x000000000000e500       0x54 /opt/devkitpro/devkitA64/lib/gcc/aarch64-none-elf/15.2.0/../../../../aarch64-none-elf/lib/pic/libg.a(libc_a-wcsnrtombs.o)
                0x000000000000e500                _wcsnrtombs_r
 *fill*         0x000000000000e554        0xc 
 .text.__assert_func
                0x000000000000e560       0x64 /opt/devkitpro/devkitA64/lib/gcc/aarch64-none-elf/15.2.0/../../../../aarch64-none-elf/lib/pic/libg.a(libc_a-assert.o)
                0x000000000000e560                __assert_func
 *fill*         0x000000000000e5c4       0x1c 
 .text._Balloc  0x000000000000e5e0       0xa4 /opt/devkitpro/devkitA64/lib/gcc/aarch64-none-elf/15.2.0/../../../../aarch64-none-elf/lib/pic/libg.a(libc_a-mprec.o)
                0x000000000000e5e0                _Balloc
 *fill*         0x000000000000e684       0x1c 
 .text._Bfree   0x000000000000e6a0       0x20 /opt/devkitpro/devkitA64/lib/gcc/aarch64-none-elf/15.2.0/../../../../aarch64-none-elf/lib/pic/libg.a(libc_a-mprec.o)
                0x000000000000e6a0                _Bfree
 .text.__multadd
                0x000000000000e6c0      0x118 /opt/devkitpro/devkitA64/lib/gcc/aarch64-none-elf/15.2.0/../../../../aarch64-none-elf/lib/pic/libg.a(libc_a-mprec.o)
                0x000000000000e6c0                __multadd
 *fill*         0x000000000000e7d8        0x8 
 .text.__hi0bits
                0x000000000000e7e0       0x94 /opt/devkitpro/devkitA64/lib/gcc/aarch64-none-elf/15.2.0/../../../../aarch64-none-elf/lib/pic/libg.a(libc_a-mprec.o)
                0x000000000000e7e0                __hi0bits
 *fill*         0x000000000000e874        0xc 
 .text.__lo0bits
                0x000000000000e880      0x100 /opt/devkitpro/devkitA64/lib/gcc/aarch64-none-elf/15.2.0/../../../../aarch64-none-elf/lib/pic/libg.a(libc_a-mprec.o)
                0x000000000000e880                __lo0bits
 .text.__i2b    0x000000000000e980       0x4c /opt/devkitpro/devkitA64/lib/gcc/aarch64-none-elf/15.2.0/../../../../aarch64-none-elf/lib/pic/libg.a(libc_a-mprec.o)
                0x000000000000e980                __i2b
 *fill*         0x000000000000e9cc       0x14 
 .text.__multiply
                0x000000000000e9e0      0x210 /opt/devkitpro/devkitA64/lib/gcc/aarch64-none-elf/15.2.0/../../../../aarch64-none-elf/lib/pic/libg.a(libc_a-mprec.o)
                0x000000000000e9e0                __multiply
 *fill*         0x000000000000ebf0       0x10 
 .text.__pow5mult
                0x000000000000ec00      0x104 /opt/devkitpro/devkitA64/lib/gcc/aarch64-none-elf/15.2.0/../../../../aarch64-none-elf/lib/pic/libg.a(libc_a-mprec.o)
                0x000000000000ec00                __pow5mult
 *fill*         0x000000000000ed04       0x1c 
 .text.__lshift
                0x000000000000ed20      0x174 /opt/devkitpro/devkitA64/lib/gcc/aarch64-none-elf/15.2.0/../../../../aarch64-none-elf/lib/pic/libg.a(libc_a-mprec.o)
                0x000000000000ed20                __lshift
 *fill*         0x000000000000ee94        0xc 
 .text.__mcmp   0x000000000000eea0       0x50 /opt/devkitpro/devkitA64/lib/gcc/aarch64-none-elf/15.2.0/../../../../aarch64-none-elf/lib/pic/libg.a(libc_a-mprec.o)
                0x000000000000eea0                __mcmp
 *fill*         0x000000000000eef0       0x10 
 .text.__mdiff  0x000000000000ef00      0x1c4 /opt/devkitpro/devkitA64/lib/gcc/aarch64-none-elf/15.2.0/../../../../aarch64-none-elf/lib/pic/libg.a(libc_a-mprec.o)
                0x000000000000ef00                __mdiff
 *fill*         0x000000000000f0c4       0x1c 
 .text.__d2b    0x000000000000f0e0      0x14c /opt/devkitpro/devkitA64/lib/gcc/aarch64-none-elf/15.2.0/../../../../aarch64-none-elf/lib/pic/libg.a(libc_a-mprec.o)
                0x000000000000f0e0                __d2b
 *fill*         0x000000000000f22c       0x14 
 .text.__utf8_mbtowc
                0x000000000000f240      0x2dc /opt/devkitpro/devkitA64/lib/gcc/aarch64-none-elf/15.2.0/../../../../aarch64-none-elf/lib/pic/libg.a(libc_a-mbtowc_r.o)
                0x000000000000f240                __utf8_mbtowc
 *fill*         0x000000000000f51c        0x4 
 .text.fiprintf
                0x000000000000f520       0x80 /opt/devkitpro/devkitA64/lib/gcc/aarch64-none-elf/15.2.0/../../../../aarch64-none-elf/lib/pic/libg.a(libc_a-fiprintf.o)
                0x000000000000f520                fiprintf
 .text.abort    0x000000000000f5a0       0x18 /opt/devkitpro/devkitA64/lib/gcc/aarch64-none-elf/15.2.0/../../../../aarch64-none-elf/lib/pic/libg.a(libc_a-abort.o)
                0x000000000000f5a0                abort
 *fill*         0x000000000000f5b8        0x8 
 .text._calloc_r
                0x000000000000f5c0       0xbc /opt/devkitpro/devkitA64/lib/gcc/aarch64-none-elf/15.2.0/../../../../aarch64-none-elf/lib/pic/libg.a(libc_a-callocr.o)
                0x000000000000f5c0                _calloc_r
 .text.get_arg  0x000000000000f67c      0x790 /opt/devkitpro/devkitA64/lib/gcc/aarch64-none-elf/15.2.0/../../../../aarch64-none-elf/lib/pic/libg.a(libc_a-vfiprintf.o)
 .text._vfiprintf_r
                0x000000000000fe0c     0x2964 /opt/devkitpro/devkitA64/lib/gcc/aarch64-none-elf/15.2.0/../../../../aarch64-none-elf/lib/pic/libg.a(libc_a-vfiprintf.o)
                0x000000000000fe0c                _vfiprintf_r
 .text.__sbprintf
                0x0000000000012770       0xcc /opt/devkitpro/devkitA64/lib/gcc/aarch64-none-elf/15.2.0/../../../../aarch64-none-elf/lib/pic/libg.a(libc_a-vfiprintf.o)
 *fill*         0x000000000001283c        0x4 
 .text._raise_r
                0x0000000000012840       0x9c /opt/devkitpro/devkitA64/lib/gcc/aarch64-none-elf/15.2.0/../../../../aarch64-none-elf/lib/pic/libg.a(libc_a-signal.o)
                0x0000000000012840                _raise_r
 *fill*         0x00000000000128dc        0x4 
 .text.raise    0x00000000000128e0       0x1c /opt/devkitpro/devkitA64/lib/gcc/aarch64-none-elf/15.2.0/../../../../aarch64-none-elf/lib/pic/libg.a(libc_a-signal.o)
                0x00000000000128e0                raise
 *fill*         0x00000000000128fc        0x4 
 .text.__sprint_r
                0x0000000000012900       0x38 /opt/devkitpro/devkitA64/lib/gcc/aarch64-none-elf/15.2.0/../../../../aarch64-none-elf/lib/pic/libg.a(libc_a-sprint_r.o)
                0x0000000000012900                __sprint_r
 *fill*         0x0000000000012938        0x8 
 .text.__swsetup_r
                0x0000000000012940      0x12c /opt/devkitpro/devkitA64/lib/gcc/aarch64-none-elf/15.2.0/../../../../aarch64-none-elf/lib/pic/libg.a(libc_a-wsetup.o)
                0x0000000000012940                __swsetup_r
 *fill*         0x0000000000012a6c       0x14 
 .text.__sfvwrite_r
                0x0000000000012a80      0x4a4 /opt/devkitpro/devkitA64/lib/gcc/aarch64-none-elf/15.2.0/../../../../aarch64-none-elf/lib/pic/libg.a(libc_a-fvwrite.o)
                0x0000000000012a80                __sfvwrite_r
 *fill*         0x0000000000012f24       0x1c 
 .text._exit    0x0000000000012f40       0x20 /opt/devkitpro/devkitA64/lib/gcc/aarch64-none-elf/15.2.0/../../../../aarch64-none-elf/lib/pic/libsysbase.a(libsysbase_libsysbase_a-_exit.o)
                0x0000000000012f40                _exit
 .text._fstat_r
                0x0000000000012f60       0x9c /opt/devkitpro/devkitA64/lib/gcc/aarch64-none-elf/15.2.0/../../../../aarch64-none-elf/lib/pic/libsysbase.a(libsysbase_libsysbase_a-fstat.o)
                0x0000000000012f60                _fstat_r
 *fill*         0x0000000000012ffc        0x4 
 .text._getpid_r
                0x0000000000013000       0x10 /opt/devkitpro/devkitA64/lib/gcc/aarch64-none-elf/15.2.0/../../../../aarch64-none-elf/lib/pic/libsysbase.a(libsysbase_libsysbase_a-getpid.o)
                0x0000000000013000                _getpid_r
 *fill*         0x0000000000013010       0x10 
 .text.__getreent
                0x0000000000013020       0x20 /opt/devkitpro/devkitA64/lib/gcc/aarch64-none-elf/15.2.0/../../../../aarch64-none-elf/lib/pic/libsysbase.a(libsysbase_libsysbase_a-getreent.o)
                0x0000000000013020                __getreent
 .text._gettimeofday_r
                0x0000000000013040       0x24 /opt/devkitpro/devkitA64/lib/gcc/aarch64-none-elf/15.2.0/../../../../aarch64-none-elf/lib/pic/libsysbase.a(libsysbase_libsysbase_a-gettod.o)
                0x0000000000013040                _gettimeofday_r
 *fill*         0x0000000000013064       0x1c 
 .text.__release_handle
                0x0000000000013080       0xa0 /opt/devkitpro/devkitA64/lib/gcc/aarch64-none-elf/15.2.0/../../../../aarch64-none-elf/lib/pic/libsysbase.a(libsysbase_libsysbase_a-handle_manager.o)
                0x0000000000013080                __release_handle
 .text.__alloc_handle
                0x0000000000013120      0x130 /opt/devkitpro/devkitA64/lib/gcc/aarch64-none-elf/15.2.0/../../../../aarch64-none-elf/lib/pic/libsysbase.a(libsysbase_libsysbase_a-handle_manager.o)
                0x0000000000013120                __alloc_handle
 *fill*         0x0000000000013250       0x10 
 .text.__get_handle
                0x0000000000013260       0x60 /opt/devkitpro/devkitA64/lib/gcc/aarch64-none-elf/15.2.0/../../../../aarch64-none-elf/lib/pic/libsysbase.a(libsysbase_libsysbase_a-handle_manager.o)
                0x0000000000013260                __get_handle
 .text._close_r
                0x00000000000132c0       0xf4 /opt/devkitpro/devkitA64/lib/gcc/aarch64-none-elf/15.2.0/../../../../aarch64-none-elf/lib/pic/libsysbase.a(libsysbase_libsysbase_a-handle_manager.o)
                0x00000000000132c0                _close_r
 *fill*         0x00000000000133b4        0xc 
 .text.null_write
                0x00000000000133c0        0x8 /opt/devkitpro/devkitA64/lib/gcc/aarch64-none-elf/15.2.0/../../../../aarch64-none-elf/lib/pic/libsysbase.a(libsysbase_libsysbase_a-iosupport.o)
 *fill*         0x00000000000133c8       0x18 
 .text.FindDevice
                0x00000000000133e0       0xb8 /opt/devkitpro/devkitA64/lib/gcc/aarch64-none-elf/15.2.0/../../../../aarch64-none-elf/lib/pic/libsysbase.a(libsysbase_libsysbase_a-iosupport.o)
                0x00000000000133e0                FindDevice
 *fill*         0x0000000000013498        0x8 
 .text.RemoveDevice
                0x00000000000134a0       0x2c /opt/devkitpro/devkitA64/lib/gcc/aarch64-none-elf/15.2.0/../../../../aarch64-none-elf/lib/pic/libsysbase.a(libsysbase_libsysbase_a-iosupport.o)
                0x00000000000134a0                RemoveDevice
 *fill*         0x00000000000134cc       0x14 
 .text.AddDevice
                0x00000000000134e0       0xa4 /opt/devkitpro/devkitA64/lib/gcc/aarch64-none-elf/15.2.0/../../../../aarch64-none-elf/lib/pic/libsysbase.a(libsysbase_libsysbase_a-iosupport.o)
                0x00000000000134e0                AddDevice
 *fill*         0x0000000000013584       0x1c 
 .text._isatty_r
                0x00000000000135a0        0x8 /opt/devkitpro/devkitA64/lib/gcc/aarch64-none-elf/15.2.0/../../../../aarch64-none-elf/lib/pic/libsysbase.a(libsysbase_libsysbase_a-isatty.o)
                0x00000000000135a0                _isatty_r
 *fill*         0x00000000000135a8       0x18 
 .text._kill_r  0x00000000000135c0       0x10 /opt/devkitpro/devkitA64/lib/gcc/aarch64-none-elf/15.2.0/../../../../aarch64-none-elf/lib/pic/libsysbase.a(libsysbase_libsysbase_a-kill.o)
                0x00000000000135c0                _kill_r
 *fill*         0x00000000000135d0       0x10 
 .text._lseek_r
                0x00000000000135e0       0xa0 /opt/devkitpro/devkitA64/lib/gcc/aarch64-none-elf/15.2.0/../../../../aarch64-none-elf/lib/pic/libsysbase.a(libsysbase_libsysbase_a-lseek.o)
                0x00000000000135e0                _lseek_r
 .text._open_r  0x0000000000013680       0xf0 /opt/devkitpro/devkitA64/lib/gcc/aarch64-none-elf/15.2.0/../../../../aarch64-none-elf/lib/pic/libsysbase.a(libsysbase_libsysbase_a-open.o)
                0x0000000000013680                _open_r
 *fill*         0x0000000000013770       0x10 
 .text._read_r  0x0000000000013780       0xb0 /opt/devkitpro/devkitA64/lib/gcc/aarch64-none-elf/15.2.0/../../../../aarch64-none-elf/lib/pic/libsysbase.a(libsysbase_libsysbase_a-read.o)
                0x0000000000013780                _read_r
 *fill*         0x0000000000013830       0x10 
 .text._sbrk_r  0x0000000000013840       0x78 /opt/devkitpro/devkitA64/lib/gcc/aarch64-none-elf/15.2.0/../../../../aarch64-none-elf/lib/pic/libsysbase.a(libsysbase_libsysbase_a-sbrk.o)
                0x0000000000013840                _sbrk_r
 *fill*         0x00000000000138b8        0x8 
 .text.__libc_lock_acquire
                0x00000000000138c0       0x14 /opt/devkitpro/devkitA64/lib/gcc/aarch64-none-elf/15.2.0/../../../../aarch64-none-elf/lib/pic/libsysbase.a(libsysbase_libsysbase_a-syscall_support.o)
                0x00000000000138c0                __libc_lock_acquire
 *fill*         0x00000000000138d4        0xc 
 .text.__libc_lock_release
                0x00000000000138e0       0x14 /opt/devkitpro/devkitA64/lib/gcc/aarch64-none-elf/15.2.0/../../../../aarch64-none-elf/lib/pic/libsysbase.a(libsysbase_libsysbase_a-syscall_support.o)
                0x00000000000138e0                __libc_lock_release
 *fill*         0x00000000000138f4        0xc 
 .text.__libc_lock_acquire_recursive
                0x0000000000013900       0x14 /opt/devkitpro/devkitA64/lib/gcc/aarch64-none-elf/15.2.0/../../../../aarch64-none-elf/lib/pic/libsysbase.a(libsysbase_libsysbase_a-syscall_support.o)
                0x0000000000013900                __libc_lock_acquire_recursive
 *fill*         0x0000000000013914        0xc 
 .text.__libc_lock_release_recursive
                0x0000000000013920       0x14 /opt/devkitpro/devkitA64/lib/gcc/aarch64-none-elf/15.2.0/../../../../aarch64-none-elf/lib/pic/libsysbase.a(libsysbase_libsysbase_a-syscall_support.o)
                0x0000000000013920                __libc_lock_release_recursive
 *fill*         0x0000000000013934        0xc 
 .text._write_r
                0x0000000000013940       0xb0 /opt/devkitpro/devkitA64/lib/gcc/aarch64-none-elf/15.2.0/../../../../aarch64-none-elf/lib/pic/libsysbase.a(libsysbase_libsysbase_a-write.o)
                0x0000000000013940                _write_r
 *fill*         0x00000000000139f0       0x10 
 .text.__trunctfdf2
                0x0000000000013a00      0x380 /opt/devkitpro/devkitA64/lib/gcc/aarch64-none-elf/15.2.0/pic/libgcc.a(trunctfdf2.o)
                0x0000000000013a00                __trunctfdf2
 .text.__sfp_handle_exceptions
                0x0000000000013d80       0x70 /opt/devkitpro/devkitA64/lib/gcc/aarch64-none-elf/15.2.0/pic/libgcc.a(sfp-exceptions.o)
                0x0000000000013d80                __sfp_handle_exceptions
                0x0000000000013df0                . = ALIGN (0x8)

.init           0x0000000000013df0       0x38
 *(.init)
 .init          0x0000000000013df0       0x18 /opt/devkitpro/devkitA64/lib/gcc/aarch64-none-elf/15.2.0/pic/crti.o
                0x0000000000013df0                _init
 .init          0x0000000000013e08       0x1c /opt/devkitpro/devkitA64/lib/gcc/aarch64-none-elf/15.2.0/pic/crtn.o
                0x0000000000013e28                . = ALIGN (0x8)
 *fill*         0x0000000000013e24        0x4 

.plt            0x0000000000013e28        0x0
 *(.plt)
 .plt           0x0000000000013e28        0x0 /opt/devkitpro/devkitA64/lib/gcc/aarch64-none-elf/15.2.0/pic/crti.o
 *(.iplt)
                0x0000000000013e28                . = ALIGN (0x8)

.fini           0x0000000000013e28       0x38
 *(.fini)
 .fini          0x0000000000013e28       0x18 /opt/devkitpro/devkitA64/lib/gcc/aarch64-none-elf/15.2.0/pic/crti.o
                0x0000000000013e28                _fini
 .fini          0x0000000000013e40       0x1c /opt/devkitpro/devkitA64/lib/gcc/aarch64-none-elf/15.2.0/pic/crtn.o
                0x0000000000013e60                . = ALIGN (0x8)
 *fill*         0x0000000000013e5c        0x4 
                0x0000000000014000                . = ALIGN (0x1000)
                [!provide]                        PROVIDE (__rodata_start = .)

.nx-module-name
                0x0000000000014000       0x16
 *(.nx-module-name)
 .nx-module-name
                0x0000000000014000       0x16 /opt/devkitpro/devkitA64/lib/gcc/aarch64-none-elf/15.2.0/pic/crti.o

.rela.dyn       0x0000000000014018        0x0
 *(.rela.*)
 .rela.got      0x0000000000014018        0x0 /opt/devkitpro/devkitA64/lib/gcc/aarch64-none-elf/15.2.0/pic/crti.o
 .rela.plt      0x0000000000014018        0x0 /opt/devkitpro/devkitA64/lib/gcc/aarch64-none-elf/15.2.0/pic/crti.o
 .rela.bss      0x0000000000014018        0x0 /opt/devkitpro/devkitA64/lib/gcc/aarch64-none-elf/15.2.0/pic/crti.o
 .rela.data.rel.ro
                0x0000000000014018        0x0 /opt/devkitpro/devkitA64/lib/gcc/aarch64-none-elf/15.2.0/pic/crti.o
 .rela.init_array
                0x0000000000014018        0x0 /opt/devkitpro/devkitA64/lib/gcc/aarch64-none-elf/15.2.0/pic/crti.o
 .rela.fini_array
                0x0000000000014018        0x0 /opt/devkitpro/devkitA64/lib/gcc/aarch64-none-elf/15.2.0/pic/crti.o
 .rela.ifunc    0x0000000000014018        0x0 /opt/devkitpro/devkitA64/lib/gcc/aarch64-none-elf/15.2.0/pic/crti.o
 .rela.data.rel.ro.local.romFS_devoptab
                0x0000000000014018        0x0 /opt/devkitpro/devkitA64/lib/gcc/aarch64-none-elf/15.2.0/pic/crti.o
 .rela.data.rel._impure_ptr
                0x0000000000014018        0x0 /opt/devkitpro/devkitA64/lib/gcc/aarch64-none-elf/15.2.0/pic/crti.o
 .rela.data.rel._impure_data
                0x0000000000014018        0x0 /opt/devkitpro/devkitA64/lib/gcc/aarch64-none-elf/15.2.0/pic/crti.o
 .rela.data.rel.__malloc_av_
                0x0000000000014018        0x0 /opt/devkitpro/devkitA64/lib/gcc/aarch64-none-elf/15.2.0/pic/crti.o
 .rela.data.rel.__sglue
                0x0000000000014018        0x0 /opt/devkitpro/devkitA64/lib/gcc/aarch64-none-elf/15.2.0/pic/crti.o
 .rela.data.rel.__global_locale
                0x0000000000014018        0x0 /opt/devkitpro/devkitA64/lib/gcc/aarch64-none-elf/15.2.0/pic/crti.o
 .rela.data.rel.local.handles
                0x0000000000014018        0x0 /opt/devkitpro/devkitA64/lib/gcc/aarch64-none-elf/15.2.0/pic/crti.o
 .rela.data.rel.devoptab_list
                0x0000000000014018        0x0 /opt/devkitpro/devkitA64/lib/gcc/aarch64-none-elf/15.2.0/pic/crti.o
 .rela.data.rel.ro.local.dotab_stdnull
                0x0000000000014018        0x0 /opt/devkitpro/devkitA64/lib/gcc/aarch64-none-elf/15.2.0/pic/crti.o

.relr.dyn       0x0000000000014018       0x70
 *(.relr.*)
 .relr.dyn      0x0000000000014018       0x70 /opt/devkitpro/devkitA64/lib/gcc/aarch64-none-elf/15.2.0/pic/crti.o

.hash           0x0000000000014088       0x18
 *(.hash)
 .hash          0x0000000000014088       0x18 /opt/devkitpro/devkitA64/lib/gcc/aarch64-none-elf/15.2.0/pic/crti.o

.gnu.hash
 *(.gnu.hash)

.dynsym         0x00000000000140a0       0x48
 *(.dynsym)
 .dynsym        0x00000000000140a0       0x48 /opt/devkitpro/devkitA64/lib/gcc/aarch64-none-elf/15.2.0/pic/crti.o

.dynstr         0x00000000000140e8        0x1
 *(.dynstr)
 .dynstr        0x00000000000140e8        0x1 /opt/devkitpro/devkitA64/lib/gcc/aarch64-none-elf/15.2.0/pic/crti.o

.rodata         0x00000000000140f0      0x980
 *(.rodata .rodata.* .gnu.linkonce.r.*)
 .rodata.str1.8
                0x00000000000140f0      0x2b0 build/main.o
                                         0xad (size before relaxing)
 .rodata.smInitialize.str1.8
                0x00000000000143a0        0x0 /opt/devkitpro/libnx/lib/libnx.a(sm.o)
                                          0x4 (size before relaxing)
 .rodata.romfs_dirnext.str1.8
                0x00000000000143a0        0x0 /opt/devkitpro/libnx/lib/libnx.a(romfs_dev.o)
                                          0x3 (size before relaxing)
 .rodata.romfsUnmount.str1.8
                0x00000000000143a0        0x0 /opt/devkitpro/libnx/lib/libnx.a(romfs_dev.o)
                                          0x2 (size before relaxing)
 .rodata.envSetup
                0x00000000000143a0       0x11 /opt/devkitpro/libnx/lib/libnx.a(env.o)
 .rodata.nxlinkSetup.str1.8
                0x00000000000143b1        0x0 /opt/devkitpro/libnx/lib/libnx.a(nxlink.o)
                                          0x9 (size before relaxing)
 .rodata.fsdev_fixpath.str1.8
                0x00000000000143b1        0x0 /opt/devkitpro/libnx/lib/libnx.a(fs_dev.o)
                                          0x2 (size before relaxing)
 *fill*         0x00000000000143b1        0xf 
 .rodata.cst16  0x00000000000143c0       0x30 /opt/devkitpro/devkitA64/lib/gcc/aarch64-none-elf/15.2.0/../../../../aarch64-none-elf/lib/pic/libg.a(libc_a-mallocr.o)
                                         0x10 (size before relaxing)
 .rodata.get_arg
                0x00000000000143f0       0x40 /opt/devkitpro/devkitA64/lib/gcc/aarch64-none-elf/15.2.0/../../../../aarch64-none-elf/lib/pic/libg.a(libc_a-svfprintf.o)
 .rodata._svfprintf_r.str1.1
                0x0000000000014430       0x3b /opt/devkitpro/devkitA64/lib/gcc/aarch64-none-elf/15.2.0/../../../../aarch64-none-elf/lib/pic/libg.a(libc_a-svfprintf.o)
 *fill*         0x000000000001446b        0x1 
 .rodata._svfprintf_r
                0x000000000001446c       0xb6 /opt/devkitpro/devkitA64/lib/gcc/aarch64-none-elf/15.2.0/../../../../aarch64-none-elf/lib/pic/libg.a(libc_a-svfprintf.o)
 *fill*         0x0000000000014522        0xe 
 .rodata.zeroes.0
                0x0000000000014530       0x10 /opt/devkitpro/devkitA64/lib/gcc/aarch64-none-elf/15.2.0/../../../../aarch64-none-elf/lib/pic/libg.a(libc_a-svfprintf.o)
 .rodata.blanks.1
                0x0000000000014540       0x10 /opt/devkitpro/devkitA64/lib/gcc/aarch64-none-elf/15.2.0/../../../../aarch64-none-elf/lib/pic/libg.a(libc_a-svfprintf.o)
 .rodata._ctype_
                0x0000000000014550      0x101 /opt/devkitpro/devkitA64/lib/gcc/aarch64-none-elf/15.2.0/../../../../aarch64-none-elf/lib/pic/libg.a(libc_a-ctype_.o)
                0x0000000000014550                _ctype_
 *fill*         0x0000000000014651        0x7 
 .rodata.__action_table
                0x0000000000014658       0x6c /opt/devkitpro/devkitA64/lib/gcc/aarch64-none-elf/15.2.0/../../../../aarch64-none-elf/lib/pic/libg.a(libc_a-svfiprintf.o)
                0x0000000000014658                __action_table
 *fill*         0x00000000000146c4        0x4 
 .rodata.__state_table
                0x00000000000146c8       0x6c /opt/devkitpro/devkitA64/lib/gcc/aarch64-none-elf/15.2.0/../../../../aarch64-none-elf/lib/pic/libg.a(libc_a-svfiprintf.o)
                0x00000000000146c8                __state_table
 *fill*         0x0000000000014734        0x4 
 .rodata.__chclass
                0x0000000000014738      0x100 /opt/devkitpro/devkitA64/lib/gcc/aarch64-none-elf/15.2.0/../../../../aarch64-none-elf/lib/pic/libg.a(libc_a-svfiprintf.o)
                0x0000000000014738                __chclass
 .rodata.str1.8
                0x0000000000014838        0x0 /opt/devkitpro/devkitA64/lib/gcc/aarch64-none-elf/15.2.0/../../../../aarch64-none-elf/lib/pic/libg.a(libc_a-locale.o)
                                         0x64 (size before relaxing)
 .rodata._dtoa_r.str1.8
                0x0000000000014838        0x0 /opt/devkitpro/devkitA64/lib/gcc/aarch64-none-elf/15.2.0/../../../../aarch64-none-elf/lib/pic/libg.a(libc_a-dtoa.o)
                                         0xac (size before relaxing)
 .rodata.cst8   0x0000000000014838       0x18 /opt/devkitpro/devkitA64/lib/gcc/aarch64-none-elf/15.2.0/../../../../aarch64-none-elf/lib/pic/libg.a(libc_a-dtoa.o)
 .rodata.__assert_func.str1.8
                0x0000000000014850        0x0 /opt/devkitpro/devkitA64/lib/gcc/aarch64-none-elf/15.2.0/../../../../aarch64-none-elf/lib/pic/libg.a(libc_a-assert.o)
                                         0x47 (size before relaxing)
 .rodata.__multadd.str1.8
                0x0000000000014850        0x0 /opt/devkitpro/devkitA64/lib/gcc/aarch64-none-elf/15.2.0/../../../../aarch64-none-elf/lib/pic/libg.a(libc_a-mprec.o)
                                         0x8d (size before relaxing)
 .rodata.p05.0  0x0000000000014850        0xc /opt/devkitpro/devkitA64/lib/gcc/aarch64-none-elf/15.2.0/../../../../aarch64-none-elf/lib/pic/libg.a(libc_a-mprec.o)
 *fill*         0x000000000001485c        0x4 
 .rodata.__mprec_bigtens
                0x0000000000014860       0x28 /opt/devkitpro/devkitA64/lib/gcc/aarch64-none-elf/15.2.0/../../../../aarch64-none-elf/lib/pic/libg.a(libc_a-mprec.o)
                0x0000000000014860                __mprec_bigtens
 .rodata.__mprec_tens
                0x0000000000014888       0xc8 /opt/devkitpro/devkitA64/lib/gcc/aarch64-none-elf/15.2.0/../../../../aarch64-none-elf/lib/pic/libg.a(libc_a-mprec.o)
                0x0000000000014888                __mprec_tens
 .rodata.get_arg
                0x0000000000014950       0x40 /opt/devkitpro/devkitA64/lib/gcc/aarch64-none-elf/15.2.0/../../../../aarch64-none-elf/lib/pic/libg.a(libc_a-vfiprintf.o)
 .rodata._vfiprintf_r.str1.1
                0x0000000000014990        0x0 /opt/devkitpro/devkitA64/lib/gcc/aarch64-none-elf/15.2.0/../../../../aarch64-none-elf/lib/pic/libg.a(libc_a-vfiprintf.o)
                                         0x29 (size before relaxing)
 .rodata._vfiprintf_r
                0x0000000000014990       0xb6 /opt/devkitpro/devkitA64/lib/gcc/aarch64-none-elf/15.2.0/../../../../aarch64-none-elf/lib/pic/libg.a(libc_a-vfiprintf.o)
 *fill*         0x0000000000014a46        0xa 
 .rodata.zeroes.0
                0x0000000000014a50       0x10 /opt/devkitpro/devkitA64/lib/gcc/aarch64-none-elf/15.2.0/../../../../aarch64-none-elf/lib/pic/libg.a(libc_a-vfiprintf.o)
 .rodata.blanks.1
                0x0000000000014a60       0x10 /opt/devkitpro/devkitA64/lib/gcc/aarch64-none-elf/15.2.0/../../../../aarch64-none-elf/lib/pic/libg.a(libc_a-vfiprintf.o)
 .rodata.cst16  0x0000000000014a70        0x0 /opt/devkitpro/devkitA64/lib/gcc/aarch64-none-elf/15.2.0/../../../../aarch64-none-elf/lib/pic/libsysbase.a(libsysbase_libsysbase_a-handle_manager.o)
                                         0x20 (size before relaxing)
 .rodata.str1.8
                0x0000000000014a70        0x0 /opt/devkitpro/devkitA64/lib/gcc/aarch64-none-elf/15.2.0/../../../../aarch64-none-elf/lib/pic/libsysbase.a(libsysbase_libsysbase_a-iosupport.o)
                                          0x8 (size before relaxing)
                0x0000000000014a70                . = ALIGN (0x8)

.tls.align      0x0000000000014a70        0x8
                0x0000000000014a70        0x8 QUAD 0x8 MAX (ALIGNOF (.tdata), ALIGNOF (.tbss))
                0x0000000000014a70                PROVIDE (__tls_align = ADDR (.tls.align))

.gcc_except_table
 *(.gcc_except_table .gcc_except_table.*)

.eh_frame_hdr   0x0000000000014a78        0x0
 *(.eh_frame_hdr)
 *(.eh_frame_entry .eh_frame_entry.*)

.eh_frame       0x0000000000014a78     0x2518
 *(.eh_frame)
 .eh_frame      0x0000000000014a78       0x48 /opt/devkitpro/devkitA64/lib/gcc/aarch64-none-elf/15.2.0/pic/crtbegin.o
 .eh_frame      0x0000000000014ac0       0x60 build/main.o
                                         0x78 (size before relaxing)
 .eh_frame      0x0000000000014b20      0x1e0 /opt/devkitpro/libnx/lib/libnx.a(fs.o)
                                       0x1680 (size before relaxing)
 .eh_frame      0x0000000000014d00      0x128 /opt/devkitpro/libnx/lib/libnx.a(sm.o)
                                        0x2c0 (size before relaxing)
 .eh_frame      0x0000000000014e28       0x18 /opt/devkitpro/libnx/lib/libnx.a(diag.o)
                                         0x30 (size before relaxing)
 .eh_frame      0x0000000000014e40       0x18 /opt/devkitpro/libnx/lib/libnx.a(hosversion.o)
                                         0x50 (size before relaxing)
 .eh_frame      0x0000000000014e58      0x4b8 /opt/devkitpro/libnx/lib/libnx.a(romfs_dev.o)
                                        0x560 (size before relaxing)
 .eh_frame      0x0000000000015310      0x168 /opt/devkitpro/libnx/lib/libnx.a(svc.o)
                                        0xa00 (size before relaxing)
 .eh_frame      0x0000000000015478       0x18 /opt/devkitpro/libnx/lib/libnx.a(readtp.o)
                                         0x28 (size before relaxing)
 .eh_frame      0x0000000000015490        0x0 /opt/devkitpro/libnx/lib/libnx.a(event.o)
                                         0xc0 (size before relaxing)
 .eh_frame      0x0000000000015490       0xa8 /opt/devkitpro/libnx/lib/libnx.a(mutex.o)
                                         0xf8 (size before relaxing)
 .eh_frame      0x0000000000015538        0x0 /opt/devkitpro/libnx/lib/libnx.a(wait.o)
                                         0xb0 (size before relaxing)
 .eh_frame      0x0000000000015538      0x100 /opt/devkitpro/libnx/lib/libnx.a(sessionmgr.o)
                                        0x110 (size before relaxing)
 .eh_frame      0x0000000000015638       0x28 /opt/devkitpro/libnx/lib/libnx.a(alloc.o)
                                         0x50 (size before relaxing)
 .eh_frame      0x0000000000015660       0x38 /opt/devkitpro/libnx/lib/libnx.a(argv.o)
                                         0x48 (size before relaxing)
 .eh_frame      0x0000000000015698       0x38 /opt/devkitpro/libnx/lib/libnx.a(dynamic.o)
                                         0x48 (size before relaxing)
 .eh_frame      0x00000000000156d0      0x108 /opt/devkitpro/libnx/lib/libnx.a(env.o)
                                        0x210 (size before relaxing)
 .eh_frame      0x00000000000157d8       0x58 /opt/devkitpro/libnx/lib/libnx.a(init.o)
                                         0xb8 (size before relaxing)
 .eh_frame      0x0000000000015830       0xd0 /opt/devkitpro/libnx/lib/libnx.a(newlib.o)
                                        0x3f8 (size before relaxing)
 .eh_frame      0x0000000000015900       0x30 /opt/devkitpro/libnx/lib/libnx.a(nxlink.o)
                                         0x40 (size before relaxing)
 .eh_frame      0x0000000000015930       0xa8 /opt/devkitpro/libnx/lib/libnx.a(fs_dev.o)
                                        0x9a0 (size before relaxing)
 .eh_frame      0x00000000000159d8       0x18 /opt/devkitpro/libnx/lib/libnx.a(decode_utf8.o)
                                         0x28 (size before relaxing)
 .eh_frame      0x00000000000159f0       0x28 /opt/devkitpro/libnx/lib/libnx.a(exception.o)
                                         0x40 (size before relaxing)
 .eh_frame      0x0000000000015a18       0x30 /opt/devkitpro/libnx/lib/libnx.a(condvar.o)
                                         0x40 (size before relaxing)
 .eh_frame      0x0000000000015a48       0x28 /opt/devkitpro/libnx/lib/libnx.a(thread.o)
                                        0x298 (size before relaxing)
 .eh_frame      0x0000000000015a70       0x60 /opt/devkitpro/libnx/lib/libnx.a(virtmem.o)
                                        0x218 (size before relaxing)
 .eh_frame      0x0000000000015ad0        0x0 /opt/devkitpro/libnx/lib/libnx.a(applet.o)
                                       0x38d8 (size before relaxing)
 .eh_frame      0x0000000000015ad0        0x0 /opt/devkitpro/libnx/lib/libnx.a(hid.o)
                                       0x1a50 (size before relaxing)
 .eh_frame      0x0000000000015ad0        0x0 /opt/devkitpro/libnx/lib/libnx.a(set.o)
                                       0x2b38 (size before relaxing)
 .eh_frame      0x0000000000015ad0        0x0 /opt/devkitpro/libnx/lib/libnx.a(time.o)
                                        0x378 (size before relaxing)
 .eh_frame      0x0000000000015ad0        0x0 /opt/devkitpro/libnx/lib/libnx.a(random.o)
                                         0x70 (size before relaxing)
 .eh_frame      0x0000000000015ad0        0x0 /opt/devkitpro/libnx/lib/libnx.a(shmem.o)
                                         0xa0 (size before relaxing)
 .eh_frame      0x0000000000015ad0        0x0 /opt/devkitpro/libnx/lib/libnx.a(tmem.o)
                                        0x128 (size before relaxing)
 .eh_frame      0x0000000000015ad0        0x0 /opt/devkitpro/libnx/lib/libnx.a(apm.o)
                                        0x138 (size before relaxing)
 .eh_frame      0x0000000000015ad0       0x18 /opt/devkitpro/devkitA64/lib/gcc/aarch64-none-elf/15.2.0/../../../../aarch64-none-elf/lib/pic/libg.a(libc_a-strncat.o)
                                         0x28 (size before relaxing)
 .eh_frame      0x0000000000015ae8       0x18 /opt/devkitpro/devkitA64/lib/gcc/aarch64-none-elf/15.2.0/../../../../aarch64-none-elf/lib/pic/libg.a(libc_a-strchr.o)
                                         0x28 (size before relaxing)
 .eh_frame      0x0000000000015b00       0xe0 /opt/devkitpro/devkitA64/lib/gcc/aarch64-none-elf/15.2.0/../../../../aarch64-none-elf/lib/pic/libg.a(libc_a-fread.o)
                                         0xf0 (size before relaxing)
 .eh_frame      0x0000000000015be0        0x0 /opt/devkitpro/devkitA64/lib/gcc/aarch64-none-elf/15.2.0/../../../../aarch64-none-elf/lib/pic/libg.a(libc_a-strnlen.o)
                                         0x28 (size before relaxing)
 .eh_frame      0x0000000000015be0        0x0 /opt/devkitpro/devkitA64/lib/gcc/aarch64-none-elf/15.2.0/../../../../aarch64-none-elf/lib/pic/libg.a(libc_a-bsearch.o)
                                         0x78 (size before relaxing)
 .eh_frame      0x0000000000015be0       0x18 /opt/devkitpro/devkitA64/lib/gcc/aarch64-none-elf/15.2.0/../../../../aarch64-none-elf/lib/pic/libg.a(libc_a-memcpy.o)
                                         0x28 (size before relaxing)
 .eh_frame      0x0000000000015bf8       0x60 /opt/devkitpro/devkitA64/lib/gcc/aarch64-none-elf/15.2.0/../../../../aarch64-none-elf/lib/pic/libg.a(libc_a-fopen.o)
                                         0x78 (size before relaxing)
 .eh_frame      0x0000000000015c58        0x0 /opt/devkitpro/devkitA64/lib/gcc/aarch64-none-elf/15.2.0/../../../../aarch64-none-elf/lib/pic/libg.a(libc_a-gmtime.o)
                                         0x38 (size before relaxing)
 .eh_frame      0x0000000000015c58       0x18 /opt/devkitpro/devkitA64/lib/gcc/aarch64-none-elf/15.2.0/../../../../aarch64-none-elf/lib/pic/libg.a(libc_a-memset.o)
                                         0x28 (size before relaxing)
 .eh_frame      0x0000000000015c70       0x30 /opt/devkitpro/devkitA64/lib/gcc/aarch64-none-elf/15.2.0/../../../../aarch64-none-elf/lib/pic/libg.a(libc_a-snprintf.o)
                                         0x68 (size before relaxing)
 .eh_frame      0x0000000000015ca0       0x38 /opt/devkitpro/devkitA64/lib/gcc/aarch64-none-elf/15.2.0/../../../../aarch64-none-elf/lib/pic/libg.a(libc_a-strtoul.o)
                                         0x98 (size before relaxing)
 .eh_frame      0x0000000000015cd8        0x0 /opt/devkitpro/devkitA64/lib/gcc/aarch64-none-elf/15.2.0/../../../../aarch64-none-elf/lib/pic/libg.a(libc_a-strcpy.o)
                                         0x28 (size before relaxing)
 .eh_frame      0x0000000000015cd8        0x0 /opt/devkitpro/devkitA64/lib/gcc/aarch64-none-elf/15.2.0/../../../../aarch64-none-elf/lib/pic/libg.a(libc_a-aligned_alloc.o)
                                         0x38 (size before relaxing)
 .eh_frame      0x0000000000015cd8       0x48 /opt/devkitpro/devkitA64/lib/gcc/aarch64-none-elf/15.2.0/../../../../aarch64-none-elf/lib/pic/libg.a(libc_a-malignr.o)
                                         0x60 (size before relaxing)
 .eh_frame      0x0000000000015d20       0x20 /opt/devkitpro/devkitA64/lib/gcc/aarch64-none-elf/15.2.0/../../../../aarch64-none-elf/lib/pic/libg.a(libc_a-errno.o)
                                         0x38 (size before relaxing)
 .eh_frame      0x0000000000015d40       0x50 /opt/devkitpro/devkitA64/lib/gcc/aarch64-none-elf/15.2.0/../../../../aarch64-none-elf/lib/pic/libg.a(libc_a-makebuf.o)
                                         0x68 (size before relaxing)
 .eh_frame      0x0000000000015d90       0x18 /opt/devkitpro/devkitA64/lib/gcc/aarch64-none-elf/15.2.0/../../../../aarch64-none-elf/lib/pic/libg.a(libc_a-strlen.o)
                                         0x28 (size before relaxing)
 .eh_frame      0x0000000000015da8       0x18 /opt/devkitpro/devkitA64/lib/gcc/aarch64-none-elf/15.2.0/../../../../aarch64-none-elf/lib/pic/libg.a(libc_a-strncmp.o)
                                         0x28 (size before relaxing)
 .eh_frame      0x0000000000015dc0       0x50 /opt/devkitpro/devkitA64/lib/gcc/aarch64-none-elf/15.2.0/../../../../aarch64-none-elf/lib/pic/libg.a(libc_a-mallocr.o)
                                         0x60 (size before relaxing)
 .eh_frame      0x0000000000015e10       0x18 /opt/devkitpro/devkitA64/lib/gcc/aarch64-none-elf/15.2.0/../../../../aarch64-none-elf/lib/pic/libg.a(libc_a-memcmp.o)
                                         0x28 (size before relaxing)
 .eh_frame      0x0000000000015e28       0x78 /opt/devkitpro/devkitA64/lib/gcc/aarch64-none-elf/15.2.0/../../../../aarch64-none-elf/lib/pic/libg.a(libc_a-freer.o)
                                         0x90 (size before relaxing)
 .eh_frame      0x0000000000015ea0       0xf0 /opt/devkitpro/devkitA64/lib/gcc/aarch64-none-elf/15.2.0/../../../../aarch64-none-elf/lib/pic/libg.a(libc_a-findfp.o)
                                        0x188 (size before relaxing)
 .eh_frame      0x0000000000015f90       0x28 /opt/devkitpro/devkitA64/lib/gcc/aarch64-none-elf/15.2.0/../../../../aarch64-none-elf/lib/pic/libg.a(libc_a-init.o)
                                         0x40 (size before relaxing)
 .eh_frame      0x0000000000015fb8       0x18 /opt/devkitpro/devkitA64/lib/gcc/aarch64-none-elf/15.2.0/../../../../aarch64-none-elf/lib/pic/libg.a(libc_a-strncpy.o)
                                         0x28 (size before relaxing)
 .eh_frame      0x0000000000015fd0       0x18 /opt/devkitpro/devkitA64/lib/gcc/aarch64-none-elf/15.2.0/../../../../aarch64-none-elf/lib/pic/libg.a(libc_a-fseek.o)
                                         0x50 (size before relaxing)
 .eh_frame      0x0000000000015fe8       0x48 /opt/devkitpro/devkitA64/lib/gcc/aarch64-none-elf/15.2.0/../../../../aarch64-none-elf/lib/pic/libg.a(libc_a-malloc.o)
                                         0x60 (size before relaxing)
 .eh_frame      0x0000000000016030       0x90 /opt/devkitpro/devkitA64/lib/gcc/aarch64-none-elf/15.2.0/../../../../aarch64-none-elf/lib/pic/libg.a(libc_a-stdio.o)
                                         0xb8 (size before relaxing)
 .eh_frame      0x00000000000160c0       0x28 /opt/devkitpro/devkitA64/lib/gcc/aarch64-none-elf/15.2.0/../../../../aarch64-none-elf/lib/pic/libg.a(libc_a-mlock.o)
                                         0x40 (size before relaxing)
 .eh_frame      0x00000000000160e8       0x40 /opt/devkitpro/devkitA64/lib/gcc/aarch64-none-elf/15.2.0/../../../../aarch64-none-elf/lib/pic/libg.a(libc_a-fseeko.o)
                                         0x78 (size before relaxing)
 .eh_frame      0x0000000000016128       0x68 /opt/devkitpro/devkitA64/lib/gcc/aarch64-none-elf/15.2.0/../../../../aarch64-none-elf/lib/pic/libg.a(libc_a-fclose.o)
                                         0x78 (size before relaxing)
 .eh_frame      0x0000000000016190       0x28 /opt/devkitpro/devkitA64/lib/gcc/aarch64-none-elf/15.2.0/../../../../aarch64-none-elf/lib/pic/libg.a(libc_a-time.o)
                                         0x38 (size before relaxing)
 .eh_frame      0x00000000000161b8        0x0 /opt/devkitpro/devkitA64/lib/gcc/aarch64-none-elf/15.2.0/../../../../aarch64-none-elf/lib/pic/libg.a(libc_a-setenv.o)
                                         0x58 (size before relaxing)
 .eh_frame      0x00000000000161b8       0x30 /opt/devkitpro/devkitA64/lib/gcc/aarch64-none-elf/15.2.0/../../../../aarch64-none-elf/lib/pic/libg.a(libc_a-exit.o)
                                         0x48 (size before relaxing)
 .eh_frame      0x00000000000161e8       0xa0 /opt/devkitpro/devkitA64/lib/gcc/aarch64-none-elf/15.2.0/../../../../aarch64-none-elf/lib/pic/libg.a(libc_a-svfprintf.o)
                                         0xb0 (size before relaxing)
 .eh_frame      0x0000000000016288       0x18 /opt/devkitpro/devkitA64/lib/gcc/aarch64-none-elf/15.2.0/../../../../aarch64-none-elf/lib/pic/libg.a(libc_a-flags.o)
                                         0x28 (size before relaxing)
 .eh_frame      0x00000000000162a0       0x18 /opt/devkitpro/devkitA64/lib/gcc/aarch64-none-elf/15.2.0/../../../../aarch64-none-elf/lib/pic/libg.a(libc_a-strcmp.o)
                                         0x28 (size before relaxing)
 .eh_frame      0x00000000000162b8       0x28 /opt/devkitpro/devkitA64/lib/gcc/aarch64-none-elf/15.2.0/../../../../aarch64-none-elf/lib/pic/libg.a(libc_a-fini.o)
                                         0x38 (size before relaxing)
 .eh_frame      0x00000000000162e0        0x0 /opt/devkitpro/devkitA64/lib/gcc/aarch64-none-elf/15.2.0/../../../../aarch64-none-elf/lib/pic/libg.a(libc_a-gmtime_r.o)
                                         0x28 (size before relaxing)
 .eh_frame      0x00000000000162e0       0x18 /opt/devkitpro/devkitA64/lib/gcc/aarch64-none-elf/15.2.0/../../../../aarch64-none-elf/lib/pic/libg.a(libc_a-memchr.o)
                                         0x28 (size before relaxing)
 .eh_frame      0x00000000000162f8        0x0 /opt/devkitpro/devkitA64/lib/gcc/aarch64-none-elf/15.2.0/../../../../aarch64-none-elf/lib/pic/libg.a(libc_a-ctype_.o)
                                         0x28 (size before relaxing)
 .eh_frame      0x00000000000162f8       0x48 /opt/devkitpro/devkitA64/lib/gcc/aarch64-none-elf/15.2.0/../../../../aarch64-none-elf/lib/pic/libg.a(libc_a-refill.o)
                                         0x60 (size before relaxing)
 .eh_frame      0x0000000000016340       0x18 /opt/devkitpro/devkitA64/lib/gcc/aarch64-none-elf/15.2.0/../../../../aarch64-none-elf/lib/pic/libg.a(libm_a-s_frexp.o)
                                         0x28 (size before relaxing)
 .eh_frame      0x0000000000016358        0x0 /opt/devkitpro/devkitA64/lib/gcc/aarch64-none-elf/15.2.0/../../../../aarch64-none-elf/lib/pic/libg.a(libc_a-setenv_r.o)
                                         0xa8 (size before relaxing)
 .eh_frame      0x0000000000016358       0x38 /opt/devkitpro/devkitA64/lib/gcc/aarch64-none-elf/15.2.0/../../../../aarch64-none-elf/lib/pic/libg.a(libc_a-fwalk.o)
                                         0x50 (size before relaxing)
 .eh_frame      0x0000000000016390       0x30 /opt/devkitpro/devkitA64/lib/gcc/aarch64-none-elf/15.2.0/../../../../aarch64-none-elf/lib/pic/libg.a(libc_a-wcrtomb.o)
                                         0x80 (size before relaxing)
 .eh_frame      0x00000000000163c0        0x0 /opt/devkitpro/devkitA64/lib/gcc/aarch64-none-elf/15.2.0/../../../../aarch64-none-elf/lib/pic/libg.a(libc_a-svfiprintf.o)
                                         0xa8 (size before relaxing)
 .eh_frame      0x00000000000163c0       0x50 /opt/devkitpro/devkitA64/lib/gcc/aarch64-none-elf/15.2.0/../../../../aarch64-none-elf/lib/pic/libg.a(libc_a-ssprint_r.o)
                                         0x68 (size before relaxing)
 .eh_frame      0x0000000000016410       0x20 /opt/devkitpro/devkitA64/lib/gcc/aarch64-none-elf/15.2.0/../../../../aarch64-none-elf/lib/pic/libg.a(libc_a-locale.o)
                                        0x220 (size before relaxing)
 .eh_frame      0x0000000000016430       0x68 /opt/devkitpro/devkitA64/lib/gcc/aarch64-none-elf/15.2.0/../../../../aarch64-none-elf/lib/pic/libg.a(libc_a-fflush.o)
                                         0x98 (size before relaxing)
 .eh_frame      0x0000000000016498       0xe0 /opt/devkitpro/devkitA64/lib/gcc/aarch64-none-elf/15.2.0/../../../../aarch64-none-elf/lib/pic/libg.a(libc_a-dtoa.o)
                                         0xf0 (size before relaxing)
 .eh_frame      0x0000000000016578        0x0 /opt/devkitpro/devkitA64/lib/gcc/aarch64-none-elf/15.2.0/../../../../aarch64-none-elf/lib/pic/libg.a(libc_a-strtol.o)
                                         0xc0 (size before relaxing)
 .eh_frame      0x0000000000016578       0x18 /opt/devkitpro/devkitA64/lib/gcc/aarch64-none-elf/15.2.0/../../../../aarch64-none-elf/lib/pic/libg.a(libc_a-wcsrtombs.o)
                                         0x50 (size before relaxing)
 .eh_frame      0x0000000000016590        0x0 /opt/devkitpro/devkitA64/lib/gcc/aarch64-none-elf/15.2.0/../../../../aarch64-none-elf/lib/pic/libg.a(libc_a-getenv_r.o)
                                         0x78 (size before relaxing)
 .eh_frame      0x0000000000016590       0x38 /opt/devkitpro/devkitA64/lib/gcc/aarch64-none-elf/15.2.0/../../../../aarch64-none-elf/lib/pic/libg.a(libc_a-localeconv.o)
                                         0x68 (size before relaxing)
 .eh_frame      0x00000000000165c8       0x50 /opt/devkitpro/devkitA64/lib/gcc/aarch64-none-elf/15.2.0/../../../../aarch64-none-elf/lib/pic/libg.a(libc_a-reallocr.o)
                                         0x68 (size before relaxing)
 .eh_frame      0x0000000000016618       0x30 /opt/devkitpro/devkitA64/lib/gcc/aarch64-none-elf/15.2.0/../../../../aarch64-none-elf/lib/pic/libg.a(libc_a-ssputs_r.o)
                                         0x48 (size before relaxing)
 .eh_frame      0x0000000000016648       0x18 /opt/devkitpro/devkitA64/lib/gcc/aarch64-none-elf/15.2.0/../../../../aarch64-none-elf/lib/pic/libg.a(libc_a-wctomb_r.o)
                                         0xa0 (size before relaxing)
 .eh_frame      0x0000000000016660       0x90 /opt/devkitpro/devkitA64/lib/gcc/aarch64-none-elf/15.2.0/../../../../aarch64-none-elf/lib/pic/libg.a(libc_a-wcsnrtombs.o)
                                         0xc8 (size before relaxing)
 .eh_frame      0x00000000000166f0        0x0 /opt/devkitpro/devkitA64/lib/gcc/aarch64-none-elf/15.2.0/../../../../aarch64-none-elf/lib/pic/libg.a(libc_a-strcat.o)
                                         0x48 (size before relaxing)
 .eh_frame      0x00000000000166f0        0x0 /opt/devkitpro/devkitA64/lib/gcc/aarch64-none-elf/15.2.0/../../../../aarch64-none-elf/lib/pic/libg.a(libc_a-envlock.o)
                                         0x40 (size before relaxing)
 .eh_frame      0x00000000000166f0       0x28 /opt/devkitpro/devkitA64/lib/gcc/aarch64-none-elf/15.2.0/../../../../aarch64-none-elf/lib/pic/libg.a(libc_a-assert.o)
                                         0x50 (size before relaxing)
 .eh_frame      0x0000000000016718      0x1d8 /opt/devkitpro/devkitA64/lib/gcc/aarch64-none-elf/15.2.0/../../../../aarch64-none-elf/lib/pic/libg.a(libc_a-mprec.o)
                                        0x310 (size before relaxing)
 .eh_frame      0x00000000000168f0        0x0 /opt/devkitpro/devkitA64/lib/gcc/aarch64-none-elf/15.2.0/../../../../aarch64-none-elf/lib/pic/libg.a(libc_a-strlcpy.o)
                                         0x28 (size before relaxing)
 .eh_frame      0x00000000000168f0        0x0 /opt/devkitpro/devkitA64/lib/gcc/aarch64-none-elf/15.2.0/../../../../aarch64-none-elf/lib/pic/libg.a(libc_a-strcasecmp.o)
                                         0x28 (size before relaxing)
 .eh_frame      0x00000000000168f0       0x28 /opt/devkitpro/devkitA64/lib/gcc/aarch64-none-elf/15.2.0/../../../../aarch64-none-elf/lib/pic/libg.a(libc_a-mbtowc_r.o)
                                        0x108 (size before relaxing)
 .eh_frame      0x0000000000016918       0x28 /opt/devkitpro/devkitA64/lib/gcc/aarch64-none-elf/15.2.0/../../../../aarch64-none-elf/lib/pic/libg.a(libc_a-fiprintf.o)
                                         0x58 (size before relaxing)
 .eh_frame      0x0000000000016940        0x0 /opt/devkitpro/devkitA64/lib/gcc/aarch64-none-elf/15.2.0/../../../../aarch64-none-elf/lib/pic/libg.a(libc_a-strncasecmp.o)
                                         0x28 (size before relaxing)
 .eh_frame      0x0000000000016940       0x18 /opt/devkitpro/devkitA64/lib/gcc/aarch64-none-elf/15.2.0/../../../../aarch64-none-elf/lib/pic/libg.a(libc_a-abort.o)
                                         0x30 (size before relaxing)
 .eh_frame      0x0000000000016958       0x30 /opt/devkitpro/devkitA64/lib/gcc/aarch64-none-elf/15.2.0/../../../../aarch64-none-elf/lib/pic/libg.a(libc_a-callocr.o)
                                         0x48 (size before relaxing)
 .eh_frame      0x0000000000016988       0xc8 /opt/devkitpro/devkitA64/lib/gcc/aarch64-none-elf/15.2.0/../../../../aarch64-none-elf/lib/pic/libg.a(libc_a-vfiprintf.o)
                                        0x100 (size before relaxing)
 .eh_frame      0x0000000000016a50       0x50 /opt/devkitpro/devkitA64/lib/gcc/aarch64-none-elf/15.2.0/../../../../aarch64-none-elf/lib/pic/libg.a(libc_a-signal.o)
                                        0x140 (size before relaxing)
 .eh_frame      0x0000000000016aa0       0x20 /opt/devkitpro/devkitA64/lib/gcc/aarch64-none-elf/15.2.0/../../../../aarch64-none-elf/lib/pic/libg.a(libc_a-sprint_r.o)
                                         0x38 (size before relaxing)
 .eh_frame      0x0000000000016ac0       0x28 /opt/devkitpro/devkitA64/lib/gcc/aarch64-none-elf/15.2.0/../../../../aarch64-none-elf/lib/pic/libg.a(libc_a-wsetup.o)
                                         0x40 (size before relaxing)
 .eh_frame      0x0000000000016ae8       0xa0 /opt/devkitpro/devkitA64/lib/gcc/aarch64-none-elf/15.2.0/../../../../aarch64-none-elf/lib/pic/libg.a(libc_a-fvwrite.o)
                                         0xb8 (size before relaxing)
 .eh_frame      0x0000000000016b88       0x20 /opt/devkitpro/devkitA64/lib/gcc/aarch64-none-elf/15.2.0/../../../../aarch64-none-elf/lib/pic/libsysbase.a(libsysbase_libsysbase_a-_exit.o)
                                         0x38 (size before relaxing)
 .eh_frame      0x0000000000016ba8        0x0 /opt/devkitpro/devkitA64/lib/gcc/aarch64-none-elf/15.2.0/../../../../aarch64-none-elf/lib/pic/libsysbase.a(libsysbase_libsysbase_a-chdir.o)
                                         0x78 (size before relaxing)
 .eh_frame      0x0000000000016ba8        0x0 /opt/devkitpro/devkitA64/lib/gcc/aarch64-none-elf/15.2.0/../../../../aarch64-none-elf/lib/pic/libsysbase.a(libsysbase_libsysbase_a-concatenate.o)
                                         0xa0 (size before relaxing)
 .eh_frame      0x0000000000016ba8       0x38 /opt/devkitpro/devkitA64/lib/gcc/aarch64-none-elf/15.2.0/../../../../aarch64-none-elf/lib/pic/libsysbase.a(libsysbase_libsysbase_a-fstat.o)
                                         0x50 (size before relaxing)
 .eh_frame      0x0000000000016be0       0x18 /opt/devkitpro/devkitA64/lib/gcc/aarch64-none-elf/15.2.0/../../../../aarch64-none-elf/lib/pic/libsysbase.a(libsysbase_libsysbase_a-getpid.o)
                                         0x28 (size before relaxing)
 .eh_frame      0x0000000000016bf8       0x18 /opt/devkitpro/devkitA64/lib/gcc/aarch64-none-elf/15.2.0/../../../../aarch64-none-elf/lib/pic/libsysbase.a(libsysbase_libsysbase_a-getreent.o)
                                         0x28 (size before relaxing)
 .eh_frame      0x0000000000016c10       0x18 /opt/devkitpro/devkitA64/lib/gcc/aarch64-none-elf/15.2.0/../../../../aarch64-none-elf/lib/pic/libsysbase.a(libsysbase_libsysbase_a-gettod.o)
                                         0x28 (size before relaxing)
 .eh_frame      0x0000000000016c28       0xa8 /opt/devkitpro/devkitA64/lib/gcc/aarch64-none-elf/15.2.0/../../../../aarch64-none-elf/lib/pic/libsysbase.a(libsysbase_libsysbase_a-handle_manager.o)
                                        0x110 (size before relaxing)
 .eh_frame      0x0000000000016cd0       0xc8 /opt/devkitpro/devkitA64/lib/gcc/aarch64-none-elf/15.2.0/../../../../aarch64-none-elf/lib/pic/libsysbase.a(libsysbase_libsysbase_a-iosupport.o)
                                        0x118 (size before relaxing)
 .eh_frame      0x0000000000016d98       0x18 /opt/devkitpro/devkitA64/lib/gcc/aarch64-none-elf/15.2.0/../../../../aarch64-none-elf/lib/pic/libsysbase.a(libsysbase_libsysbase_a-isatty.o)
                                         0x28 (size before relaxing)
 .eh_frame      0x0000000000016db0       0x18 /opt/devkitpro/devkitA64/lib/gcc/aarch64-none-elf/15.2.0/../../../../aarch64-none-elf/lib/pic/libsysbase.a(libsysbase_libsysbase_a-kill.o)
                                         0x28 (size before relaxing)
 .eh_frame      0x0000000000016dc8       0x38 /opt/devkitpro/devkitA64/lib/gcc/aarch64-none-elf/15.2.0/../../../../aarch64-none-elf/lib/pic/libsysbase.a(libsysbase_libsysbase_a-lseek.o)
                                         0x50 (size before relaxing)
 .eh_frame      0x0000000000016e00       0x60 /opt/devkitpro/devkitA64/lib/gcc/aarch64-none-elf/15.2.0/../../../../aarch64-none-elf/lib/pic/libsysbase.a(libsysbase_libsysbase_a-open.o)
                                         0x78 (size before relaxing)
 .eh_frame      0x0000000000016e60       0x38 /opt/devkitpro/devkitA64/lib/gcc/aarch64-none-elf/15.2.0/../../../../aarch64-none-elf/lib/pic/libsysbase.a(libsysbase_libsysbase_a-read.o)
                                         0x48 (size before relaxing)