Archive member included to satisfy reference by file (symbol)

/opt/devkitpro/libnx/lib/libnx.a(sm.o)
                              build/main.o (smInitialize)
/opt/devkitpro/libnx/lib/libnx.a(diag.o)
                              /opt/devkitpro/libnx/lib/libnx.a(sm.o) (diagAbortWithResult)
/opt/devkitpro/libnx/lib/libnx.a(hosversion.o)
                              /opt/devkitpro/libnx/lib/libnx.a(sm.o) (hosversionGet)
/opt/devkitpro/libnx/lib/libnx.a(svc.o)
                              build/main.o (svcExitProcess)
/opt/devkitpro/libnx/lib/libnx.a(switch_crt0.o)
                              (_start)
/opt/devkitpro/libnx/lib/libnx.a(mutex.o)
                              /opt/devkitpro/libnx/lib/libnx.a(sm.o) (mutexLock)
/opt/devkitpro/libnx/lib/libnx.a(argv.o)
                              /opt/devkitpro/libnx/lib/libnx.a(switch_crt0.o) (__system_argc)
/opt/devkitpro/libnx/lib/libnx.a(dynamic.o)
                              /opt/devkitpro/libnx/lib/libnx.a(switch_crt0.o) (__nx_dynamic)
/opt/devkitpro/libnx/lib/libnx.a(env.o)
                              /opt/devkitpro/libnx/lib/libnx.a(argv.o) (envIsNso)
/opt/devkitpro/libnx/lib/libnx.a(init.o)
                              /opt/devkitpro/libnx/lib/libnx.a(switch_crt0.o) (__libnx_init)
/opt/devkitpro/libnx/lib/libnx.a(newlib.o)
                              /opt/devkitpro/libnx/lib/libnx.a(init.o) (__libnx_init_time)
/opt/devkitpro/libnx/lib/libnx.a(nxlink.o)
                              /opt/devkitpro/libnx/lib/libnx.a(argv.o) (nxlinkSetup)
/opt/devkitpro/libnx/lib/libnx.a(fs_dev.o)
                              /opt/devkitpro/libnx/lib/libnx.a(init.o) (fsdevMountSdmc)
/opt/devkitpro/libnx/lib/libnx.a(path_buf.o)
                              /opt/devkitpro/libnx/lib/libnx.a(fs_dev.o) (__nx_dev_path_buf)
/opt/devkitpro/libnx/lib/libnx.a(decode_utf8.o)
                              /opt/devkitpro/libnx/lib/libnx.a(fs_dev.o) (decode_utf8)
/opt/devkitpro/libnx/lib/libnx.a(exception.o)
                              /opt/devkitpro/libnx/lib/libnx.a(switch_crt0.o) (__libnx_exception_entry)
/opt/devkitpro/libnx/lib/libnx.a(readtp.o)
                              /opt/devkitpro/libnx/lib/libnx.a(fs_dev.o) (__aarch64_read_tp)
/opt/devkitpro/libnx/lib/libnx.a(condvar.o)
                              /opt/devkitpro/libnx/lib/libnx.a(newlib.o) (condvarWaitTimeout)
/opt/devkitpro/libnx/lib/libnx.a(thread.o)
                              /opt/devkitpro/libnx/lib/libnx.a(init.o) (__libnx_init_thread)
/opt/devkitpro/libnx/lib/libnx.a(virtmem.o)
                              /opt/devkitpro/libnx/lib/libnx.a(init.o) (virtmemSetup)
/opt/devkitpro/libnx/lib/libnx.a(wait.o)
                              /opt/devkitpro/libnx/lib/libnx.a(thread.o) (waitHandles)
/opt/devkitpro/libnx/lib/libnx.a(applet.o)
                              /opt/devkitpro/libnx/lib/libnx.a(init.o) (__nx_applet_type)
/opt/devkitpro/libnx/lib/libnx.a(fs.o)
                              /opt/devkitpro/libnx/lib/libnx.a(init.o) (fsInitialize)
/opt/devkitpro/libnx/lib/libnx.a(hid.o)
                              /opt/devkitpro/libnx/lib/libnx.a(init.o) (hidInitialize)
/opt/devkitpro/libnx/lib/libnx.a(set.o)
                              /opt/devkitpro/libnx/lib/libnx.a(init.o) (setsysInitialize)
/opt/devkitpro/libnx/lib/libnx.a(time.o)
                              /opt/devkitpro/libnx/lib/libnx.a(init.o) (timeInitialize)
/opt/devkitpro/libnx/lib/libnx.a(alloc.o)
                              /opt/devkitpro/libnx/lib/libnx.a(newlib.o) (__libnx_alloc)
/opt/devkitpro/libnx/lib/libnx.a(event.o)
                              /opt/devkitpro/libnx/lib/libnx.a(applet.o) (eventLoadRemote)
/opt/devkitpro/libnx/lib/libnx.a(random.o)
                              /opt/devkitpro/libnx/lib/libnx.a(virtmem.o) (randomGet64)
/opt/devkitpro/libnx/lib/libnx.a(shmem.o)
                              /opt/devkitpro/libnx/lib/libnx.a(hid.o) (shmemLoadRemote)
/opt/devkitpro/libnx/lib/libnx.a(tmem.o)
                              /opt/devkitpro/libnx/lib/libnx.a(applet.o) (tmemCreate)
/opt/devkitpro/libnx/lib/libnx.a(sessionmgr.o)
                              /opt/devkitpro/libnx/lib/libnx.a(fs.o) (sessionmgrCreate)
/opt/devkitpro/libnx/lib/libnx.a(apm.o)
                              /opt/devkitpro/libnx/lib/libnx.a(applet.o) (apmInitialize)
/opt/devkitpro/devkitA64/lib/gcc/aarch64-none-elf/15.2.0/../../../../aarch64-none-elf/lib/pic/libg.a(libc_a-strncat.o)
                              /opt/devkitpro/libnx/lib/libnx.a(fs_dev.o) (strncat)
/opt/devkitpro/devkitA64/lib/gcc/aarch64-none-elf/15.2.0/../../../../aarch64-none-elf/lib/pic/libg.a(libc_a-strnlen.o)
                              /opt/devkitpro/libnx/lib/libnx.a(fs_dev.o) (strnlen)
/opt/devkitpro/devkitA64/lib/gcc/aarch64-none-elf/15.2.0/../../../../aarch64-none-elf/lib/pic/libg.a(libc_a-impure.o)
                              /opt/devkitpro/libnx/lib/libnx.a(newlib.o) (_impure_ptr)
[...]
Memory Configuration

Name             Origin             Length             Attributes
*default*        0x0000000000000000 0xffffffffffffffff

Linker script and memory map

                0x0000000000000000                PROVIDE (__start__ = 0x0)
                0x0000000000000000                . = __start__
                [!provide]                        PROVIDE (__code_start = .)

.text           0x0000000000000000     0xf970
 *(.crt0)
 .crt0          0x0000000000000000      0x130 /opt/devkitpro/libnx/lib/libnx.a(switch_crt0.o)
                0x0000000000000000                _start
                0x00000000000000e0                __nx_exit
                0x00000000000000f0                __nx_mod0
 *(.text.unlikely .text.*_unlikely .text.unlikely.*)
 *(.text.exit .text.exit.*)
 *fill*         0x0000000000000130       0x10 
 .text.exit     0x0000000000000140       0x34 /opt/devkitpro/devkitA64/lib/gcc/aarch64-none-elf/15.2.0/../../../../aarch64-none-elf/lib/pic/libg.a(libc_a-exit.o)
                0x0000000000000140                exit
 *(.text.startup .text.startup.*)
 *fill*         0x0000000000000174        0xc 
 .text.startup.main
                0x0000000000000180      0x284 build/main.o
                0x0000000000000180                main
 *(.text.hot .text.hot.*)
 *(.text .stub .text.* .gnu.linkonce.t.*)
 *fill*         0x0000000000000404       0x1c 
 .text.__do_global_dtors_aux
                0x0000000000000420       0x50 /opt/devkitpro/devkitA64/lib/gcc/aarch64-none-elf/15.2.0/pic/crtbegin.o
 *fill*         0x0000000000000470       0x10 
 .text.frame_dummy
                0x0000000000000480       0x24 /opt/devkitpro/devkitA64/lib/gcc/aarch64-none-elf/15.2.0/pic/crtbegin.o
 *fill*         0x00000000000004a4        0xc 
 .text.__appInit
                0x00000000000004b0        0x4 build/main.o
                0x00000000000004b0                __appInit
 *fill*         0x00000000000004b4        0xc 
 .text.__appExit
                0x00000000000004c0        0x4 build/main.o
                0x00000000000004c0                __appExit
 *fill*         0x00000000000004c4        0xc 
 .text._smCmifCmdInPid
                0x00000000000004d0       0xcc /opt/devkitpro/libnx/lib/libnx.a(sm.o)
 *fill*         0x000000000000059c        0x4 
 .text._smCleanup
                0x00000000000005a0       0x78 /opt/devkitpro/libnx/lib/libnx.a(sm.o)
 *fill*         0x0000000000000618        0x8 
 .text.smAddOverrideHandle
                0x0000000000000620       0x48 /opt/devkitpro/libnx/lib/libnx.a(sm.o)
                0x0000000000000620                smAddOverrideHandle
 *fill*         0x0000000000000668        0x8 
 .text.smGetServiceOverride
                0x0000000000000670       0x54 /opt/devkitpro/libnx/lib/libnx.a(sm.o)
                0x0000000000000670                smGetServiceOverride
 *fill*         0x00000000000006c4        0xc 
 .text.smInitialize
                0x00000000000006d0      0x1ac /opt/devkitpro/libnx/lib/libnx.a(sm.o)
                0x00000000000006d0                smInitialize
 *fill*         0x000000000000087c        0x4 
 .text.smExit   0x0000000000000880       0x48 /opt/devkitpro/libnx/lib/libnx.a(sm.o)
                0x0000000000000880                smExit
 *fill*         0x00000000000008c8        0x8 
 .text.smGetServiceOriginal
                0x00000000000008d0       0xd0 /opt/devkitpro/libnx/lib/libnx.a(sm.o)
                0x00000000000008d0                smGetServiceOriginal
 .text.smGetServiceWrapper
                0x00000000000009a0      0x120 /opt/devkitpro/libnx/lib/libnx.a(sm.o)
                0x00000000000009a0                smGetServiceWrapper
 .text.diagAbortWithResult
                0x0000000000000ac0       0x1c /opt/devkitpro/libnx/lib/libnx.a(diag.o)
                0x0000000000000ac0                diagAbortWithResult
 *fill*         0x0000000000000adc        0x4 
 .text.hosversionSet
                0x0000000000000ae0       0x10 /opt/devkitpro/libnx/lib/libnx.a(hosversion.o)
                0x0000000000000ae0                hosversionSet
 .text.svcSetHeapSize
                0x0000000000000af0       0x14 /opt/devkitpro/libnx/lib/libnx.a(svc.o)
                0x0000000000000af0                svcSetHeapSize
 .text.svcSetMemoryPermission
                0x0000000000000b04        0x8 /opt/devkitpro/libnx/lib/libnx.a(svc.o)
                0x0000000000000b04                svcSetMemoryPermission
 .text.svcSetMemoryAttribute
                0x0000000000000b0c        0x8 /opt/devkitpro/libnx/lib/libnx.a(svc.o)
                0x0000000000000b0c                svcSetMemoryAttribute
 .text.svcUnmapMemory
                0x0000000000000b14        0x8 /opt/devkitpro/libnx/lib/libnx.a(svc.o)
                0x0000000000000b14                svcUnmapMemory
 .text.svcQueryMemory
                0x0000000000000b1c       0x14 /opt/devkitpro/libnx/lib/libnx.a(svc.o)
                0x0000000000000b1c                svcQueryMemory
 .text.svcExitProcess
                0x0000000000000b30        0x8 /opt/devkitpro/libnx/lib/libnx.a(svc.o)
                0x0000000000000b30                svcExitProcess
 .text.svcSleepThread
                0x0000000000000b38        0x8 /opt/devkitpro/libnx/lib/libnx.a(svc.o)
                0x0000000000000b38                svcSleepThread
 .text.svcCloseHandle
                0x0000000000000b40        0x8 /opt/devkitpro/libnx/lib/libnx.a(svc.o)
                0x0000000000000b40                svcCloseHandle
 .text.svcArbitrateLock
                0x0000000000000b48        0x8 /opt/devkitpro/libnx/lib/libnx.a(svc.o)
                0x0000000000000b48                svcArbitrateLock
 .text.svcArbitrateUnlock
                0x0000000000000b50        0x8 /opt/devkitpro/libnx/lib/libnx.a(svc.o)
                0x0000000000000b50                svcArbitrateUnlock
 .text.svcConnectToNamedPort
                0x0000000000000b58       0x14 /opt/devkitpro/libnx/lib/libnx.a(svc.o)
                0x0000000000000b58                svcConnectToNamedPort
 .text.svcSendSyncRequest
                0x0000000000000b6c        0x8 /opt/devkitpro/libnx/lib/libnx.a(svc.o)
                0x0000000000000b6c                svcSendSyncRequest
 .text.svcBreak
                0x0000000000000b74        0x8 /opt/devkitpro/libnx/lib/libnx.a(svc.o)
                0x0000000000000b74                svcBreak
 .text.svcOutputDebugString
                0x0000000000000b7c        0x8 /opt/devkitpro/libnx/lib/libnx.a(svc.o)
                0x0000000000000b7c                svcOutputDebugString
 .text.svcReturnFromException
                0x0000000000000b84        0x8 /opt/devkitpro/libnx/lib/libnx.a(svc.o)
                0x0000000000000b84                svcReturnFromException
 .text.svcGetInfo
                0x0000000000000b8c       0x14 /opt/devkitpro/libnx/lib/libnx.a(svc.o)
                0x0000000000000b8c                svcGetInfo
 .text.mutexLock
                0x0000000000000ba0       0xc8 /opt/devkitpro/libnx/lib/libnx.a(mutex.o)
                0x0000000000000ba0                mutexLock
 *fill*         0x0000000000000c68        0x8 
 .text.mutexUnlock
                0x0000000000000c70       0x68 /opt/devkitpro/libnx/lib/libnx.a(mutex.o)
                0x0000000000000c70                mutexUnlock
 *fill*         0x0000000000000cd8        0x8 
 .text.mutexIsLockedByCurrentThread
                0x0000000000000ce0       0x1c /opt/devkitpro/libnx/lib/libnx.a(mutex.o)
                0x0000000000000ce0                mutexIsLockedByCurrentThread
 *fill*         0x0000000000000cfc        0x4 
 .text.rmutexLock
                0x0000000000000d00       0x50 /opt/devkitpro/libnx/lib/libnx.a(mutex.o)
                0x0000000000000d00                rmutexLock
 .text.rmutexUnlock
                0x0000000000000d50       0x18 /opt/devkitpro/libnx/lib/libnx.a(mutex.o)
                0x0000000000000d50                rmutexUnlock
 *fill*         0x0000000000000d68        0x8 
 .text.argvSetup
                0x0000000000000d70      0x314 /opt/devkitpro/libnx/lib/libnx.a(argv.o)
                0x0000000000000d70                argvSetup
 *fill*         0x0000000000001084        0xc 
 .text.__nx_dynamic
                0x0000000000001090      0x1fc /opt/devkitpro/libnx/lib/libnx.a(dynamic.o)
                0x0000000000001090                __nx_dynamic
 *fill*         0x000000000000128c        0x4 
 .text.envSetup
                0x0000000000001290      0x208 /opt/devkitpro/libnx/lib/libnx.a(env.o)
                0x0000000000001290                envSetup
 *fill*         0x0000000000001498        0x8 
 .text.envGetMainThreadHandle
                0x00000000000014a0       0x20 /opt/devkitpro/libnx/lib/libnx.a(env.o)
                0x00000000000014a0                envGetMainThreadHandle
 .text.envIsNso
                0x00000000000014c0        0xc /opt/devkitpro/libnx/lib/libnx.a(env.o)
                0x00000000000014c0                envIsNso
 *fill*         0x00000000000014cc        0x4 
 .text.envHasHeapOverride
                0x00000000000014d0       0x14 /opt/devkitpro/libnx/lib/libnx.a(env.o)
                0x00000000000014d0                envHasHeapOverride
 *fill*         0x00000000000014e4        0xc 
 .text.envGetHeapOverrideAddr
                0x00000000000014f0        0xc /opt/devkitpro/libnx/lib/libnx.a(env.o)
                0x00000000000014f0                envGetHeapOverrideAddr
 *fill*         0x00000000000014fc        0x4 
 .text.envGetHeapOverrideSize
                0x0000000000001500        0xc /opt/devkitpro/libnx/lib/libnx.a(env.o)
                0x0000000000001500                envGetHeapOverrideSize
 *fill*         0x000000000000150c        0x4 
 .text.envHasArgv
                0x0000000000001510       0x14 /opt/devkitpro/libnx/lib/libnx.a(env.o)
                0x0000000000001510                envHasArgv
 *fill*         0x0000000000001524        0xc 
 .text.envGetArgv
                0x0000000000001530        0xc /opt/devkitpro/libnx/lib/libnx.a(env.o)
                0x0000000000001530                envGetArgv
 *fill*         0x000000000000153c        0x4 
 .text.envGetExitFuncPtr
                0x0000000000001540        0xc /opt/devkitpro/libnx/lib/libnx.a(env.o)
                0x0000000000001540                envGetExitFuncPtr
 *fill*         0x000000000000154c        0x4 
 .text.__libnx_initheap
                0x0000000000001550       0xd0 /opt/devkitpro/libnx/lib/libnx.a(init.o)
                0x0000000000001550                __libnx_initheap
 .text.__libnx_init
                0x0000000000001620       0x2c /opt/devkitpro/libnx/lib/libnx.a(init.o)
                0x0000000000001620                __libnx_init
 *fill*         0x000000000000164c        0x4 
 .text.__libnx_exit
                0x0000000000001650       0x1c /opt/devkitpro/libnx/lib/libnx.a(init.o)
                0x0000000000001650                __libnx_exit
 *fill*         0x000000000000166c        0x4 
 .text.__syscall_exit
                0x0000000000001670       0x1c /opt/devkitpro/libnx/lib/libnx.a(newlib.o)
                0x0000000000001670                __syscall_exit
 *fill*         0x000000000000168c        0x4 
 .text.__syscall_getreent
                0x0000000000001690       0x34 /opt/devkitpro/libnx/lib/libnx.a(newlib.o)
                0x0000000000001690                __syscall_getreent
 *fill*         0x00000000000016c4        0xc 
 .text.__syscall_lock_acquire
                0x00000000000016d0        0x4 /opt/devkitpro/libnx/lib/libnx.a(newlib.o)
                0x00000000000016d0                __syscall_lock_acquire
 *fill*         0x00000000000016d4        0xc 
 .text.__syscall_lock_release
                0x00000000000016e0        0x4 /opt/devkitpro/libnx/lib/libnx.a(newlib.o)
                0x00000000000016e0                __syscall_lock_release
 *fill*         0x00000000000016e4        0xc 
 .text.__syscall_lock_acquire_recursive
                0x00000000000016f0        0x4 /opt/devkitpro/libnx/lib/libnx.a(newlib.o)
                0x00000000000016f0                __syscall_lock_acquire_recursive
 *fill*         0x00000000000016f4        0xc 
 .text.__syscall_lock_release_recursive
                0x0000000000001700        0x4 /opt/devkitpro/libnx/lib/libnx.a(newlib.o)
                0x0000000000001700                __syscall_lock_release_recursive
 *fill*         0x0000000000001704        0xc 
 .text.newlibSetup
                0x0000000000001710       0x98 /opt/devkitpro/libnx/lib/libnx.a(newlib.o)
                0x0000000000001710                newlibSetup
 *fill*         0x00000000000017a8        0x8 
 .text.nxlinkSetup
                0x00000000000017b0       0xe8 /opt/devkitpro/libnx/lib/libnx.a(nxlink.o)
                0x00000000000017b0                nxlinkSetup
 .text.__libnx_exception_entry
                0x0000000000001898      0x1c0 /opt/devkitpro/libnx/lib/libnx.a(exception.o)
                0x0000000000001898                __libnx_exception_entry
 .text.__libnx_exception_returnentry
                0x0000000000001a58       0x18 /opt/devkitpro/libnx/lib/libnx.a(exception.o)
                0x0000000000001a58                __libnx_exception_returnentry
 .text.__libnx_init_thread
                0x0000000000001a70       0xb0 /opt/devkitpro/libnx/lib/libnx.a(thread.o)
                0x0000000000001a70                __libnx_init_thread
 .text._memregionInitWithInfo
                0x0000000000001b20       0x64 /opt/devkitpro/libnx/lib/libnx.a(virtmem.o)
 *fill*         0x0000000000001b84        0xc 
 .text.virtmemSetup
                0x0000000000001b90      0x140 /opt/devkitpro/libnx/lib/libnx.a(virtmem.o)
                0x0000000000001b90                virtmemSetup
 *fill*         0x0000000000001cd0       0x30 
 .text          0x0000000000001d00      0x22c /opt/devkitpro/devkitA64/lib/gcc/aarch64-none-elf/15.2.0/../../../../aarch64-none-elf/lib/pic/libg.a(libc_a-memcpy.o)
                0x0000000000001d00                memmove
                0x0000000000001d00                memcpy
 *fill*         0x0000000000001f2c       0x14 
 .text          0x0000000000001f40      0x104 /opt/devkitpro/devkitA64/lib/gcc/aarch64-none-elf/15.2.0/../../../../aarch64-none-elf/lib/pic/libg.a(libc_a-memset.o)
                0x0000000000001f40                memset
 *fill*         0x0000000000002044       0x1c 
 .text.snprintf
                0x0000000000002060       0xf8 /opt/devkitpro/devkitA64/lib/gcc/aarch64-none-elf/15.2.0/../../../../aarch64-none-elf/lib/pic/libg.a(libc_a-snprintf.o)
                0x0000000000002060                snprintf
 *fill*         0x0000000000002158        0x8 
 .text._strtoul_l.isra.0
                0x0000000000002160      0x1a4 /opt/devkitpro/devkitA64/lib/gcc/aarch64-none-elf/15.2.0/../../../../aarch64-none-elf/lib/pic/libg.a(libc_a-strtoul.o)
 *fill*         0x0000000000002304       0x1c 
 .text.strtoul  0x0000000000002320       0x40 /opt/devkitpro/devkitA64/lib/gcc/aarch64-none-elf/15.2.0/../../../../aarch64-none-elf/lib/pic/libg.a(libc_a-strtoul.o)
                0x0000000000002320                strtoul
 .text._memalign_r
                0x0000000000002360      0x18c /opt/devkitpro/devkitA64/lib/gcc/aarch64-none-elf/15.2.0/../../../../aarch64-none-elf/lib/pic/libg.a(libc_a-malignr.o)
                0x0000000000002360                _memalign_r
 *fill*         0x00000000000024ec       0x14 
 .text.__errno  0x0000000000002500       0x14 /opt/devkitpro/devkitA64/lib/gcc/aarch64-none-elf/15.2.0/../../../../aarch64-none-elf/lib/pic/libg.a(libc_a-errno.o)
                0x0000000000002500                __errno
 *fill*         0x0000000000002514       0x2c 
 .text          0x0000000000002540      0x130 /opt/devkitpro/devkitA64/lib/gcc/aarch64-none-elf/15.2.0/../../../../aarch64-none-elf/lib/pic/libg.a(libc_a-strlen.o)
                0x0000000000002540                strlen
 *fill*         0x0000000000002670       0x10 
 .text          0x0000000000002680      0x1b4 /opt/devkitpro/devkitA64/lib/gcc/aarch64-none-elf/15.2.0/../../../../aarch64-none-elf/lib/pic/libg.a(libc_a-strncmp.o)
                0x0000000000002680                strncmp
 *fill*         0x0000000000002834        0xc 
 .text._malloc_r
                0x0000000000002840      0x840 /opt/devkitpro/devkitA64/lib/gcc/aarch64-none-elf/15.2.0/../../../../aarch64-none-elf/lib/pic/libg.a(libc_a-mallocr.o)
                0x0000000000002840                _malloc_r
 .text._malloc_trim_r
                0x0000000000003080      0x11c /opt/devkitpro/devkitA64/lib/gcc/aarch64-none-elf/15.2.0/../../../../aarch64-none-elf/lib/pic/libg.a(libc_a-freer.o)
                0x0000000000003080                _malloc_trim_r
 *fill*         0x000000000000319c        0x4 
 .text._free_r  0x00000000000031a0      0x2d8 /opt/devkitpro/devkitA64/lib/gcc/aarch64-none-elf/15.2.0/../../../../aarch64-none-elf/lib/pic/libg.a(libc_a-freer.o)
                0x00000000000031a0                _free_r
 *fill*         0x0000000000003478        0x8 
 .text.stdio_exit_handler
                0x0000000000003480       0x1c /opt/devkitpro/devkitA64/lib/gcc/aarch64-none-elf/15.2.0/../../../../aarch64-none-elf/lib/pic/libg.a(libc_a-findfp.o)
 *fill*         0x000000000000349c        0x4 
 .text.cleanup_stdio
                0x00000000000034a0       0x6c /opt/devkitpro/devkitA64/lib/gcc/aarch64-none-elf/15.2.0/../../../../aarch64-none-elf/lib/pic/libg.a(libc_a-findfp.o)
 *fill*         0x000000000000350c       0x14 
 .text.global_stdio_init.part.0
                0x0000000000003520      0x128 /opt/devkitpro/devkitA64/lib/gcc/aarch64-none-elf/15.2.0/../../../../aarch64-none-elf/lib/pic/libg.a(libc_a-findfp.o)
 *fill*         0x0000000000003648       0x18 
 .text.__sfp_lock_acquire
                0x0000000000003660        0xc /opt/devkitpro/devkitA64/lib/gcc/aarch64-none-elf/15.2.0/../../../../aarch64-none-elf/lib/pic/libg.a(libc_a-findfp.o)
                0x0000000000003660                __sfp_lock_acquire
 *fill*         0x000000000000366c       0x14 
 .text.__sfp_lock_release
                0x0000000000003680        0xc /opt/devkitpro/devkitA64/lib/gcc/aarch64-none-elf/15.2.0/../../../../aarch64-none-elf/lib/pic/libg.a(libc_a-findfp.o)
                0x0000000000003680                __sfp_lock_release
 *fill*         0x000000000000368c       0x14 
 .text.__sinit  0x00000000000036a0       0x54 /opt/devkitpro/devkitA64/lib/gcc/aarch64-none-elf/15.2.0/../../../../aarch64-none-elf/lib/pic/libg.a(libc_a-findfp.o)
                0x00000000000036a0                __sinit
 *fill*         0x00000000000036f4        0xc 
 .text.__libc_init_array
                0x0000000000003700       0xa4 /opt/devkitpro/devkitA64/lib/gcc/aarch64-none-elf/15.2.0/../../../../aarch64-none-elf/lib/pic/libg.a(libc_a-init.o)
                0x0000000000003700                __libc_init_array
 *fill*         0x00000000000037a4       0x1c 
 .text.strncpy  0x00000000000037c0       0xac /opt/devkitpro/devkitA64/lib/gcc/aarch64-none-elf/15.2.0/../../../../aarch64-none-elf/lib/pic/libg.a(libc_a-strncpy.o)
                0x00000000000037c0                strncpy
 *fill*         0x000000000000386c       0x14 
 .text.free     0x0000000000003880       0x1c /opt/devkitpro/devkitA64/lib/gcc/aarch64-none-elf/15.2.0/../../../../aarch64-none-elf/lib/pic/libg.a(libc_a-malloc.o)
                0x0000000000003880                free
 *fill*         0x000000000000389c        0x4 
 .text.__sread  0x00000000000038a0       0x4c /opt/devkitpro/devkitA64/lib/gcc/aarch64-none-elf/15.2.0/../../../../aarch64-none-elf/lib/pic/libg.a(libc_a-stdio.o)
                0x00000000000038a0                __sread
 *fill*         0x00000000000038ec       0x14 
 .text.__swrite
                0x0000000000003900       0x70 /opt/devkitpro/devkitA64/lib/gcc/aarch64-none-elf/15.2.0/../../../../aarch64-none-elf/lib/pic/libg.a(libc_a-stdio.o)
                0x0000000000003900                __swrite
 *fill*         0x0000000000003970       0x10 
 .text.__sseek  0x0000000000003980       0x50 /opt/devkitpro/devkitA64/lib/gcc/aarch64-none-elf/15.2.0/../../../../aarch64-none-elf/lib/pic/libg.a(libc_a-stdio.o)
                0x0000000000003980                __sseek
 *fill*         0x00000000000039d0       0x10 
 .text.__sclose
                0x00000000000039e0        0x8 /opt/devkitpro/devkitA64/lib/gcc/aarch64-none-elf/15.2.0/../../../../aarch64-none-elf/lib/pic/libg.a(libc_a-stdio.o)
                0x00000000000039e0                __sclose
 *fill*         0x00000000000039e8       0x18 
 .text.__malloc_lock
                0x0000000000003a00        0xc /opt/devkitpro/devkitA64/lib/gcc/aarch64-none-elf/15.2.0/../../../../aarch64-none-elf/lib/pic/libg.a(libc_a-mlock.o)
                0x0000000000003a00                __malloc_lock
 *fill*         0x0000000000003a0c       0x14 
 .text.__malloc_unlock
                0x0000000000003a20        0xc /opt/devkitpro/devkitA64/lib/gcc/aarch64-none-elf/15.2.0/../../../../aarch64-none-elf/lib/pic/libg.a(libc_a-mlock.o)
                0x0000000000003a20                __malloc_unlock
 *fill*         0x0000000000003a2c       0x14 
 .text._fclose_r
                0x0000000000003a40      0x130 /opt/devkitpro/devkitA64/lib/gcc/aarch64-none-elf/15.2.0/../../../../aarch64-none-elf/lib/pic/libg.a(libc_a-fclose.o)
                0x0000000000003a40                _fclose_r
 *fill*         0x0000000000003b70       0x10 
 .text.__call_exitprocs
                0x0000000000003b80        0x4 /opt/devkitpro/devkitA64/lib/gcc/aarch64-none-elf/15.2.0/../../../../aarch64-none-elf/lib/pic/libg.a(libc_a-exit.o)
                0x0000000000003b80                __call_exitprocs
 .text.get_arg  0x0000000000003b84      0x790 /opt/devkitpro/devkitA64/lib/gcc/aarch64-none-elf/15.2.0/../../../../aarch64-none-elf/lib/pic/libg.a(libc_a-svfprintf.o)
 .text._svfprintf_r
                0x0000000000004314     0x3a84 /opt/devkitpro/devkitA64/lib/gcc/aarch64-none-elf/15.2.0/../../../../aarch64-none-elf/lib/pic/libg.a(libc_a-svfprintf.o)
                0x0000000000004314                _svfprintf_r
 *fill*         0x0000000000007d98        0x8 
 .text.__libc_fini_array
                0x0000000000007da0       0x44 /opt/devkitpro/devkitA64/lib/gcc/aarch64-none-elf/15.2.0/../../../../aarch64-none-elf/lib/pic/libg.a(libc_a-fini.o)
                0x0000000000007da0                __libc_fini_array
 *fill*         0x0000000000007de4       0x1c 
 .text          0x0000000000007e00       0xdc /opt/devkitpro/devkitA64/lib/gcc/aarch64-none-elf/15.2.0/../../../../aarch64-none-elf/lib/pic/libg.a(libc_a-memchr.o)
                0x0000000000007e00                memchr
 *fill*         0x0000000000007edc        0x4 
 .text.frexp    0x0000000000007ee0       0x7c /opt/devkitpro/devkitA64/lib/gcc/aarch64-none-elf/15.2.0/../../../../aarch64-none-elf/lib/pic/libg.a(libm_a-s_frexp.o)
                0x0000000000007ee0                frexp
 *fill*         0x0000000000007f5c        0x4 
 .text._fwalk_sglue
                0x0000000000007f60       0x98 /opt/devkitpro/devkitA64/lib/gcc/aarch64-none-elf/15.2.0/../../../../aarch64-none-elf/lib/pic/libg.a(libc_a-fwalk.o)
                0x0000000000007f60                _fwalk_sglue
 *fill*         0x0000000000007ff8        0x8 
 .text._wcrtomb_r
                0x0000000000008000       0xd0 /opt/devkitpro/devkitA64/lib/gcc/aarch64-none-elf/15.2.0/../../../../aarch64-none-elf/lib/pic/libg.a(libc_a-wcrtomb.o)
                0x0000000000008000                _wcrtomb_r
 *fill*         0x00000000000080d0       0x10 
 .text.__ssprint_r
                0x00000000000080e0       0xc8 /opt/devkitpro/devkitA64/lib/gcc/aarch64-none-elf/15.2.0/../../../../aarch64-none-elf/lib/pic/libg.a(libc_a-ssprint_r.o)
                0x00000000000080e0                __ssprint_r
 *fill*         0x00000000000081a8       0x18 
 .text.__locale_mb_cur_max
                0x00000000000081c0       0x2c /opt/devkitpro/devkitA64/lib/gcc/aarch64-none-elf/15.2.0/../../../../aarch64-none-elf/lib/pic/libg.a(libc_a-locale.o)
                0x00000000000081c0                __locale_mb_cur_max
 *fill*         0x00000000000081ec       0x14 
 .text.__sflush_r
                0x0000000000008200      0x1ec /opt/devkitpro/devkitA64/lib/gcc/aarch64-none-elf/15.2.0/../../../../aarch64-none-elf/lib/pic/libg.a(libc_a-fflush.o)
                0x0000000000008200                __sflush_r
 *fill*         0x00000000000083ec       0x14 
 .text._fflush_r
                0x0000000000008400       0xbc /opt/devkitpro/devkitA64/lib/gcc/aarch64-none-elf/15.2.0/../../../../aarch64-none-elf/lib/pic/libg.a(libc_a-fflush.o)
                0x0000000000008400                _fflush_r
 *fill*         0x00000000000084bc        0x4 
 .text.quorem   0x00000000000084c0      0x1a4 /opt/devkitpro/devkitA64/lib/gcc/aarch64-none-elf/15.2.0/../../../../aarch64-none-elf/lib/pic/libg.a(libc_a-dtoa.o)
 *fill*         0x0000000000008664       0x1c 
 .text._dtoa_r  0x0000000000008680     0x12f0 /opt/devkitpro/devkitA64/lib/gcc/aarch64-none-elf/15.2.0/../../../../aarch64-none-elf/lib/pic/libg.a(libc_a-dtoa.o)
                0x0000000000008680                _dtoa_r
 *fill*         0x0000000000009970       0x10 
 .text._wcsrtombs_r
                0x0000000000009980       0x10 /opt/devkitpro/devkitA64/lib/gcc/aarch64-none-elf/15.2.0/../../../../aarch64-none-elf/lib/pic/libg.a(libc_a-wcsrtombs.o)
                0x0000000000009980                _wcsrtombs_r
 *fill*         0x0000000000009990       0x10 
 .text.__localeconv_l
                0x00000000000099a0        0x8 /opt/devkitpro/devkitA64/lib/gcc/aarch64-none-elf/15.2.0/../../../../aarch64-none-elf/lib/pic/libg.a(libc_a-localeconv.o)
                0x00000000000099a0                __localeconv_l
 *fill*         0x00000000000099a8       0x18 
 .text._localeconv_r
                0x00000000000099c0       0x28 /opt/devkitpro/devkitA64/lib/gcc/aarch64-none-elf/15.2.0/../../../../aarch64-none-elf/lib/pic/libg.a(libc_a-localeconv.o)
                0x00000000000099c0                _localeconv_r
 *fill*         0x00000000000099e8       0x18 
 .text._realloc_r
                0x0000000000009a00      0x568 /opt/devkitpro/devkitA64/lib/gcc/aarch64-none-elf/15.2.0/../../../../aarch64-none-elf/lib/pic/libg.a(libc_a-reallocr.o)
                0x0000000000009a00                _realloc_r
 *fill*         0x0000000000009f68       0x18 
 .text.__ssputs_r
                0x0000000000009f80      0x188 /opt/devkitpro/devkitA64/lib/gcc/aarch64-none-elf/15.2.0/../../../../aarch64-none-elf/lib/pic/libg.a(libc_a-ssputs_r.o)
                0x0000000000009f80                __ssputs_r
 *fill*         0x000000000000a108       0x18 
 .text.__utf8_wctomb
                0x000000000000a120       0xe0 /opt/devkitpro/devkitA64/lib/gcc/aarch64-none-elf/15.2.0/../../../../aarch64-none-elf/lib/pic/libg.a(libc_a-wctomb_r.o)
                0x000000000000a120                __utf8_wctomb
 .text._wcsnrtombs_l
                0x000000000000a200      0x188 /opt/devkitpro/devkitA64/lib/gcc/aarch64-none-elf/15.2.0/../../../../aarch64-none-elf/lib/pic/libg.a(libc_a-wcsnrtombs.o)
                0x000000000000a200                _wcsnrtombs_l
 *fill*         0x000000000000a388       0x18 
 .text._wcsnrtombs_r
                0x000000000000a3a0       0x54 /opt/devkitpro/devkitA64/lib/gcc/aarch64-none-elf/15.2.0/../../../../aarch64-none-elf/lib/pic/libg.a(libc_a-wcsnrtombs.o)
                0x000000000000a3a0                _wcsnrtombs_r
 *fill*         0x000000000000a3f4        0xc 
 .text.__assert_func
                0x000000000000a400       0x64 /opt/devkitpro/devkitA64/lib/gcc/aarch64-none-elf/15.2.0/../../../../aarch64-none-elf/lib/pic/libg.a(libc_a-assert.o)
                0x000000000000a400                __assert_func
 *fill*         0x000000000000a464       0x1c 
 .text._Balloc  0x000000000000a480       0xa4 /opt/devkitpro/devkitA64/lib/gcc/aarch64-none-elf/15.2.0/../../../../aarch64-none-elf/lib/pic/libg.a(libc_a-mprec.o)
                0x000000000000a480                _Balloc
 *fill*         0x000000000000a524       0x1c 
 .text._Bfree   0x000000000000a540       0x20 /opt/devkitpro/devkitA64/lib/gcc/aarch64-none-elf/15.2.0/../../../../aarch64-none-elf/lib/pic/libg.a(libc_a-mprec.o)
                0x000000000000a540                _Bfree
 .text.__multadd
                0x000000000000a560      0x118 /opt/devkitpro/devkitA64/lib/gcc/aarch64-none-elf/15.2.0/../../../../aarch64-none-elf/lib/pic/libg.a(libc_a-mprec.o)
                0x000000000000a560                __multadd
 *fill*         0x000000000000a678        0x8 
 .text.__hi0bits
                0x000000000000a680       0x94 /opt/devkitpro/devkitA64/lib/gcc/aarch64-none-elf/15.2.0/../../../../aarch64-none-elf/lib/pic/libg.a(libc_a-mprec.o)
                0x000000000000a680                __hi0bits
 *fill*         0x000000000000a714        0xc 
 .text.__lo0bits
                0x000000000000a720      0x100 /opt/devkitpro/devkitA64/lib/gcc/aarch64-none-elf/15.2.0/../../../../aarch64-none-elf/lib/pic/libg.a(libc_a-mprec.o)
                0x000000000000a720                __lo0bits
 .text.__i2b    0x000000000000a820       0x4c /opt/devkitpro/devkitA64/lib/gcc/aarch64-none-elf/15.2.0/../../../../aarch64-none-elf/lib/pic/libg.a(libc_a-mprec.o)
                0x000000000000a820                __i2b
 *fill*         0x000000000000a86c       0x14 
 .text.__multiply
                0x000000000000a880      0x210 /opt/devkitpro/devkitA64/lib/gcc/aarch64-none-elf/15.2.0/../../../../aarch64-none-elf/lib/pic/libg.a(libc_a-mprec.o)
                0x000000000000a880                __multiply
 *fill*         0x000000000000aa90       0x10 
 .text.__pow5mult
                0x000000000000aaa0      0x104 /opt/devkitpro/devkitA64/lib/gcc/aarch64-none-elf/15.2.0/../../../../aarch64-none-elf/lib/pic/libg.a(libc_a-mprec.o)
                0x000000000000aaa0                __pow5mult
 *fill*         0x000000000000aba4       0x1c 
 .text.__lshift
                0x000000000000abc0      0x174 /opt/devkitpro/devkitA64/lib/gcc/aarch64-none-elf/15.2.0/../../../../aarch64-none-elf/lib/pic/libg.a(libc_a-mprec.o)
                0x000000000000abc0                __lshift
 *fill*         0x000000000000ad34        0xc 
 .text.__mcmp   0x000000000000ad40       0x50 /opt/devkitpro/devkitA64/lib/gcc/aarch64-none-elf/15.2.0/../../../../aarch64-none-elf/lib/pic/libg.a(libc_a-mprec.o)
                0x000000000000ad40                __mcmp
 *fill*         0x000000000000ad90       0x10 
 .text.__mdiff  0x000000000000ada0      0x1c4 /opt/devkitpro/devkitA64/lib/gcc/aarch64-none-elf/15.2.0/../../../../aarch64-none-elf/lib/pic/libg.a(libc_a-mprec.o)
                0x000000000000ada0                __mdiff
 *fill*         0x000000000000af64       0x1c 
 .text.__d2b    0x000000000000af80      0x14c /opt/devkitpro/devkitA64/lib/gcc/aarch64-none-elf/15.2.0/../../../../aarch64-none-elf/lib/pic/libg.a(libc_a-mprec.o)
                0x000000000000af80                __d2b
 *fill*         0x000000000000b0cc       0x14 
 .text.__utf8_mbtowc
                0x000000000000b0e0      0x2dc /opt/devkitpro/devkitA64/lib/gcc/aarch64-none-elf/15.2.0/../../../../aarch64-none-elf/lib/pic/libg.a(libc_a-mbtowc_r.o)
                0x000000000000b0e0                __utf8_mbtowc
 *fill*         0x000000000000b3bc        0x4 
 .text.fiprintf
                0x000000000000b3c0       0x80 /opt/devkitpro/devkitA64/lib/gcc/aarch64-none-elf/15.2.0/../../../../aarch64-none-elf/lib/pic/libg.a(libc_a-fiprintf.o)
                0x000000000000b3c0                fiprintf
 .text.abort    0x000000000000b440       0x18 /opt/devkitpro/devkitA64/lib/gcc/aarch64-none-elf/15.2.0/../../../../aarch64-none-elf/lib/pic/libg.a(libc_a-abort.o)
                0x000000000000b440                abort
 *fill*         0x000000000000b458        0x8 
 .text._calloc_r
                0x000000000000b460       0xbc /opt/devkitpro/devkitA64/lib/gcc/aarch64-none-elf/15.2.0/../../../../aarch64-none-elf/lib/pic/libg.a(libc_a-callocr.o)
                0x000000000000b460                _calloc_r
 .text.get_arg  0x000000000000b51c      0x790 /opt/devkitpro/devkitA64/lib/gcc/aarch64-none-elf/15.2.0/../../../../aarch64-none-elf/lib/pic/libg.a(libc_a-vfiprintf.o)
 .text._vfiprintf_r
                0x000000000000bcac     0x2964 /opt/devkitpro/devkitA64/lib/gcc/aarch64-none-elf/15.2.0/../../../../aarch64-none-elf/lib/pic/libg.a(libc_a-vfiprintf.o)
                0x000000000000bcac                _vfiprintf_r
 .text.__sbprintf
                0x000000000000e610       0xcc /opt/devkitpro/devkitA64/lib/gcc/aarch64-none-elf/15.2.0/../../../../aarch64-none-elf/lib/pic/libg.a(libc_a-vfiprintf.o)
 *fill*         0x000000000000e6dc        0x4 
 .text._raise_r
                0x000000000000e6e0       0x9c /opt/devkitpro/devkitA64/lib/gcc/aarch64-none-elf/15.2.0/../../../../aarch64-none-elf/lib/pic/libg.a(libc_a-signal.o)
                0x000000000000e6e0                _raise_r
 *fill*         0x000000000000e77c        0x4 
 .text.raise    0x000000000000e780       0x1c /opt/devkitpro/devkitA64/lib/gcc/aarch64-none-elf/15.2.0/../../../../aarch64-none-elf/lib/pic/libg.a(libc_a-signal.o)
                0x000000000000e780                raise
 *fill*         0x000000000000e79c        0x4 
 .text.__sprint_r
                0x000000000000e7a0       0x38 /opt/devkitpro/devkitA64/lib/gcc/aarch64-none-elf/15.2.0/../../../../aarch64-none-elf/lib/pic/libg.a(libc_a-sprint_r.o)
                0x000000000000e7a0                __sprint_r
 *fill*         0x000000000000e7d8        0x8 
 .text.__swsetup_r
                0x000000000000e7e0      0x12c /opt/devkitpro/devkitA64/lib/gcc/aarch64-none-elf/15.2.0/../../../../aarch64-none-elf/lib/pic/libg.a(libc_a-wsetup.o)
                0x000000000000e7e0                __swsetup_r
 *fill*         0x000000000000e90c       0x14 
 .text.__sfvwrite_r
                0x000000000000e920      0x4a4 /opt/devkitpro/devkitA64/lib/gcc/aarch64-none-elf/15.2.0/../../../../aarch64-none-elf/lib/pic/libg.a(libc_a-fvwrite.o)
                0x000000000000e920                __sfvwrite_r
 *fill*         0x000000000000edc4       0x1c 
 .text.__swhatbuf_r
                0x000000000000ede0       0xb0 /opt/devkitpro/devkitA64/lib/gcc/aarch64-none-elf/15.2.0/../../../../aarch64-none-elf/lib/pic/libg.a(libc_a-makebuf.o)
                0x000000000000ede0                __swhatbuf_r
 *fill*         0x000000000000ee90       0x10 
 .text.__smakebuf_r
                0x000000000000eea0       0xe8 /opt/devkitpro/devkitA64/lib/gcc/aarch64-none-elf/15.2.0/../../../../aarch64-none-elf/lib/pic/libg.a(libc_a-makebuf.o)
                0x000000000000eea0                __smakebuf_r
 *fill*         0x000000000000ef88       0x18 
 .text._exit    0x000000000000efa0       0x20 /opt/devkitpro/devkitA64/lib/gcc/aarch64-none-elf/15.2.0/../../../../aarch64-none-elf/lib/pic/libsysbase.a(libsysbase_libsysbase_a-_exit.o)
                0x000000000000efa0                _exit
 .text._fstat_r
                0x000000000000efc0       0x9c /opt/devkitpro/devkitA64/lib/gcc/aarch64-none-elf/15.2.0/../../../../aarch64-none-elf/lib/pic/libsysbase.a(libsysbase_libsysbase_a-fstat.o)
                0x000000000000efc0                _fstat_r
 *fill*         0x000000000000f05c        0x4 
 .text._getpid_r
                0x000000000000f060       0x10 /opt/devkitpro/devkitA64/lib/gcc/aarch64-none-elf/15.2.0/../../../../aarch64-none-elf/lib/pic/libsysbase.a(libsysbase_libsysbase_a-getpid.o)
                0x000000000000f060                _getpid_r
 *fill*         0x000000000000f070       0x10 
 .text.__getreent
                0x000000000000f080       0x20 /opt/devkitpro/devkitA64/lib/gcc/aarch64-none-elf/15.2.0/../../../../aarch64-none-elf/lib/pic/libsysbase.a(libsysbase_libsysbase_a-getreent.o)
                0x000000000000f080                __getreent
 .text.__get_handle
                0x000000000000f0a0       0x60 /opt/devkitpro/devkitA64/lib/gcc/aarch64-none-elf/15.2.0/../../../../aarch64-none-elf/lib/pic/libsysbase.a(libsysbase_libsysbase_a-handle_manager.o)
                0x000000000000f0a0                __get_handle
 .text._close_r
                0x000000000000f100       0xf4 /opt/devkitpro/devkitA64/lib/gcc/aarch64-none-elf/15.2.0/../../../../aarch64-none-elf/lib/pic/libsysbase.a(libsysbase_libsysbase_a-handle_manager.o)
                0x000000000000f100                _close_r
 *fill*         0x000000000000f1f4        0xc 
 .text.null_write
                0x000000000000f200        0x8 /opt/devkitpro/devkitA64/lib/gcc/aarch64-none-elf/15.2.0/../../../../aarch64-none-elf/lib/pic/libsysbase.a(libsysbase_libsysbase_a-iosupport.o)
 *fill*         0x000000000000f208       0x18 
 .text._isatty_r
                0x000000000000f220        0x8 /opt/devkitpro/devkitA64/lib/gcc/aarch64-none-elf/15.2.0/../../../../aarch64-none-elf/lib/pic/libsysbase.a(libsysbase_libsysbase_a-isatty.o)
                0x000000000000f220                _isatty_r
 *fill*         0x000000000000f228       0x18 
 .text._kill_r  0x000000000000f240       0x10 /opt/devkitpro/devkitA64/lib/gcc/aarch64-none-elf/15.2.0/../../../../aarch64-none-elf/lib/pic/libsysbase.a(libsysbase_libsysbase_a-kill.o)
                0x000000000000f240                _kill_r
 *fill*         0x000000000000f250       0x10 
 .text._lseek_r
                0x000000000000f260       0xa0 /opt/devkitpro/devkitA64/lib/gcc/aarch64-none-elf/15.2.0/../../../../aarch64-none-elf/lib/pic/libsysbase.a(libsysbase_libsysbase_a-lseek.o)
                0x000000000000f260                _lseek_r
 .text._read_r  0x000000000000f300       0xb0 /opt/devkitpro/devkitA64/lib/gcc/aarch64-none-elf/15.2.0/../../../../aarch64-none-elf/lib/pic/libsysbase.a(libsysbase_libsysbase_a-read.o)
                0x000000000000f300                _read_r
 *fill*         0x000000000000f3b0       0x10 
 .text._sbrk_r  0x000000000000f3c0       0x78 /opt/devkitpro/devkitA64/lib/gcc/aarch64-none-elf/15.2.0/../../../../aarch64-none-elf/lib/pic/libsysbase.a(libsysbase_libsysbase_a-sbrk.o)
                0x000000000000f3c0                _sbrk_r
 *fill*         0x000000000000f438        0x8 
 .text.__libc_lock_acquire
                0x000000000000f440       0x14 /opt/devkitpro/devkitA64/lib/gcc/aarch64-none-elf/15.2.0/../../../../aarch64-none-elf/lib/pic/libsysbase.a(libsysbase_libsysbase_a-syscall_support.o)
                0x000000000000f440                __libc_lock_acquire
 *fill*         0x000000000000f454        0xc 
 .text.__libc_lock_release
                0x000000000000f460       0x14 /opt/devkitpro/devkitA64/lib/gcc/aarch64-none-elf/15.2.0/../../../../aarch64-none-elf/lib/pic/libsysbase.a(libsysbase_libsysbase_a-syscall_support.o)
                0x000000000000f460                __libc_lock_release
 *fill*         0x000000000000f474        0xc 
 .text.__libc_lock_acquire_recursive
                0x000000000000f480       0x14 /opt/devkitpro/devkitA64/lib/gcc/aarch64-none-elf/15.2.0/../../../../aarch64-none-elf/lib/pic/libsysbase.a(libsysbase_libsysbase_a-syscall_support.o)
                0x000000000000f480                __libc_lock_acquire_recursive
 *fill*         0x000000000000f494        0xc 
 .text.__libc_lock_release_recursive
                0x000000000000f4a0       0x14 /opt/devkitpro/devkitA64/lib/gcc/aarch64-none-elf/15.2.0/../../../../aarch64-none-elf/lib/pic/libsysbase.a(libsysbase_libsysbase_a-syscall_support.o)
                0x000000000000f4a0                __libc_lock_release_recursive
 *fill*         0x000000000000f4b4        0xc 
 .text._write_r
                0x000000000000f4c0       0xb0 /opt/devkitpro/devkitA64/lib/gcc/aarch64-none-elf/15.2.0/../../../../aarch64-none-elf/lib/pic/libsysbase.a(libsysbase_libsysbase_a-write.o)
                0x000000000000f4c0                _write_r
 *fill*         0x000000000000f570       0x10 
 .text.__trunctfdf2
                0x000000000000f580      0x380 /opt/devkitpro/devkitA64/lib/gcc/aarch64-none-elf/15.2.0/pic/libgcc.a(trunctfdf2.o)
                0x000000000000f580                __trunctfdf2
 .text.__sfp_handle_exceptions
                0x000000000000f900       0x70 /opt/devkitpro/devkitA64/lib/gcc/aarch64-none-elf/15.2.0/pic/libgcc.a(sfp-exceptions.o)
                0x000000000000f900                __sfp_handle_exceptions
                0x000000000000f970                . = ALIGN (0x8)

.init           0x000000000000f970       0x38
 *(.init)
 .init          0x000000000000f970       0x18 /opt/devkitpro/devkitA64/lib/gcc/aarch64-none-elf/15.2.0/pic/crti.o
                0x000000000000f970                _init
 .init          0x000000000000f988       0x1c /opt/devkitpro/devkitA64/lib/gcc/aarch64-none-elf/15.2.0/pic/crtn.o
                0x000000000000f9a8                . = ALIGN (0x8)
 *fill*         0x000000000000f9a4        0x4 

.plt            0x000000000000f9a8        0x0
 *(.plt)
 .plt           0x000000000000f9a8        0x0 /opt/devkitpro/devkitA64/lib/gcc/aarch64-none-elf/15.2.0/pic/crti.o
 *(.iplt)
                0x000000000000f9a8                . = ALIGN (0x8)

.fini           0x000000000000f9a8       0x38
 *(.fini)
 .fini          0x000000000000f9a8       0x18 /opt/devkitpro/devkitA64/lib/gcc/aarch64-none-elf/15.2.0/pic/crti.o
                0x000000000000f9a8                _fini
 .fini          0x000000000000f9c0       0x1c /opt/devkitpro/devkitA64/lib/gcc/aarch64-none-elf/15.2.0/pic/crtn.o
                0x000000000000f9e0                . = ALIGN (0x8)
 *fill*         0x000000000000f9dc        0x4 
                0x0000000000010000                . = ALIGN (0x1000)
                [!provide]                        PROVIDE (__rodata_start = .)

.nx-module-name
                0x0000000000010000       0x17
 *(.nx-module-name)
 .nx-module-name
                0x0000000000010000       0x17 /opt/devkitpro/devkitA64/lib/gcc/aarch64-none-elf/15.2.0/pic/crti.o

.rela.dyn       0x0000000000010018        0x0
 *(.rela.*)
 .rela.got      0x0000000000010018        0x0 /opt/devkitpro/devkitA64/lib/gcc/aarch64-none-elf/15.2.0/pic/crti.o
 .rela.plt      0x0000000000010018        0x0 /opt/devkitpro/devkitA64/lib/gcc/aarch64-none-elf/15.2.0/pic/crti.o
 .rela.bss      0x0000000000010018        0x0 /opt/devkitpro/devkitA64/lib/gcc/aarch64-none-elf/15.2.0/pic/crti.o
 .rela.data.rel.ro
                0x0000000000010018        0x0 /opt/devkitpro/devkitA64/lib/gcc/aarch64-none-elf/15.2.0/pic/crti.o
 .rela.init_array
                0x0000000000010018        0x0 /opt/devkitpro/devkitA64/lib/gcc/aarch64-none-elf/15.2.0/pic/crti.o
 .rela.fini_array
                0x0000000000010018        0x0 /opt/devkitpro/devkitA64/lib/gcc/aarch64-none-elf/15.2.0/pic/crti.o
 .rela.ifunc    0x0000000000010018        0x0 /opt/devkitpro/devkitA64/lib/gcc/aarch64-none-elf/15.2.0/pic/crti.o
 .rela.data     0x0000000000010018        0x0 /opt/devkitpro/devkitA64/lib/gcc/aarch64-none-elf/15.2.0/pic/crti.o
 .rela.data.rel._impure_ptr
                0x0000000000010018        0x0 /opt/devkitpro/devkitA64/lib/gcc/aarch64-none-elf/15.2.0/pic/crti.o
 .rela.data.rel._impure_data
                0x0000000000010018        0x0 /opt/devkitpro/devkitA64/lib/gcc/aarch64-none-elf/15.2.0/pic/crti.o
 .rela.data.rel.__malloc_av_
                0x0000000000010018        0x0 /opt/devkitpro/devkitA64/lib/gcc/aarch64-none-elf/15.2.0/pic/crti.o
 .rela.data.rel.__sglue
                0x0000000000010018        0x0 /opt/devkitpro/devkitA64/lib/gcc/aarch64-none-elf/15.2.0/pic/crti.o
 .rela.data.rel.__global_locale
                0x0000000000010018        0x0 /opt/devkitpro/devkitA64/lib/gcc/aarch64-none-elf/15.2.0/pic/crti.o
 .rela.data.rel.local.handles
                0x0000000000010018        0x0 /opt/devkitpro/devkitA64/lib/gcc/aarch64-none-elf/15.2.0/pic/crti.o
 .rela.data.rel.devoptab_list
                0x0000000000010018        0x0 /opt/devkitpro/devkitA64/lib/gcc/aarch64-none-elf/15.2.0/pic/crti.o
 .rela.data.rel.ro.local.dotab_stdnull
                0x0000000000010018        0x0 /opt/devkitpro/devkitA64/lib/gcc/aarch64-none-elf/15.2.0/pic/crti.o

.relr.dyn       0x0000000000010018       0x78
 *(.relr.*)
 .relr.dyn      0x0000000000010018       0x78 /opt/devkitpro/devkitA64/lib/gcc/aarch64-none-elf/15.2.0/pic/crti.o

.hash           0x0000000000010090       0x18
 *(.hash)
 .hash          0x0000000000010090       0x18 /opt/devkitpro/devkitA64/lib/gcc/aarch64-none-elf/15.2.0/pic/crti.o

.gnu.hash
 *(.gnu.hash)

.dynsym         0x00000000000100a8       0x48
 *(.dynsym)
 .dynsym        0x00000000000100a8       0x48 /opt/devkitpro/devkitA64/lib/gcc/aarch64-none-elf/15.2.0/pic/crti.o

.dynstr         0x00000000000100f0        0x1
 *(.dynstr)
 .dynstr        0x00000000000100f0        0x1 /opt/devkitpro/devkitA64/lib/gcc/aarch64-none-elf/15.2.0/pic/crti.o

.rodata         0x0000000000010100      0x9b0
 *(.rodata .rodata.* .gnu.linkonce.r.*)
 .rodata.str1.8
                0x0000000000010100      0x300 build/main.o
                                        0x11d (size before relaxing)
 .rodata.smInitialize.str1.8
                0x0000000000010400        0x0 /opt/devkitpro/libnx/lib/libnx.a(sm.o)
                                          0x4 (size before relaxing)
 .rodata.envSetup
                0x0000000000010400       0x11 /opt/devkitpro/libnx/lib/libnx.a(env.o)
 .rodata.nxlinkSetup.str1.8
                0x0000000000010411        0x0 /opt/devkitpro/libnx/lib/libnx.a(nxlink.o)
                                          0x9 (size before relaxing)
 *fill*         0x0000000000010411        0xf 
 .rodata.cst16  0x0000000000010420       0x10 /opt/devkitpro/devkitA64/lib/gcc/aarch64-none-elf/15.2.0/../../../../aarch64-none-elf/lib/pic/libg.a(libc_a-mallocr.o)
 .rodata.get_arg
                0x0000000000010430       0x40 /opt/devkitpro/devkitA64/lib/gcc/aarch64-none-elf/15.2.0/../../../../aarch64-none-elf/lib/pic/libg.a(libc_a-svfprintf.o)
 .rodata._svfprintf_r.str1.1
                0x0000000000010470       0x3b /opt/devkitpro/devkitA64/lib/gcc/aarch64-none-elf/15.2.0/../../../../aarch64-none-elf/lib/pic/libg.a(libc_a-svfprintf.o)
 *fill*         0x00000000000104ab        0x1 
 .rodata._svfprintf_r
                0x00000000000104ac       0xb6 /opt/devkitpro/devkitA64/lib/gcc/aarch64-none-elf/15.2.0/../../../../aarch64-none-elf/lib/pic/libg.a(libc_a-svfprintf.o)
 *fill*         0x0000000000010562        0xe 
 .rodata.zeroes.0
                0x0000000000010570       0x10 /opt/devkitpro/devkitA64/lib/gcc/aarch64-none-elf/15.2.0/../../../../aarch64-none-elf/lib/pic/libg.a(libc_a-svfprintf.o)
 .rodata.blanks.1
                0x0000000000010580       0x10 /opt/devkitpro/devkitA64/lib/gcc/aarch64-none-elf/15.2.0/../../../../aarch64-none-elf/lib/pic/libg.a(libc_a-svfprintf.o)
 .rodata._ctype_
                0x0000000000010590      0x101 /opt/devkitpro/devkitA64/lib/gcc/aarch64-none-elf/15.2.0/../../../../aarch64-none-elf/lib/pic/libg.a(libc_a-ctype_.o)
                0x0000000000010590                _ctype_
 *fill*         0x0000000000010691        0x7 
 .rodata.__action_table
                0x0000000000010698       0x6c /opt/devkitpro/devkitA64/lib/gcc/aarch64-none-elf/15.2.0/../../../../aarch64-none-elf/lib/pic/libg.a(libc_a-svfiprintf.o)
                0x0000000000010698                __action_table
 *fill*         0x0000000000010704        0x4 
 .rodata.__state_table
                0x0000000000010708       0x6c /opt/devkitpro/devkitA64/lib/gcc/aarch64-none-elf/15.2.0/../../../../aarch64-none-elf/lib/pic/libg.a(libc_a-svfiprintf.o)
                0x0000000000010708                __state_table
 *fill*         0x0000000000010774        0x4 
 .rodata.__chclass
                0x0000000000010778      0x100 /opt/devkitpro/devkitA64/lib/gcc/aarch64-none-elf/15.2.0/../../../../aarch64-none-elf/lib/pic/libg.a(libc_a-svfiprintf.o)
                0x0000000000010778                __chclass
 .rodata.str1.8
                0x0000000000010878        0x0 /opt/devkitpro/devkitA64/lib/gcc/aarch64-none-elf/15.2.0/../../../../aarch64-none-elf/lib/pic/libg.a(libc_a-locale.o)
                                         0x64 (size before relaxing)
 .rodata._dtoa_r.str1.8
                0x0000000000010878        0x0 /opt/devkitpro/devkitA64/lib/gcc/aarch64-none-elf/15.2.0/../../../../aarch64-none-elf/lib/pic/libg.a(libc_a-dtoa.o)
                                         0xac (size before relaxing)
 .rodata.cst8   0x0000000000010878       0x18 /opt/devkitpro/devkitA64/lib/gcc/aarch64-none-elf/15.2.0/../../../../aarch64-none-elf/lib/pic/libg.a(libc_a-dtoa.o)
 .rodata.__assert_func.str1.8
                0x0000000000010890        0x0 /opt/devkitpro/devkitA64/lib/gcc/aarch64-none-elf/15.2.0/../../../../aarch64-none-elf/lib/pic/libg.a(libc_a-assert.o)
                                         0x47 (size before relaxing)
 .rodata.__multadd.str1.8
                0x0000000000010890        0x0 /opt/devkitpro/devkitA64/lib/gcc/aarch64-none-elf/15.2.0/../../../../aarch64-none-elf/lib/pic/libg.a(libc_a-mprec.o)
                                         0x8d (size before relaxing)
 .rodata.p05.0  0x0000000000010890        0xc /opt/devkitpro/devkitA64/lib/gcc/aarch64-none-elf/15.2.0/../../../../aarch64-none-elf/lib/pic/libg.a(libc_a-mprec.o)
 *fill*         0x000000000001089c        0x4 
 .rodata.__mprec_bigtens
                0x00000000000108a0       0x28 /opt/devkitpro/devkitA64/lib/gcc/aarch64-none-elf/15.2.0/../../../../aarch64-none-elf/lib/pic/libg.a(libc_a-mprec.o)
                0x00000000000108a0                __mprec_bigtens
 .rodata.__mprec_tens
                0x00000000000108c8       0xc8 /opt/devkitpro/devkitA64/lib/gcc/aarch64-none-elf/15.2.0/../../../../aarch64-none-elf/lib/pic/libg.a(libc_a-mprec.o)
                0x00000000000108c8                __mprec_tens
 .rodata.get_arg
                0x0000000000010990       0x40 /opt/devkitpro/devkitA64/lib/gcc/aarch64-none-elf/15.2.0/../../../../aarch64-none-elf/lib/pic/libg.a(libc_a-vfiprintf.o)
 .rodata._vfiprintf_r.str1.1
                0x00000000000109d0        0x0 /opt/devkitpro/devkitA64/lib/gcc/aarch64-none-elf/15.2.0/../../../../aarch64-none-elf/lib/pic/libg.a(libc_a-vfiprintf.o)
                                         0x29 (size before relaxing)
 .rodata._vfiprintf_r
                0x00000000000109d0       0xb6 /opt/devkitpro/devkitA64/lib/gcc/aarch64-none-elf/15.2.0/../../../../aarch64-none-elf/lib/pic/libg.a(libc_a-vfiprintf.o)
 *fill*         0x0000000000010a86        0xa 
 .rodata.zeroes.0
                0x0000000000010a90       0x10 /opt/devkitpro/devkitA64/lib/gcc/aarch64-none-elf/15.2.0/../../../../aarch64-none-elf/lib/pic/libg.a(libc_a-vfiprintf.o)
 .rodata.blanks.1
                0x0000000000010aa0       0x10 /opt/devkitpro/devkitA64/lib/gcc/aarch64-none-elf/15.2.0/../../../../aarch64-none-elf/lib/pic/libg.a(libc_a-vfiprintf.o)
 .rodata.str1.8
                0x0000000000010ab0        0x0 /opt/devkitpro/devkitA64/lib/gcc/aarch64-none-elf/15.2.0/../../../../aarch64-none-elf/lib/pic/libsysbase.a(libsysbase_libsysbase_a-iosupport.o)
                                          0x8 (size before relaxing)
                0x0000000000010ab0                . = ALIGN (0x8)

.tls.align      0x0000000000010ab0        0x8
                0x0000000000010ab0        0x8 QUAD 0x1 MAX (ALIGNOF (.tdata), ALIGNOF (.tbss))
                0x0000000000010ab0                PROVIDE (__tls_align = ADDR (.tls.align))

.gcc_except_table
 *(.gcc_except_table .gcc_except_table.*)

.eh_frame_hdr   0x0000000000010ab8        0x0
 *(.eh_frame_hdr)
 *(.eh_frame_entry .eh_frame_entry.*)

.eh_frame       0x0000000000010ab8     0x1798
 *(.eh_frame)
 .eh_frame      0x0000000000010ab8       0x48 /opt/devkitpro/devkitA64/lib/gcc/aarch64-none-elf/15.2.0/pic/crtbegin.o
 .eh_frame      0x0000000000010b00       0x58 build/main.o
                                         0x70 (size before relaxing)
 .eh_frame      0x0000000000010b58      0x128 /opt/devkitpro/libnx/lib/libnx.a(sm.o)
                                        0x2c0 (size before relaxing)
 .eh_frame      0x0000000000010c80       0x18 /opt/devkitpro/libnx/lib/libnx.a(diag.o)
                                         0x30 (size before relaxing)
 .eh_frame      0x0000000000010c98       0x18 /opt/devkitpro/libnx/lib/libnx.a(hosversion.o)
                                         0x50 (size before relaxing)
 .eh_frame      0x0000000000010cb0      0x140 /opt/devkitpro/libnx/lib/libnx.a(svc.o)
                                        0xa00 (size before relaxing)
 .eh_frame      0x0000000000010df0       0xa8 /opt/devkitpro/libnx/lib/libnx.a(mutex.o)
                                         0xf8 (size before relaxing)
 .eh_frame      0x0000000000010e98       0x38 /opt/devkitpro/libnx/lib/libnx.a(argv.o)
                                         0x48 (size before relaxing)
 .eh_frame      0x0000000000010ed0       0x38 /opt/devkitpro/libnx/lib/libnx.a(dynamic.o)
                                         0x48 (size before relaxing)
 .eh_frame      0x0000000000010f08      0x108 /opt/devkitpro/libnx/lib/libnx.a(env.o)
                                        0x210 (size before relaxing)
 .eh_frame      0x0000000000011010       0x58 /opt/devkitpro/libnx/lib/libnx.a(init.o)
                                         0xb8 (size before relaxing)
 .eh_frame      0x0000000000011068       0xb8 /opt/devkitpro/libnx/lib/libnx.a(newlib.o)
                                        0x3f8 (size before relaxing)
 .eh_frame      0x0000000000011120       0x30 /opt/devkitpro/libnx/lib/libnx.a(nxlink.o)
                                         0x40 (size before relaxing)
 .eh_frame      0x0000000000011150        0x0 /opt/devkitpro/libnx/lib/libnx.a(fs_dev.o)
                                        0x9a0 (size before relaxing)
 .eh_frame      0x0000000000011150        0x0 /opt/devkitpro/libnx/lib/libnx.a(decode_utf8.o)
                                         0x28 (size before relaxing)
 .eh_frame      0x0000000000011150       0x28 /opt/devkitpro/libnx/lib/libnx.a(exception.o)
                                         0x40 (size before relaxing)
 .eh_frame      0x0000000000011178        0x0 /opt/devkitpro/libnx/lib/libnx.a(readtp.o)
                                         0x28 (size before relaxing)
 .eh_frame      0x0000000000011178        0x0 /opt/devkitpro/libnx/lib/libnx.a(condvar.o)
                                         0x40 (size before relaxing)
 .eh_frame      0x0000000000011178       0x28 /opt/devkitpro/libnx/lib/libnx.a(thread.o)
                                        0x298 (size before relaxing)
 .eh_frame      0x00000000000111a0       0x60 /opt/devkitpro/libnx/lib/libnx.a(virtmem.o)
                                        0x218 (size before relaxing)
 .eh_frame      0x0000000000011200        0x0 /opt/devkitpro/libnx/lib/libnx.a(wait.o)
                                         0xb0 (size before relaxing)
 .eh_frame      0x0000000000011200        0x0 /opt/devkitpro/libnx/lib/libnx.a(applet.o)
                                       0x38d8 (size before relaxing)
 .eh_frame      0x0000000000011200        0x0 /opt/devkitpro/libnx/lib/libnx.a(fs.o)
                                       0x1680 (size before relaxing)
 .eh_frame      0x0000000000011200        0x0 /opt/devkitpro/libnx/lib/libnx.a(hid.o)
                                       0x1a50 (size before relaxing)
 .eh_frame      0x0000000000011200        0x0 /opt/devkitpro/libnx/lib/libnx.a(set.o)
                                       0x2b38 (size before relaxing)
 .eh_frame      0x0000000000011200        0x0 /opt/devkitpro/libnx/lib/libnx.a(time.o)
                                        0x378 (size before relaxing)
 .eh_frame      0x0000000000011200        0x0 /opt/devkitpro/libnx/lib/libnx.a(alloc.o)
                                         0x50 (size before relaxing)
 .eh_frame      0x0000000000011200        0x0 /opt/devkitpro/libnx/lib/libnx.a(event.o)
                                         0xc0 (size before relaxing)
 .eh_frame      0x0000000000011200        0x0 /opt/devkitpro/libnx/lib/libnx.a(random.o)
                                         0x70 (size before relaxing)
 .eh_frame      0x0000000000011200        0x0 /opt/devkitpro/libnx/lib/libnx.a(shmem.o)
                                         0xa0 (size before relaxing)
 .eh_frame      0x0000000000011200        0x0 /opt/devkitpro/libnx/lib/libnx.a(tmem.o)
                                        0x128 (size before relaxing)
 .eh_frame      0x0000000000011200        0x0 /opt/devkitpro/libnx/lib/libnx.a(sessionmgr.o)
                                        0x110 (size before relaxing)
 .eh_frame      0x0000000000011200        0x0 /opt/devkitpro/libnx/lib/libnx.a(apm.o)
                                        0x138 (size before relaxing)
 .eh_frame      0x0000000000011200        0x0 /opt/devkitpro/devkitA64/lib/gcc/aarch64-none-elf/15.2.0/../../../../aarch64-none-elf/lib/pic/libg.a(libc_a-strncat.o)
                                         0x28 (size before relaxing)
 .eh_frame      0x0000000000011200        0x0 /opt/devkitpro/devkitA64/lib/gcc/aarch64-none-elf/15.2.0/../../../../aarch64-none-elf/lib/pic/libg.a(libc_a-strnlen.o)
                                         0x28 (size before relaxing)
 .eh_frame      0x0000000000011200        0x0 /opt/devkitpro/devkitA64/lib/gcc/aarch64-none-elf/15.2.0/../../../../aarch64-none-elf/lib/pic/libg.a(libc_a-bsearch.o)
                                         0x78 (size before relaxing)
 .eh_frame      0x0000000000011200       0x18 /opt/devkitpro/devkitA64/lib/gcc/aarch64-none-elf/15.2.0/../../../../aarch64-none-elf/lib/pic/libg.a(libc_a-memcpy.o)
                                         0x28 (size before relaxing)
 .eh_frame      0x0000000000011218        0x0 /opt/devkitpro/devkitA64/lib/gcc/aarch64-none-elf/15.2.0/../../../../aarch64-none-elf/lib/pic/libg.a(libc_a-gmtime.o)
                                         0x38 (size before relaxing)
 .eh_frame      0x0000000000011218       0x18 /opt/devkitpro/devkitA64/lib/gcc/aarch64-none-elf/15.2.0/../../../../aarch64-none-elf/lib/pic/libg.a(libc_a-memset.o)
                                         0x28 (size before relaxing)
 .eh_frame      0x0000000000011230       0x30 /opt/devkitpro/devkitA64/lib/gcc/aarch64-none-elf/15.2.0/../../../../aarch64-none-elf/lib/pic/libg.a(libc_a-snprintf.o)
                                         0x68 (size before relaxing)
 .eh_frame      0x0000000000011260       0x38 /opt/devkitpro/devkitA64/lib/gcc/aarch64-none-elf/15.2.0/../../../../aarch64-none-elf/lib/pic/libg.a(libc_a-strtoul.o)
                                         0x98 (size before relaxing)
 .eh_frame      0x0000000000011298        0x0 /opt/devkitpro/devkitA64/lib/gcc/aarch64-none-elf/15.2.0/../../../../aarch64-none-elf/lib/pic/libg.a(libc_a-strcpy.o)
                                         0x28 (size before relaxing)
 .eh_frame      0x0000000000011298        0x0 /opt/devkitpro/devkitA64/lib/gcc/aarch64-none-elf/15.2.0/../../../../aarch64-none-elf/lib/pic/libg.a(libc_a-aligned_alloc.o)
                                         0x38 (size before relaxing)
 .eh_frame      0x0000000000011298       0x48 /opt/devkitpro/devkitA64/lib/gcc/aarch64-none-elf/15.2.0/../../../../aarch64-none-elf/lib/pic/libg.a(libc_a-malignr.o)
                                         0x60 (size before relaxing)
 .eh_frame      0x00000000000112e0       0x20 /opt/devkitpro/devkitA64/lib/gcc/aarch64-none-elf/15.2.0/../../../../aarch64-none-elf/lib/pic/libg.a(libc_a-errno.o)
                                         0x38 (size before relaxing)
 .eh_frame      0x0000000000011300       0x18 /opt/devkitpro/devkitA64/lib/gcc/aarch64-none-elf/15.2.0/../../../../aarch64-none-elf/lib/pic/libg.a(libc_a-strlen.o)
                                         0x28 (size before relaxing)
 .eh_frame      0x0000000000011318       0x18 /opt/devkitpro/devkitA64/lib/gcc/aarch64-none-elf/15.2.0/../../../../aarch64-none-elf/lib/pic/libg.a(libc_a-strncmp.o)
                                         0x28 (size before relaxing)
 .eh_frame      0x0000000000011330       0x50 /opt/devkitpro/devkitA64/lib/gcc/aarch64-none-elf/15.2.0/../../../../aarch64-none-elf/lib/pic/libg.a(libc_a-mallocr.o)
                                         0x60 (size before relaxing)
 .eh_frame      0x0000000000011380       0x78 /opt/devkitpro/devkitA64/lib/gcc/aarch64-none-elf/15.2.0/../../../../aarch64-none-elf/lib/pic/libg.a(libc_a-freer.o)
                                         0x90 (size before relaxing)
 .eh_frame      0x00000000000113f8       0xc8 /opt/devkitpro/devkitA64/lib/gcc/aarch64-none-elf/15.2.0/../../../../aarch64-none-elf/lib/pic/libg.a(libc_a-findfp.o)
                                        0x188 (size before relaxing)
 .eh_frame      0x00000000000114c0       0x28 /opt/devkitpro/devkitA64/lib/gcc/aarch64-none-elf/15.2.0/../../../../aarch64-none-elf/lib/pic/libg.a(libc_a-init.o)
                                         0x40 (size before relaxing)
 .eh_frame      0x00000000000114e8       0x18 /opt/devkitpro/devkitA64/lib/gcc/aarch64-none-elf/15.2.0/../../../../aarch64-none-elf/lib/pic/libg.a(libc_a-strncpy.o)
                                         0x28 (size before relaxing)
 .eh_frame      0x0000000000011500       0x20 /opt/devkitpro/devkitA64/lib/gcc/aarch64-none-elf/15.2.0/../../../../aarch64-none-elf/lib/pic/libg.a(libc_a-malloc.o)
                                         0x60 (size before relaxing)
 .eh_frame      0x0000000000011520       0x90 /opt/devkitpro/devkitA64/lib/gcc/aarch64-none-elf/15.2.0/../../../../aarch64-none-elf/lib/pic/libg.a(libc_a-stdio.o)
                                         0xb8 (size before relaxing)
 .eh_frame      0x00000000000115b0       0x28 /opt/devkitpro/devkitA64/lib/gcc/aarch64-none-elf/15.2.0/../../../../aarch64-none-elf/lib/pic/libg.a(libc_a-mlock.o)
                                         0x40 (size before relaxing)
 .eh_frame      0x00000000000115d8       0x48 /opt/devkitpro/devkitA64/lib/gcc/aarch64-none-elf/15.2.0/../../../../aarch64-none-elf/lib/pic/libg.a(libc_a-fclose.o)
                                         0x78 (size before relaxing)
 .eh_frame      0x0000000000011620        0x0 /opt/devkitpro/devkitA64/lib/gcc/aarch64-none-elf/15.2.0/../../../../aarch64-none-elf/lib/pic/libg.a(libc_a-setenv.o)
                                         0x58 (size before relaxing)
 .eh_frame      0x0000000000011620       0x30 /opt/devkitpro/devkitA64/lib/gcc/aarch64-none-elf/15.2.0/../../../../aarch64-none-elf/lib/pic/libg.a(libc_a-exit.o)
                                         0x48 (size before relaxing)
 .eh_frame      0x0000000000011650       0xa0 /opt/devkitpro/devkitA64/lib/gcc/aarch64-none-elf/15.2.0/../../../../aarch64-none-elf/lib/pic/libg.a(libc_a-svfprintf.o)
                                         0xb0 (size before relaxing)
 .eh_frame      0x00000000000116f0        0x0 /opt/devkitpro/devkitA64/lib/gcc/aarch64-none-elf/15.2.0/../../../../aarch64-none-elf/lib/pic/libg.a(libc_a-strcmp.o)
                                         0x28 (size before relaxing)
 .eh_frame      0x00000000000116f0       0x28 /opt/devkitpro/devkitA64/lib/gcc/aarch64-none-elf/15.2.0/../../../../aarch64-none-elf/lib/pic/libg.a(libc_a-fini.o)
                                         0x38 (size before relaxing)
 .eh_frame      0x0000000000011718        0x0 /opt/devkitpro/devkitA64/lib/gcc/aarch64-none-elf/15.2.0/../../../../aarch64-none-elf/lib/pic/libg.a(libc_a-gmtime_r.o)
                                         0x28 (size before relaxing)
 .eh_frame      0x0000000000011718       0x18 /opt/devkitpro/devkitA64/lib/gcc/aarch64-none-elf/15.2.0/../../../../aarch64-none-elf/lib/pic/libg.a(libc_a-memchr.o)
                                         0x28 (size before relaxing)
 .eh_frame      0x0000000000011730        0x0 /opt/devkitpro/devkitA64/lib/gcc/aarch64-none-elf/15.2.0/../../../../aarch64-none-elf/lib/pic/libg.a(libc_a-ctype_.o)
                                         0x28 (size before relaxing)
 .eh_frame      0x0000000000011730       0x18 /opt/devkitpro/devkitA64/lib/gcc/aarch64-none-elf/15.2.0/../../../../aarch64-none-elf/lib/pic/libg.a(libm_a-s_frexp.o)
                                         0x28 (size before relaxing)
 .eh_frame      0x0000000000011748        0x0 /opt/devkitpro/devkitA64/lib/gcc/aarch64-none-elf/15.2.0/../../../../aarch64-none-elf/lib/pic/libg.a(libc_a-setenv_r.o)
                                         0xa8 (size before relaxing)
 .eh_frame      0x0000000000011748       0x38 /opt/devkitpro/devkitA64/lib/gcc/aarch64-none-elf/15.2.0/../../../../aarch64-none-elf/lib/pic/libg.a(libc_a-fwalk.o)
                                         0x50 (size before relaxing)
 .eh_frame      0x0000000000011780       0x30 /opt/devkitpro/devkitA64/lib/gcc/aarch64-none-elf/15.2.0/../../../../aarch64-none-elf/lib/pic/libg.a(libc_a-wcrtomb.o)
                                         0x80 (size before relaxing)
 .eh_frame      0x00000000000117b0        0x0 /opt/devkitpro/devkitA64/lib/gcc/aarch64-none-elf/15.2.0/../../../../aarch64-none-elf/lib/pic/libg.a(libc_a-svfiprintf.o)
                                         0xa8 (size before relaxing)
 .eh_frame      0x00000000000117b0       0x50 /opt/devkitpro/devkitA64/lib/gcc/aarch64-none-elf/15.2.0/../../../../aarch64-none-elf/lib/pic/libg.a(libc_a-ssprint_r.o)
                                         0x68 (size before relaxing)
 .eh_frame      0x0000000000011800       0x20 /opt/devkitpro/devkitA64/lib/gcc/aarch64-none-elf/15.2.0/../../../../aarch64-none-elf/lib/pic/libg.a(libc_a-locale.o)
                                        0x220 (size before relaxing)
 .eh_frame      0x0000000000011820       0x68 /opt/devkitpro/devkitA64/lib/gcc/aarch64-none-elf/15.2.0/../../../../aarch64-none-elf/lib/pic/libg.a(libc_a-fflush.o)
                                         0x98 (size before relaxing)
 .eh_frame      0x0000000000011888       0xe0 /opt/devkitpro/devkitA64/lib/gcc/aarch64-none-elf/15.2.0/../../../../aarch64-none-elf/lib/pic/libg.a(libc_a-dtoa.o)
                                         0xf0 (size before relaxing)
 .eh_frame      0x0000000000011968        0x0 /opt/devkitpro/devkitA64/lib/gcc/aarch64-none-elf/15.2.0/../../../../aarch64-none-elf/lib/pic/libg.a(libc_a-strtol.o)
                                         0xc0 (size before relaxing)
 .eh_frame      0x0000000000011968       0x18 /opt/devkitpro/devkitA64/lib/gcc/aarch64-none-elf/15.2.0/../../../../aarch64-none-elf/lib/pic/libg.a(libc_a-wcsrtombs.o)
                                         0x50 (size before relaxing)
 .eh_frame      0x0000000000011980        0x0 /opt/devkitpro/devkitA64/lib/gcc/aarch64-none-elf/15.2.0/../../../../aarch64-none-elf/lib/pic/libg.a(libc_a-getenv_r.o)
                                         0x78 (size before relaxing)
 .eh_frame      0x0000000000011980       0x38 /opt/devkitpro/devkitA64/lib/gcc/aarch64-none-elf/15.2.0/../../../../aarch64-none-elf/lib/pic/libg.a(libc_a-localeconv.o)
                                         0x68 (size before relaxing)
 .eh_frame      0x00000000000119b8       0x50 /opt/devkitpro/devkitA64/lib/gcc/aarch64-none-elf/15.2.0/../../../../aarch64-none-elf/lib/pic/libg.a(libc_a-reallocr.o)
                                         0x68 (size before relaxing)
 .eh_frame      0x0000000000011a08       0x30 /opt/devkitpro/devkitA64/lib/gcc/aarch64-none-elf/15.2.0/../../../../aarch64-none-elf/lib/pic/libg.a(libc_a-ssputs_r.o)
                                         0x48 (size before relaxing)
 .eh_frame      0x0000000000011a38       0x18 /opt/devkitpro/devkitA64/lib/gcc/aarch64-none-elf/15.2.0/../../../../aarch64-none-elf/lib/pic/libg.a(libc_a-wctomb_r.o)
                                         0xa0 (size before relaxing)
 .eh_frame      0x0000000000011a50       0x90 /opt/devkitpro/devkitA64/lib/gcc/aarch64-none-elf/15.2.0/../../../../aarch64-none-elf/lib/pic/libg.a(libc_a-wcsnrtombs.o)
                                         0xc8 (size before relaxing)
 .eh_frame      0x0000000000011ae0        0x0 /opt/devkitpro/devkitA64/lib/gcc/aarch64-none-elf/15.2.0/../../../../aarch64-none-elf/lib/pic/libg.a(libc_a-strcat.o)
                                         0x48 (size before relaxing)
 .eh_frame      0x0000000000011ae0        0x0 /opt/devkitpro/devkitA64/lib/gcc/aarch64-none-elf/15.2.0/../../../../aarch64-none-elf/lib/pic/libg.a(libc_a-strchr.o)
                                         0x28 (size before relaxing)
 .eh_frame      0x0000000000011ae0        0x0 /opt/devkitpro/devkitA64/lib/gcc/aarch64-none-elf/15.2.0/../../../../aarch64-none-elf/lib/pic/libg.a(libc_a-envlock.o)
                                         0x40 (size before relaxing)
 .eh_frame      0x0000000000011ae0       0x28 /opt/devkitpro/devkitA64/lib/gcc/aarch64-none-elf/15.2.0/../../../../aarch64-none-elf/lib/pic/libg.a(libc_a-assert.o)
                                         0x50 (size before relaxing)
 .eh_frame      0x0000000000011b08      0x1d8 /opt/devkitpro/devkitA64/lib/gcc/aarch64-none-elf/15.2.0/../../../../aarch64-none-elf/lib/pic/libg.a(libc_a-mprec.o)
                                        0x310 (size before relaxing)
 .eh_frame      0x0000000000011ce0        0x0 /opt/devkitpro/devkitA64/lib/gcc/aarch64-none-elf/15.2.0/../../../../aarch64-none-elf/lib/pic/libg.a(libc_a-strlcpy.o)
                                         0x28 (size before relaxing)
 .eh_frame      0x0000000000011ce0        0x0 /opt/devkitpro/devkitA64/lib/gcc/aarch64-none-elf/15.2.0/../../../../aarch64-none-elf/lib/pic/libg.a(libc_a-strcasecmp.o)
                                         0x28 (size before relaxing)
 .eh_frame      0x0000000000011ce0       0x28 /opt/devkitpro/devkitA64/lib/gcc/aarch64-none-elf/15.2.0/../../../../aarch64-none-elf/lib/pic/libg.a(libc_a-mbtowc_r.o)
                                        0x108 (size before relaxing)
 .eh_frame      0x0000000000011d08       0x28 /opt/devkitpro/devkitA64/lib/gcc/aarch64-none-elf/15.2.0/../../../../aarch64-none-elf/lib/pic/libg.a(libc_a-fiprintf.o)
                                         0x58 (size before relaxing)
 .eh_frame      0x0000000000011d30        0x0 /opt/devkitpro/devkitA64/lib/gcc/aarch64-none-elf/15.2.0/../../../../aarch64-none-elf/lib/pic/libg.a(libc_a-strncasecmp.o)
                                         0x28 (size before relaxing)
 .eh_frame      0x0000000000011d30       0x18 /opt/devkitpro/devkitA64/lib/gcc/aarch64-none-elf/15.2.0/../../../../aarch64-none-elf/lib/pic/libg.a(libc_a-abort.o)
                                         0x30 (size before relaxing)
 .eh_frame      0x0000000000011d48       0x30 /opt/devkitpro/devkitA64/lib/gcc/aarch64-none-elf/15.2.0/../../../../aarch64-none-elf/lib/pic/libg.a(libc_a-callocr.o)
                                         0x48 (size before relaxing)
 .eh_frame      0x0000000000011d78       0xc8 /opt/devkitpro/devkitA64/lib/gcc/aarch64-none-elf/15.2.0/../../../../aarch64-none-elf/lib/pic/libg.a(libc_a-vfiprintf.o)
                                        0x100 (size before relaxing)
 .eh_frame      0x0000000000011e40       0x50 /opt/devkitpro/devkitA64/lib/gcc/aarch64-none-elf/15.2.0/../../../../aarch64-none-elf/lib/pic/libg.a(libc_a-signal.o)
                                        0x140 (size before relaxing)
 .eh_frame      0x0000000000011e90       0x20 /opt/devkitpro/devkitA64/lib/gcc/aarch64-none-elf/15.2.0/../../../../aarch64-none-elf/lib/pic/libg.a(libc_a-sprint_r.o)
                                         0x38 (size before relaxing)
 .eh_frame      0x0000000000011eb0       0x28 /opt/devkitpro/devkitA64/lib/gcc/aarch64-none-elf/15.2.0/../../../../aarch64-none-elf/lib/pic/libg.a(libc_a-wsetup.o)
                                         0x40 (size before relaxing)
 .eh_frame      0x0000000000011ed8       0xa0 /opt/devkitpro/devkitA64/lib/gcc/aarch64-none-elf/15.2.0/../../../../aarch64-none-elf/lib/pic/libg.a(libc_a-fvwrite.o)
                                         0xb8 (size before relaxing)
 .eh_frame      0x0000000000011f78       0x50 /opt/devkitpro/devkitA64/lib/gcc/aarch64-none-elf/15.2.0/../../../../aarch64-none-elf/lib/pic/libg.a(libc_a-makebuf.o)
                                         0x68 (size before relaxing)
 .eh_frame      0x0000000000011fc8       0x20 /opt/devkitpro/devkitA64/lib/gcc/aarch64-none-elf/15.2.0/../../../../aarch64-none-elf/lib/pic/libsysbase.a(libsysbase_libsysbase_a-_exit.o)
                                         0x38 (size before relaxing)
 .eh_frame      0x0000000000011fe8        0x0 /opt/devkitpro/devkitA64/lib/gcc/aarch64-none-elf/15.2.0/../../../../aarch64-none-elf/lib/pic/libsysbase.a(libsysbase_libsysbase_a-chdir.o)
                                         0x78 (size before relaxing)
 .eh_frame      0x0000000000011fe8        0x0 /opt/devkitpro/devkitA64/lib/gcc/aarch64-none-elf/15.2.0/../../../../aarch64-none-elf/lib/pic/libsysbase.a(libsysbase_libsysbase_a-concatenate.o)
                                         0xa0 (size before relaxing)
 .eh_frame      0x0000000000011fe8       0x38 /opt/devkitpro/devkitA64/lib/gcc/aarch64-none-elf/15.2.0/../../../../aarch64-none-elf/lib/pic/libsysbase.a(libsysbase_libsysbase_a-fstat.o)
                                         0x50 (size before relaxing)
 .eh_frame      0x0000000000012020       0x18 /opt/devkitpro/devkitA64/lib/gcc/aarch64-none-elf/15.2.0/../../../../aarch64-none-elf/lib/pic/libsysbase.a(libsysbase_libsysbase_a-getpid.o)
                                         0x28 (size before relaxing)
 .eh_frame      0x0000000000012038       0x18 /opt/devkitpro/devkitA64/lib/gcc/aarch64-none-elf/15.2.0/../../../../aarch64-none-elf/lib/pic/libsysbase.a(libsysbase_libsysbase_a-getreent.o)
                                         0x28 (size before relaxing)
 .eh_frame      0x0000000000012050       0x50 /opt/devkitpro/devkitA64/lib/gcc/aarch64-none-elf/15.2.0/../../../../aarch64-none-elf/lib/pic/libsysbase.a(libsysbase_libsysbase_a-handle_manager.o)
                                        0x110 (size before relaxing)
 .eh_frame      0x00000000000120a0       0x18 /opt/devkitpro/devkitA64/lib/gcc/aarch64-none-elf/15.2.0/../../../../aarch64-none-elf/lib/pic/libsysbase.a(libsysbase_libsysbase_a-iosupport.o)
                                        0x118 (size before relaxing)
 .eh_frame      0x00000000000120b8       0x18 /opt/devkitpro/devkitA64/lib/gcc/aarch64-none-elf/15.2.0/../../../../aarch64-none-elf/lib/pic/libsysbase.a(libsysbase_libsysbase_a-isatty.o)
                                         0x28 (size before relaxing)
 .eh_frame      0x00000000000120d0       0x18 /opt/devkitpro/devkitA64/lib/gcc/aarch64-none-elf/15.2.0/../../../../aarch64-none-elf/lib/pic/libsysbase.a(libsysbase_libsysbase_a-kill.o)
                                         0x28 (size before relaxing)
 .eh_frame      0x00000000000120e8       0x38 /opt/devkitpro/devkitA64/lib/gcc/aarch64-none-elf/15.2.0/../../../../aarch64-none-elf/lib/pic/libsysbase.a(libsysbase_libsysbase_a-lseek.o)
                                         0x50 (size before relaxing)
 .eh_frame      0x0000000000012120       0x38 /opt/devkitpro/devkitA64/lib/gcc/aarch64-none-elf/15.2.0/../../../../aarch64-none-elf/lib/pic/libsysbase.a(libsysbase_libsysbase_a-read.o)
                                         0x48 (size before relaxing)
 .eh_frame      0x0000000000012158       0x18 /opt/devkitpro/devkitA64/lib/gcc/aarch64-none-elf/15.2.0/../../../../aarch64-none-elf/lib/pic/libsysbase.a(libsysbase_libsysbase_a-sbrk.o)
                                         0x28 (size before relaxing)
 .eh_frame      0x0000000000012170       0x50 /opt/devkitpro/devkitA64/lib/gcc/aarch64-none-elf/15.2.0/../../../../aarch64-none-elf/lib/pic/libsysbase.a(libsysbase_libsysbase_a-syscall_support.o)
                                        0x118 (size before relaxing)
 .eh_frame      0x00000000000121c0       0x38 /opt/devkitpro/devkitA64/lib/gcc/aarch64-none-elf/15.2.0/../../../../aarch64-none-elf/lib/pic/libsysbase.a(libsysbase_libsysbase_a-write.o)
                                         0x48 (size before relaxing)
 .eh_frame      0x00000000000121f8        0x0 /opt/devkitpro/devkitA64/lib/gcc/aarch64-none-elf/15.2.0/../../../../aarch64-none-elf/lib/pic/libsysbase.a(libsysbase_libsysbase_a-clocks.o)
                                         0x78 (size before relaxing)
 .eh_frame      0x00000000000121f8       0x40 /opt/devkitpro/devkitA64/lib/gcc/aarch64-none-elf/15.2.0/pic/libgcc.a(trunctfdf2.o)
                                         0x50 (size before relaxing)
 .eh_frame      0x0000000000012238       0x14 /opt/devkitpro/devkitA64/lib/gcc/aarch64-none-elf/15.2.0/pic/libgcc.a(sfp-exceptions.o)
                                         0x28 (size before relaxing)
 .eh_frame      0x000000000001224c        0x0 /opt/devkitpro/devkitA64/lib/gcc/aarch64-none-elf/15.2.0/../../../../aarch64-none-elf/lib/pic/libg.a(libc_a-strrchr.o)
                                         0x28 (size before relaxing)
 .eh_frame      0x000000000001224c        0x4 /opt/devkitpro/devkitA64/lib/gcc/aarch64-none-elf/15.2.0/pic/crtend.o
 *(.eh_frame.*)

.gnu_extab
 *(.gnu_extab*)

.exception_ranges
 *(.exception_ranges .exception_ranges*)
                0x0000000000010ab8                PROVIDE (__eh_frame_hdr_start = ADDR (.eh_frame_hdr))
                0x0000000000010ab8                PROVIDE (__eh_frame_hdr_end = (ADDR (.eh_frame_hdr) + SIZEOF (.eh_frame_hdr)))

.gnu.version    0x0000000000012250        0x0
 *(.gnu.version)
 .gnu.version   0x0000000000012250        0x0 /opt/devkitpro/devkitA64/lib/gcc/aarch64-none-elf/15.2.0/pic/crti.o

.gnu.version_d  0x0000000000012250        0x0
 *(.gnu.version_d)
 .gnu.version_d
                0x0000000000012250        0x0 /opt/devkitpro/devkitA64/lib/gcc/aarch64-none-elf/15.2.0/pic/crti.o

.gnu.version_r  0x0000000000012250        0x0
 *(.gnu.version_r)
 .gnu.version_r
                0x0000000000012250        0x0 /opt/devkitpro/devkitA64/lib/gcc/aarch64-none-elf/15.2.0/pic/crti.o

.note.gnu.build-id
                0x0000000000012250       0x24
 *(.note.gnu.build-id)
 .note.gnu.build-id
                0x0000000000012250       0x24 /opt/devkitpro/devkitA64/lib/gcc/aarch64-none-elf/15.2.0/pic/crti.o
                0x0000000000013000                . = ALIGN (0x1000)
                0x0000000000013000                PROVIDE (__relro_start = .)

.preinit_array  0x0000000000013000        0x0
                0x0000000000013000                PROVIDE (__preinit_array_start = .)
 *(.preinit_array)
                0x0000000000013000                PROVIDE (__preinit_array_end = .)

.init_array     0x0000000000013000        0x8
                0x0000000000013000                PROVIDE (__init_array_start = .)
 *(SORT_BY_INIT_PRIORITY(.init_array.*) SORT_BY_INIT_PRIORITY(.ctors.*))
 *(.init_array .ctors)
 .init_array    0x0000000000013000        0x8 /opt/devkitpro/devkitA64/lib/gcc/aarch64-none-elf/15.2.0/pic/crtbegin.o
                0x0000000000013008                PROVIDE (__init_array_end = .)

.fini_array     0x0000000000013008        0x8
                0x0000000000013008                PROVIDE (__fini_array_start = .)
 *(SORT_BY_INIT_PRIORITY(.fini_array.*) SORT_BY_INIT_PRIORITY(.dtors.*))
 *(.fini_array .dtors)
 .fini_array    0x0000000000013008        0x8 /opt/devkitpro/devkitA64/lib/gcc/aarch64-none-elf/15.2.0/pic/crtbegin.o
                0x0000000000013010                PROVIDE (__fini_array_end = .)

.data.rel.ro    0x0000000000013010      0x100
 *(.data.rel.ro.local* .gnu.linkonce.d.rel.ro.local.*)
 .data.rel.ro.local.dotab_stdnull
                0x0000000000013010      0x100 /opt/devkitpro/devkitA64/lib/gcc/aarch64-none-elf/15.2.0/../../../../aarch64-none-elf/lib/pic/libsysbase.a(libsysbase_libsysbase_a-iosupport.o)
                0x0000000000013010                dotab_stdnull
 *(.data.rel.ro .data.rel.ro.* .gnu.linkonce.d.rel.ro.*)
 .data.rel.ro   0x0000000000013110        0x0 /opt/devkitpro/devkitA64/lib/gcc/aarch64-none-elf/15.2.0/pic/crti.o
                0x0000000000013110                . = ALIGN (0x8)

.dynamic        0x0000000000013110      0x150
 *(.dynamic)
 .dynamic       0x0000000000013110      0x150 /opt/devkitpro/devkitA64/lib/gcc/aarch64-none-elf/15.2.0/pic/crti.o
                0x0000000000013110                _DYNAMIC

.got            0x0000000000013260      0x1c8
 *(.got)
 .got           0x0000000000013260      0x1c8 /opt/devkitpro/devkitA64/lib/gcc/aarch64-none-elf/15.2.0/pic/crti.o
                0x0000000000013260                _GLOBAL_OFFSET_TABLE_
 *(.igot)

.got.plt        0x0000000000013428       0x18
 *(.got.plt)
 .got.plt       0x0000000000013428       0x18 /opt/devkitpro/devkitA64/lib/gcc/aarch64-none-elf/15.2.0/pic/crti.o
 *(.igot.plt)
                0x0000000000013260                PROVIDE (__got_start__ = ADDR (.got))
                0x0000000000013440                PROVIDE (__got_end__ = (ADDR (.got.plt) + SIZEOF (.got.plt)))
                0x0000000000014000                . = ALIGN (0x1000)
                0x0000000000014000                PROVIDE (__data_start = .)

.data           0x0000000000014000     0x2f28
 *(.data .data.* .gnu.linkonce.d.*)
 .data          0x0000000000014000       0xa8 build/main.o
 .data.__nx_exception_stack_size
                0x00000000000140a8        0x8 /opt/devkitpro/libnx/lib/libnx.a(init.o)
                0x00000000000140a8                __nx_exception_stack_size
 .data.__nx_applet_type
                0x00000000000140b0        0x4 /opt/devkitpro/libnx/lib/libnx.a(applet.o)
                0x00000000000140b0                __nx_applet_type
 *fill*         0x00000000000140b4        0x4 
 .data.rel._impure_ptr
                0x00000000000140b8        0x8 /opt/devkitpro/devkitA64/lib/gcc/aarch64-none-elf/15.2.0/../../../../aarch64-none-elf/lib/pic/libg.a(libc_a-impure.o)
                0x00000000000140b8                _impure_ptr
 .data.rel._impure_data
                0x00000000000140c0      0x240 /opt/devkitpro/devkitA64/lib/gcc/aarch64-none-elf/15.2.0/../../../../aarch64-none-elf/lib/pic/libg.a(libc_a-impure.o)
                0x00000000000140c0                _impure_data
 .data.__malloc_sbrk_base
                0x0000000000014300        0x8 /opt/devkitpro/devkitA64/lib/gcc/aarch64-none-elf/15.2.0/../../../../aarch64-none-elf/lib/pic/libg.a(libc_a-mallocr.o)
                0x0000000000014300                __malloc_sbrk_base
 .data.__malloc_trim_threshold
                0x0000000000014308        0x8 /opt/devkitpro/devkitA64/lib/gcc/aarch64-none-elf/15.2.0/../../../../aarch64-none-elf/lib/pic/libg.a(libc_a-mallocr.o)
                0x0000000000014308                __malloc_trim_threshold
 .data.rel.__malloc_av_
                0x0000000000014310      0x810 /opt/devkitpro/devkitA64/lib/gcc/aarch64-none-elf/15.2.0/../../../../aarch64-none-elf/lib/pic/libg.a(libc_a-mallocr.o)
                0x0000000000014310                __malloc_av_
 .data.rel.__sglue
                0x0000000000014b20       0x18 /opt/devkitpro/devkitA64/lib/gcc/aarch64-none-elf/15.2.0/../../../../aarch64-none-elf/lib/pic/libg.a(libc_a-findfp.o)
                0x0000000000014b20                __sglue
 .data.rel.__global_locale
                0x0000000000014b38      0x290 /opt/devkitpro/devkitA64/lib/gcc/aarch64-none-elf/15.2.0/../../../../aarch64-none-elf/lib/pic/libg.a(libc_a-locale.o)
                0x0000000000014b38                __global_locale
 *fill*         0x0000000000014dc8       0x18 
 .data.rel.local.handles
                0x0000000000014de0     0x2000 /opt/devkitpro/devkitA64/lib/gcc/aarch64-none-elf/15.2.0/../../../../aarch64-none-elf/lib/pic/libsysbase.a(libsysbase_libsysbase_a-handle_manager.o)
 .data.__stderr_handle
                0x0000000000016de0       0x10 /opt/devkitpro/devkitA64/lib/gcc/aarch64-none-elf/15.2.0/../../../../aarch64-none-elf/lib/pic/libsysbase.a(libsysbase_libsysbase_a-handle_manager.o)
 .data.__stdout_handle
                0x0000000000016df0       0x10 /opt/devkitpro/devkitA64/lib/gcc/aarch64-none-elf/15.2.0/../../../../aarch64-none-elf/lib/pic/libsysbase.a(libsysbase_libsysbase_a-handle_manager.o)
 .data.__stdin_handle
                0x0000000000016e00       0x10 /opt/devkitpro/devkitA64/lib/gcc/aarch64-none-elf/15.2.0/../../../../aarch64-none-elf/lib/pic/libsysbase.a(libsysbase_libsysbase_a-handle_manager.o)
 .data.rel.devoptab_list
                0x0000000000016e10      0x118 /opt/devkitpro/devkitA64/lib/gcc/aarch64-none-elf/15.2.0/../../../../aarch64-none-elf/lib/pic/libsysbase.a(libsysbase_libsysbase_a-iosupport.o)
                0x0000000000016e10                devoptab_list
                0x0000000000016f28                . = ALIGN (0x8)

.tdata          0x0000000000016f28        0x0
 *(.tdata .tdata.* .gnu.linkonce.td.*)
                0x0000000000016f28                . = ALIGN (0x8)
                0x0000000000016f28                PROVIDE (__tdata_lma = ADDR (.tdata))
                0x0000000000016f28                PROVIDE (__tdata_lma_end = (ADDR (.tdata) + SIZEOF (.tdata)))

.tbss           0x0000000000016f28        0x0
 *(.tbss .tbss.* .gnu.linkonce.tb.*)
 *(.tcommon)
                0x0000000000016f28                . = ALIGN (0x8)

.bss            0x0000000000016f30      0xd58
 *(.dynbss)
 .dynbss        0x0000000000016f30        0x0 /opt/devkitpro/devkitA64/lib/gcc/aarch64-none-elf/15.2.0/pic/crti.o
 *(.bss .bss.* .gnu.linkonce.b.*)
 .bss.completed.1
                0x0000000000016f30        0x1 /opt/devkitpro/devkitA64/lib/gcc/aarch64-none-elf/15.2.0/pic/crtbegin.o
 *fill*         0x0000000000016f31        0x7 
 .bss.object.0  0x0000000000016f38       0x30 /opt/devkitpro/devkitA64/lib/gcc/aarch64-none-elf/15.2.0/pic/crtbegin.o
 .bss.g_smGuard
                0x0000000000016f68        0x8 /opt/devkitpro/libnx/lib/libnx.a(sm.o)
 .bss.g_smOverridesNum
                0x0000000000016f70        0x8 /opt/devkitpro/libnx/lib/libnx.a(sm.o)
 .bss.g_smOverrides
                0x0000000000016f78      0x180 /opt/devkitpro/libnx/lib/libnx.a(sm.o)
 .bss.g_smSrv   0x00000000000170f8       0x10 /opt/devkitpro/libnx/lib/libnx.a(sm.o)
 .bss.g_hosVersion
                0x0000000000017108        0x4 /opt/devkitpro/libnx/lib/libnx.a(hosversion.o)
 *fill*         0x000000000001710c        0x4 
 .bss.__stack_top
                0x0000000000017110        0x8 /opt/devkitpro/libnx/lib/libnx.a(switch_crt0.o)
                0x0000000000017110                __stack_top
 .bss.g_argv_empty
                0x0000000000017118        0x8 /opt/devkitpro/libnx/lib/libnx.a(argv.o)
 .bss.__system_argv
                0x0000000000017120        0x8 /opt/devkitpro/libnx/lib/libnx.a(argv.o)
                0x0000000000017120                __system_argv
 .bss.__system_argc
                0x0000000000017128        0x4 /opt/devkitpro/libnx/lib/libnx.a(argv.o)
                0x0000000000017128                __system_argc
 *fill*         0x000000000001712c        0x4 
 .bss.g_userIdStorage
                0x0000000000017130        0x8 /opt/devkitpro/libnx/lib/libnx.a(env.o)
 *fill*         0x0000000000017138        0x8 
 .bss.g_randomSeed
                0x0000000000017140       0x10 /opt/devkitpro/libnx/lib/libnx.a(env.o)
 .bss.g_hasRandomSeed
                0x0000000000017150        0x1 /opt/devkitpro/libnx/lib/libnx.a(env.o)
 *fill*         0x0000000000017151        0x3 
 .bss.g_lastLoadResult
                0x0000000000017154        0x4 /opt/devkitpro/libnx/lib/libnx.a(env.o)
 .bss.g_nextLoadArgv
                0x0000000000017158        0x8 /opt/devkitpro/libnx/lib/libnx.a(env.o)
 .bss.g_nextLoadPath
                0x0000000000017160        0x8 /opt/devkitpro/libnx/lib/libnx.a(env.o)
 .bss.g_processHandle
                0x0000000000017168        0x4 /opt/devkitpro/libnx/lib/libnx.a(env.o)
 *fill*         0x000000000001716c        0x4 
 .bss.g_syscallHints
                0x0000000000017170       0x18 /opt/devkitpro/libnx/lib/libnx.a(env.o)
 .bss.g_overrideArgv
                0x0000000000017188        0x8 /opt/devkitpro/libnx/lib/libnx.a(env.o)
 .bss.g_overrideHeapSize
                0x0000000000017190        0x8 /opt/devkitpro/libnx/lib/libnx.a(env.o)
 .bss.g_overrideHeapAddr
                0x0000000000017198        0x8 /opt/devkitpro/libnx/lib/libnx.a(env.o)
 .bss.g_loaderRetAddr
                0x00000000000171a0        0x8 /opt/devkitpro/libnx/lib/libnx.a(env.o)
 .bss.g_mainThreadHandle
                0x00000000000171a8        0x4 /opt/devkitpro/libnx/lib/libnx.a(env.o)
 *fill*         0x00000000000171ac        0x4 
 .bss.g_loaderInfoSize
                0x00000000000171b0        0x8 /opt/devkitpro/libnx/lib/libnx.a(env.o)
 .bss.g_loaderInfo
                0x00000000000171b8        0x8 /opt/devkitpro/libnx/lib/libnx.a(env.o)
 .bss.g_isNso   0x00000000000171c0        0x1 /opt/devkitpro/libnx/lib/libnx.a(env.o)
 *fill*         0x00000000000171c1        0xf 
 .bss.__nx_exceptiondump
                0x00000000000171d0      0x340 /opt/devkitpro/libnx/lib/libnx.a(init.o)
                0x00000000000171d0                __nx_exceptiondump
 .bss.__nx_exception_ignoredebug
                0x0000000000017510        0x4 /opt/devkitpro/libnx/lib/libnx.a(init.o)
                0x0000000000017510                __nx_exception_ignoredebug
 *fill*         0x0000000000017514        0xc 
 .bss.__nx_exception_stack
                0x0000000000017520      0x400 /opt/devkitpro/libnx/lib/libnx.a(init.o)
                0x0000000000017520                __nx_exception_stack
 .bss.__nx_heap_size
                0x0000000000017920        0x8 /opt/devkitpro/libnx/lib/libnx.a(init.o)
                0x0000000000017920                __nx_heap_size
 .bss.__nxlink_host
                0x0000000000017928        0x4 /opt/devkitpro/libnx/lib/libnx.a(nxlink.o)
                0x0000000000017928                __nxlink_host
 *fill*         0x000000000001792c        0x4 
 .bss.g_mainThread
                0x0000000000017930       0x38 /opt/devkitpro/libnx/lib/libnx.a(thread.o)
 .bss.g_threadList
                0x0000000000017968        0x8 /opt/devkitpro/libnx/lib/libnx.a(thread.o)
 .bss.g_threadMutex
                0x0000000000017970        0x4 /opt/devkitpro/libnx/lib/libnx.a(thread.o)
 .bss.g_IsLegacyKernel
                0x0000000000017974        0x1 /opt/devkitpro/libnx/lib/libnx.a(virtmem.o)
 *fill*         0x0000000000017975        0xb 
 .bss.g_StackRegion
                0x0000000000017980       0x10 /opt/devkitpro/libnx/lib/libnx.a(virtmem.o)
 .bss.g_AslrRegion
                0x0000000000017990       0x10 /opt/devkitpro/libnx/lib/libnx.a(virtmem.o)
 .bss.g_HeapRegion
                0x00000000000179a0       0x10 /opt/devkitpro/libnx/lib/libnx.a(virtmem.o)
 .bss.g_AliasRegion
                0x00000000000179b0       0x10 /opt/devkitpro/libnx/lib/libnx.a(virtmem.o)
 .bss.__malloc_current_mallinfo
                0x00000000000179c0       0x50 /opt/devkitpro/devkitA64/lib/gcc/aarch64-none-elf/15.2.0/../../../../aarch64-none-elf/lib/pic/libg.a(libc_a-mallocr.o)
                0x00000000000179c0                __malloc_current_mallinfo
 .bss.__malloc_max_total_mem
                0x0000000000017a10        0x8 /opt/devkitpro/devkitA64/lib/gcc/aarch64-none-elf/15.2.0/../../../../aarch64-none-elf/lib/pic/libg.a(libc_a-mallocr.o)
                0x0000000000017a10                __malloc_max_total_mem
 .bss.__malloc_max_sbrked_mem
                0x0000000000017a18        0x8 /opt/devkitpro/devkitA64/lib/gcc/aarch64-none-elf/15.2.0/../../../../aarch64-none-elf/lib/pic/libg.a(libc_a-mallocr.o)
                0x0000000000017a18                __malloc_max_sbrked_mem
 .bss.__malloc_top_pad
                0x0000000000017a20        0x8 /opt/devkitpro/devkitA64/lib/gcc/aarch64-none-elf/15.2.0/../../../../aarch64-none-elf/lib/pic/libg.a(libc_a-mallocr.o)
                0x0000000000017a20                __malloc_top_pad
 .bss.__sfp_recursive_mutex
                0x0000000000017a28        0x8 /opt/devkitpro/devkitA64/lib/gcc/aarch64-none-elf/15.2.0/../../../../aarch64-none-elf/lib/pic/libg.a(libc_a-findfp.o)
 .bss.__sf      0x0000000000017a30      0x228 /opt/devkitpro/devkitA64/lib/gcc/aarch64-none-elf/15.2.0/../../../../aarch64-none-elf/lib/pic/libg.a(libc_a-findfp.o)
                0x0000000000017a30                __sf
 .bss.__stdio_exit_handler
                0x0000000000017c58        0x8 /opt/devkitpro/devkitA64/lib/gcc/aarch64-none-elf/15.2.0/../../../../aarch64-none-elf/lib/pic/libg.a(libc_a-findfp.o)
                0x0000000000017c58                __stdio_exit_handler
 .bss.__malloc_recursive_mutex
                0x0000000000017c60        0x8 /opt/devkitpro/devkitA64/lib/gcc/aarch64-none-elf/15.2.0/../../../../aarch64-none-elf/lib/pic/libg.a(libc_a-mlock.o)
 .bss.__hndl_lock
                0x0000000000017c68        0x4 /opt/devkitpro/devkitA64/lib/gcc/aarch64-none-elf/15.2.0/../../../../aarch64-none-elf/lib/pic/libsysbase.a(libsysbase_libsysbase_a-handle_manager.o)
 *fill*         0x0000000000017c6c        0x4 
 .bss.fake_heap_start
                0x0000000000017c70        0x8 /opt/devkitpro/devkitA64/lib/gcc/aarch64-none-elf/15.2.0/../../../../aarch64-none-elf/lib/pic/libsysbase.a(libsysbase_libsysbase_a-malloc_vars.o)
                0x0000000000017c70                fake_heap_start
 .bss.fake_heap_end
                0x0000000000017c78        0x8 /opt/devkitpro/devkitA64/lib/gcc/aarch64-none-elf/15.2.0/../../../../aarch64-none-elf/lib/pic/libsysbase.a(libsysbase_libsysbase_a-malloc_vars.o)
                0x0000000000017c78                fake_heap_end
 .bss.heap_start.0
                0x0000000000017c80        0x8 /opt/devkitpro/devkitA64/lib/gcc/aarch64-none-elf/15.2.0/../../../../aarch64-none-elf/lib/pic/libsysbase.a(libsysbase_libsysbase_a-sbrk.o)
 *(COMMON)
                0x0000000000017c88                . = ALIGN (0x8)

.main.tls       0x0000000000017c88        0x0
                0x0000000000017c88                . = (. + SIZEOF (.tdata))
                0x0000000000017c88                . = ALIGN (ALIGNOF (.tbss))
                0x0000000000017c88                . = (. + SIZEOF (.tbss))
                0x0000000000017c88                PROVIDE (__tls_start = ADDR (.main.tls))
                0x0000000000017c88                PROVIDE (__tls_end = (ADDR (.main.tls) + SIZEOF (.main.tls)))
                0x0000000000016f30                PROVIDE (__bss_start__ = ADDR (.bss))
                0x0000000000017c88                PROVIDE (__bss_end__ = __tls_end)
                0x0000000000017c88                PROVIDE (__end__ = .)
                0x0000000000018000                . = ALIGN (0x1000)
                0x0000000000018000                PROVIDE (__argdata__ = .)

/DISCARD/
 *(.group .comment .note)

.stab
 *(.stab)

.stabstr
 *(.stabstr)

.stab.excl
 *(.stab.excl)

.stab.exclstr
 *(.stab.exclstr)

.stab.index
 *(.stab.index)

.stab.indexstr