Archive member included to satisfy reference by file (symbol)

/opt/devkitpro/libnx/lib/libnx.a(sm.o)
                              build/main.o (smInitialize)
/opt/devkitpro/libnx/lib/libnx.a(diag.o)
                              /opt/devkitpro/libnx/lib/libnx.a(sm.o) (diagAbortWithResult)
/opt/devkitpro/libnx/lib/libnx.a(hosversion.o)
                              /opt/devkitpro/libnx/lib/libnx.a(sm.o) (hosversionGet)
/opt/devkitpro/libnx/lib/libnx.a(svc.o)
                              build/main.o (svcExitProcess)
/opt/devkitpro/libnx/lib/libnx.a(switch_crt0.o)
                              (_start)
/opt/devkitpro/libnx/lib/libnx.a(mutex.o)
                              /opt/devkitpro/libnx/lib/libnx.a(sm.o) (mutexLock)
/opt/devkitpro/libnx/lib/libnx.a(argv.o)
                              /opt/devkitpro/libnx/lib/libnx.a(switch_crt0.o) (__system_argc)
/opt/devkitpro/libnx/lib/libnx.a(dynamic.o)
                              /opt/devkitpro/libnx/lib/libnx.a(switch_crt0.o) (__nx_dynamic)
/opt/devkitpro/libnx/lib/libnx.a(env.o)
                              /opt/devkitpro/libnx/lib/libnx.a(argv.o) (envIsNso)
/opt/devkitpro/libnx/lib/libnx.a(init.o)
                              /opt/devkitpro/libnx/lib/libnx.a(switch_crt0.o) (__libnx_init)
/opt/devkitpro/libnx/lib/libnx.a(newlib.o)
                              /opt/devkitpro/libnx/lib/libnx.a(init.o) (__libnx_init_time)
/opt/devkitpro/libnx/lib/libnx.a(nxlink.o)
                              /opt/devkitpro/libnx/lib/libnx.a(argv.o) (nxlinkSetup)
/opt/devkitpro/libnx/lib/libnx.a(fs_dev.o)
                              /opt/devkitpro/libnx/lib/libnx.a(init.o) (fsdevMountSdmc)
/opt/devkitpro/libnx/lib/libnx.a(path_buf.o)
                              /opt/devkitpro/libnx/lib/libnx.a(fs_dev.o) (__nx_dev_path_buf)
/opt/devkitpro/libnx/lib/libnx.a(decode_utf8.o)
                              /opt/devkitpro/libnx/lib/libnx.a(fs_dev.o) (decode_utf8)
/opt/devkitpro/libnx/lib/libnx.a(exception.o)
                              /opt/devkitpro/libnx/lib/libnx.a(switch_crt0.o) (__libnx_exception_entry)
/opt/devkitpro/libnx/lib/libnx.a(readtp.o)
                              /opt/devkitpro/libnx/lib/libnx.a(fs_dev.o) (__aarch64_read_tp)
/opt/devkitpro/libnx/lib/libnx.a(condvar.o)
                              /opt/devkitpro/libnx/lib/libnx.a(newlib.o) (condvarWaitTimeout)
/opt/devkitpro/libnx/lib/libnx.a(thread.o)
                              /opt/devkitpro/libnx/lib/libnx.a(init.o) (__libnx_init_thread)
/opt/devkitpro/libnx/lib/libnx.a(virtmem.o)
                              /opt/devkitpro/libnx/lib/libnx.a(init.o) (virtmemSetup)
/opt/devkitpro/libnx/lib/libnx.a(wait.o)
                              /opt/devkitpro/libnx/lib/libnx.a(thread.o) (waitHandles)
/opt/devkitpro/libnx/lib/libnx.a(applet.o)
                              /opt/devkitpro/libnx/lib/libnx.a(init.o) (__nx_applet_type)
/opt/devkitpro/libnx/lib/libnx.a(fs.o)
                              /opt/devkitpro/libnx/lib/libnx.a(init.o) (fsInitialize)
/opt/devkitpro/libnx/lib/libnx.a(hid.o)
                              /opt/devkitpro/libnx/lib/libnx.a(init.o) (hidInitialize)
/opt/devkitpro/libnx/lib/libnx.a(set.o)
                              /opt/devkitpro/libnx/lib/libnx.a(init.o) (setsysInitialize)
/opt/devkitpro/libnx/lib/libnx.a(time.o)
                              /opt/devkitpro/libnx/lib/libnx.a(init.o) (timeInitialize)
/opt/devkitpro/libnx/lib/libnx.a(alloc.o)
                              /opt/devkitpro/libnx/lib/libnx.a(newlib.o) (__libnx_alloc)
/opt/devkitpro/libnx/lib/libnx.a(event.o)
                              /opt/devkitpro/libnx/lib/libnx.a(applet.o) (eventLoadRemote)
/opt/devkitpro/libnx/lib/libnx.a(random.o)
                              /opt/devkitpro/libnx/lib/libnx.a(virtmem.o) (randomGet64)
/opt/devkitpro/libnx/lib/libnx.a(shmem.o)
                              /opt/devkitpro/libnx/lib/libnx.a(hid.o) (shmemLoadRemote)
/opt/devkitpro/libnx/lib/libnx.a(tmem.o)
                              /opt/devkitpro/libnx/lib/libnx.a(applet.o) (tmemCreate)
/opt/devkitpro/libnx/lib/libnx.a(sessionmgr.o)
                              /opt/devkitpro/libnx/lib/libnx.a(fs.o) (sessionmgrCreate)
/opt/devkitpro/libnx/lib/libnx.a(apm.o)
                              /opt/devkitpro/libnx/lib/libnx.a(applet.o) (apmInitialize)
/opt/devkitpro/devkitA64/lib/gcc/aarch64-none-elf/15.2.0/../../../../aarch64-none-elf/lib/pic/libg.a(libc_a-strncat.o)
                              /opt/devkitpro/libnx/lib/libnx.a(fs_dev.o) (strncat)
/opt/devkitpro/devkitA64/lib/gcc/aarch64-none-elf/15.2.0/../../../../aarch64-none-elf/lib/pic/libg.a(libc_a-strnlen.o)
                              /opt/devkitpro/libnx/lib/libnx.a(fs_dev.o) (strnlen)
/opt/devkitpro/devkitA64/lib/gcc/aarch64-none-elf/15.2.0/../../../../aarch64-none-elf/lib/pic/libg.a(libc_a-impure.o)
                              /opt/devkitpro/libnx/lib/libnx.a(newlib.o) (_impure_ptr)
[...]
Memory Configuration

Name             Origin             Length             Attributes
*default*        0x0000000000000000 0xffffffffffffffff

Linker script and memory map

                0x0000000000000000                PROVIDE (__start__ = 0x0)
                0x0000000000000000                . = __start__
                [!provide]                        PROVIDE (__code_start = .)

.text           0x0000000000000000     0x2500
 *(.crt0)
 .crt0          0x0000000000000000      0x130 /opt/devkitpro/libnx/lib/libnx.a(switch_crt0.o)
                0x0000000000000000                _start
                0x00000000000000e0                __nx_exit
                0x00000000000000f0                __nx_mod0
 *(.text.unlikely .text.*_unlikely .text.unlikely.*)
 *(.text.exit .text.exit.*)
 *fill*         0x0000000000000130       0x10 
 .text.exit     0x0000000000000140       0x34 /opt/devkitpro/devkitA64/lib/gcc/aarch64-none-elf/15.2.0/../../../../aarch64-none-elf/lib/pic/libg.a(libc_a-exit.o)
                0x0000000000000140                exit
 *(.text.startup .text.startup.*)
 *fill*         0x0000000000000174        0xc 
 .text.startup.main
                0x0000000000000180       0xac build/main.o
                0x0000000000000180                main
 *(.text.hot .text.hot.*)
 *(.text .stub .text.* .gnu.linkonce.t.*)
 *fill*         0x000000000000022c       0x14 
 .text.__do_global_dtors_aux
                0x0000000000000240       0x50 /opt/devkitpro/devkitA64/lib/gcc/aarch64-none-elf/15.2.0/pic/crtbegin.o
 *fill*         0x0000000000000290       0x10 
 .text.frame_dummy
                0x00000000000002a0       0x24 /opt/devkitpro/devkitA64/lib/gcc/aarch64-none-elf/15.2.0/pic/crtbegin.o
 *fill*         0x00000000000002c4        0xc 
 .text.__appInit
                0x00000000000002d0        0x4 build/main.o
                0x00000000000002d0                __appInit
 *fill*         0x00000000000002d4        0xc 
 .text.__appExit
                0x00000000000002e0        0x4 build/main.o
                0x00000000000002e0                __appExit
 *fill*         0x00000000000002e4        0xc 
 .text._smCmifCmdInPid
                0x00000000000002f0       0xcc /opt/devkitpro/libnx/lib/libnx.a(sm.o)
 *fill*         0x00000000000003bc        0x4 
 .text._smCleanup
                0x00000000000003c0       0x78 /opt/devkitpro/libnx/lib/libnx.a(sm.o)
 *fill*         0x0000000000000438        0x8 
 .text.smAddOverrideHandle
                0x0000000000000440       0x48 /opt/devkitpro/libnx/lib/libnx.a(sm.o)
                0x0000000000000440                smAddOverrideHandle
 *fill*         0x0000000000000488        0x8 
 .text.smGetServiceOverride
                0x0000000000000490       0x54 /opt/devkitpro/libnx/lib/libnx.a(sm.o)
                0x0000000000000490                smGetServiceOverride
 *fill*         0x00000000000004e4        0xc 
 .text.smInitialize
                0x00000000000004f0      0x1ac /opt/devkitpro/libnx/lib/libnx.a(sm.o)
                0x00000000000004f0                smInitialize
 *fill*         0x000000000000069c        0x4 
 .text.smExit   0x00000000000006a0       0x48 /opt/devkitpro/libnx/lib/libnx.a(sm.o)
                0x00000000000006a0                smExit
 *fill*         0x00000000000006e8        0x8 
 .text.smGetServiceOriginal
                0x00000000000006f0       0xd0 /opt/devkitpro/libnx/lib/libnx.a(sm.o)
                0x00000000000006f0                smGetServiceOriginal
 .text.smGetServiceWrapper
                0x00000000000007c0      0x120 /opt/devkitpro/libnx/lib/libnx.a(sm.o)
                0x00000000000007c0                smGetServiceWrapper
 .text.diagAbortWithResult
                0x00000000000008e0       0x1c /opt/devkitpro/libnx/lib/libnx.a(diag.o)
                0x00000000000008e0                diagAbortWithResult
 *fill*         0x00000000000008fc        0x4 
 .text.hosversionSet
                0x0000000000000900       0x10 /opt/devkitpro/libnx/lib/libnx.a(hosversion.o)
                0x0000000000000900                hosversionSet
 .text.svcSetHeapSize
                0x0000000000000910       0x14 /opt/devkitpro/libnx/lib/libnx.a(svc.o)
                0x0000000000000910                svcSetHeapSize
 .text.svcSetMemoryPermission
                0x0000000000000924        0x8 /opt/devkitpro/libnx/lib/libnx.a(svc.o)
                0x0000000000000924                svcSetMemoryPermission
 .text.svcSetMemoryAttribute
                0x000000000000092c        0x8 /opt/devkitpro/libnx/lib/libnx.a(svc.o)
                0x000000000000092c                svcSetMemoryAttribute
 .text.svcUnmapMemory
                0x0000000000000934        0x8 /opt/devkitpro/libnx/lib/libnx.a(svc.o)
                0x0000000000000934                svcUnmapMemory
 .text.svcQueryMemory
                0x000000000000093c       0x14 /opt/devkitpro/libnx/lib/libnx.a(svc.o)
                0x000000000000093c                svcQueryMemory
 .text.svcExitProcess
                0x0000000000000950        0x8 /opt/devkitpro/libnx/lib/libnx.a(svc.o)
                0x0000000000000950                svcExitProcess
 .text.svcSleepThread
                0x0000000000000958        0x8 /opt/devkitpro/libnx/lib/libnx.a(svc.o)
                0x0000000000000958                svcSleepThread
 .text.svcCloseHandle
                0x0000000000000960        0x8 /opt/devkitpro/libnx/lib/libnx.a(svc.o)
                0x0000000000000960                svcCloseHandle
 .text.svcArbitrateLock
                0x0000000000000968        0x8 /opt/devkitpro/libnx/lib/libnx.a(svc.o)
                0x0000000000000968                svcArbitrateLock
 .text.svcArbitrateUnlock
                0x0000000000000970        0x8 /opt/devkitpro/libnx/lib/libnx.a(svc.o)
                0x0000000000000970                svcArbitrateUnlock
 .text.svcConnectToNamedPort
                0x0000000000000978       0x14 /opt/devkitpro/libnx/lib/libnx.a(svc.o)
                0x0000000000000978                svcConnectToNamedPort
 .text.svcSendSyncRequest
                0x000000000000098c        0x8 /opt/devkitpro/libnx/lib/libnx.a(svc.o)
                0x000000000000098c                svcSendSyncRequest
 .text.svcBreak
                0x0000000000000994        0x8 /opt/devkitpro/libnx/lib/libnx.a(svc.o)
                0x0000000000000994                svcBreak
 .text.svcOutputDebugString
                0x000000000000099c        0x8 /opt/devkitpro/libnx/lib/libnx.a(svc.o)
                0x000000000000099c                svcOutputDebugString
 .text.svcReturnFromException
                0x00000000000009a4        0x8 /opt/devkitpro/libnx/lib/libnx.a(svc.o)
                0x00000000000009a4                svcReturnFromException
 .text.svcGetInfo
                0x00000000000009ac       0x14 /opt/devkitpro/libnx/lib/libnx.a(svc.o)
                0x00000000000009ac                svcGetInfo
 .text.mutexLock
                0x00000000000009c0       0xc8 /opt/devkitpro/libnx/lib/libnx.a(mutex.o)
                0x00000000000009c0                mutexLock
 *fill*         0x0000000000000a88        0x8 
 .text.mutexUnlock
                0x0000000000000a90       0x68 /opt/devkitpro/libnx/lib/libnx.a(mutex.o)
                0x0000000000000a90                mutexUnlock
 *fill*         0x0000000000000af8        0x8 
 .text.argvSetup
                0x0000000000000b00      0x314 /opt/devkitpro/libnx/lib/libnx.a(argv.o)
                0x0000000000000b00                argvSetup
 *fill*         0x0000000000000e14        0xc 
 .text.__nx_dynamic
                0x0000000000000e20      0x1fc /opt/devkitpro/libnx/lib/libnx.a(dynamic.o)
                0x0000000000000e20                __nx_dynamic
 *fill*         0x000000000000101c        0x4 
 .text.envSetup
                0x0000000000001020      0x208 /opt/devkitpro/libnx/lib/libnx.a(env.o)
                0x0000000000001020                envSetup
 *fill*         0x0000000000001228        0x8 
 .text.envGetMainThreadHandle
                0x0000000000001230       0x20 /opt/devkitpro/libnx/lib/libnx.a(env.o)
                0x0000000000001230                envGetMainThreadHandle
 .text.envIsNso
                0x0000000000001250        0xc /opt/devkitpro/libnx/lib/libnx.a(env.o)
                0x0000000000001250                envIsNso
 *fill*         0x000000000000125c        0x4 
 .text.envHasHeapOverride
                0x0000000000001260       0x14 /opt/devkitpro/libnx/lib/libnx.a(env.o)
                0x0000000000001260                envHasHeapOverride
 *fill*         0x0000000000001274        0xc 
 .text.envGetHeapOverrideAddr
                0x0000000000001280        0xc /opt/devkitpro/libnx/lib/libnx.a(env.o)
                0x0000000000001280                envGetHeapOverrideAddr
 *fill*         0x000000000000128c        0x4 
 .text.envGetHeapOverrideSize
                0x0000000000001290        0xc /opt/devkitpro/libnx/lib/libnx.a(env.o)
                0x0000000000001290                envGetHeapOverrideSize
 *fill*         0x000000000000129c        0x4 
 .text.envHasArgv
                0x00000000000012a0       0x14 /opt/devkitpro/libnx/lib/libnx.a(env.o)
                0x00000000000012a0                envHasArgv
 *fill*         0x00000000000012b4        0xc 
 .text.envGetArgv
                0x00000000000012c0        0xc /opt/devkitpro/libnx/lib/libnx.a(env.o)
                0x00000000000012c0                envGetArgv
 *fill*         0x00000000000012cc        0x4 
 .text.envGetExitFuncPtr
                0x00000000000012d0        0xc /opt/devkitpro/libnx/lib/libnx.a(env.o)
                0x00000000000012d0                envGetExitFuncPtr
 *fill*         0x00000000000012dc        0x4 
 .text.__libnx_initheap
                0x00000000000012e0       0xd0 /opt/devkitpro/libnx/lib/libnx.a(init.o)
                0x00000000000012e0                __libnx_initheap
 .text.__libnx_init
                0x00000000000013b0       0x2c /opt/devkitpro/libnx/lib/libnx.a(init.o)
                0x00000000000013b0                __libnx_init
 *fill*         0x00000000000013dc        0x4 
 .text.__libnx_exit
                0x00000000000013e0       0x1c /opt/devkitpro/libnx/lib/libnx.a(init.o)
                0x00000000000013e0                __libnx_exit
 *fill*         0x00000000000013fc        0x4 
 .text.__syscall_exit
                0x0000000000001400       0x1c /opt/devkitpro/libnx/lib/libnx.a(newlib.o)
                0x0000000000001400                __syscall_exit
 *fill*         0x000000000000141c        0x4 
 .text.__syscall_getreent
                0x0000000000001420       0x34 /opt/devkitpro/libnx/lib/libnx.a(newlib.o)
                0x0000000000001420                __syscall_getreent
 *fill*         0x0000000000001454        0xc 
 .text.newlibSetup
                0x0000000000001460       0x98 /opt/devkitpro/libnx/lib/libnx.a(newlib.o)
                0x0000000000001460                newlibSetup
 *fill*         0x00000000000014f8        0x8 
 .text.nxlinkSetup
                0x0000000000001500       0xe8 /opt/devkitpro/libnx/lib/libnx.a(nxlink.o)
                0x0000000000001500                nxlinkSetup
 .text.__libnx_exception_entry
                0x00000000000015e8      0x1c0 /opt/devkitpro/libnx/lib/libnx.a(exception.o)
                0x00000000000015e8                __libnx_exception_entry
 .text.__libnx_exception_returnentry
                0x00000000000017a8       0x18 /opt/devkitpro/libnx/lib/libnx.a(exception.o)
                0x00000000000017a8                __libnx_exception_returnentry
 .text.__libnx_init_thread
                0x00000000000017c0       0xb0 /opt/devkitpro/libnx/lib/libnx.a(thread.o)
                0x00000000000017c0                __libnx_init_thread
 .text._memregionInitWithInfo
                0x0000000000001870       0x64 /opt/devkitpro/libnx/lib/libnx.a(virtmem.o)
 *fill*         0x00000000000018d4        0xc 
 .text.virtmemSetup
                0x00000000000018e0      0x140 /opt/devkitpro/libnx/lib/libnx.a(virtmem.o)
                0x00000000000018e0                virtmemSetup
 *fill*         0x0000000000001a20       0x20 
 .text          0x0000000000001a40      0x22c /opt/devkitpro/devkitA64/lib/gcc/aarch64-none-elf/15.2.0/../../../../aarch64-none-elf/lib/pic/libg.a(libc_a-memcpy.o)
                0x0000000000001a40                memmove
                0x0000000000001a40                memcpy
 *fill*         0x0000000000001c6c       0x14 
 .text          0x0000000000001c80      0x104 /opt/devkitpro/devkitA64/lib/gcc/aarch64-none-elf/15.2.0/../../../../aarch64-none-elf/lib/pic/libg.a(libc_a-memset.o)
                0x0000000000001c80                memset
 *fill*         0x0000000000001d84       0x1c 
 .text._strtoul_l.isra.0
                0x0000000000001da0      0x1a4 /opt/devkitpro/devkitA64/lib/gcc/aarch64-none-elf/15.2.0/../../../../aarch64-none-elf/lib/pic/libg.a(libc_a-strtoul.o)
 *fill*         0x0000000000001f44       0x1c 
 .text.strtoul  0x0000000000001f60       0x40 /opt/devkitpro/devkitA64/lib/gcc/aarch64-none-elf/15.2.0/../../../../aarch64-none-elf/lib/pic/libg.a(libc_a-strtoul.o)
                0x0000000000001f60                strtoul
 *fill*         0x0000000000001fa0       0x20 
 .text          0x0000000000001fc0      0x130 /opt/devkitpro/devkitA64/lib/gcc/aarch64-none-elf/15.2.0/../../../../aarch64-none-elf/lib/pic/libg.a(libc_a-strlen.o)
                0x0000000000001fc0                strlen
 *fill*         0x00000000000020f0       0x10 
 .text          0x0000000000002100      0x1b4 /opt/devkitpro/devkitA64/lib/gcc/aarch64-none-elf/15.2.0/../../../../aarch64-none-elf/lib/pic/libg.a(libc_a-strncmp.o)
                0x0000000000002100                strncmp
 *fill*         0x00000000000022b4        0xc 
 .text.__libc_init_array
                0x00000000000022c0       0xa4 /opt/devkitpro/devkitA64/lib/gcc/aarch64-none-elf/15.2.0/../../../../aarch64-none-elf/lib/pic/libg.a(libc_a-init.o)
                0x00000000000022c0                __libc_init_array
 *fill*         0x0000000000002364       0x1c 
 .text.strncpy  0x0000000000002380       0xac /opt/devkitpro/devkitA64/lib/gcc/aarch64-none-elf/15.2.0/../../../../aarch64-none-elf/lib/pic/libg.a(libc_a-strncpy.o)
                0x0000000000002380                strncpy
 *fill*         0x000000000000242c       0x14 
 .text.__call_exitprocs
                0x0000000000002440        0x4 /opt/devkitpro/devkitA64/lib/gcc/aarch64-none-elf/15.2.0/../../../../aarch64-none-elf/lib/pic/libg.a(libc_a-exit.o)
                0x0000000000002440                __call_exitprocs
 *fill*         0x0000000000002444       0x1c 
 .text.__libc_fini_array
                0x0000000000002460       0x44 /opt/devkitpro/devkitA64/lib/gcc/aarch64-none-elf/15.2.0/../../../../aarch64-none-elf/lib/pic/libg.a(libc_a-fini.o)
                0x0000000000002460                __libc_fini_array
 *fill*         0x00000000000024a4       0x1c 
 .text._exit    0x00000000000024c0       0x20 /opt/devkitpro/devkitA64/lib/gcc/aarch64-none-elf/15.2.0/../../../../aarch64-none-elf/lib/pic/libsysbase.a(libsysbase_libsysbase_a-_exit.o)
                0x00000000000024c0                _exit
 .text.__getreent
                0x00000000000024e0       0x20 /opt/devkitpro/devkitA64/lib/gcc/aarch64-none-elf/15.2.0/../../../../aarch64-none-elf/lib/pic/libsysbase.a(libsysbase_libsysbase_a-getreent.o)
                0x00000000000024e0                __getreent
                0x0000000000002500                . = ALIGN (0x8)

.init           0x0000000000002500       0x38
 *(.init)
 .init          0x0000000000002500       0x18 /opt/devkitpro/devkitA64/lib/gcc/aarch64-none-elf/15.2.0/pic/crti.o
                0x0000000000002500                _init
 .init          0x0000000000002518       0x1c /opt/devkitpro/devkitA64/lib/gcc/aarch64-none-elf/15.2.0/pic/crtn.o
                0x0000000000002538                . = ALIGN (0x8)
 *fill*         0x0000000000002534        0x4 

.plt            0x0000000000002538        0x0
 *(.plt)
 .plt           0x0000000000002538        0x0 /opt/devkitpro/devkitA64/lib/gcc/aarch64-none-elf/15.2.0/pic/crti.o
 *(.iplt)
                0x0000000000002538                . = ALIGN (0x8)

.fini           0x0000000000002538       0x38
 *(.fini)
 .fini          0x0000000000002538       0x18 /opt/devkitpro/devkitA64/lib/gcc/aarch64-none-elf/15.2.0/pic/crti.o
                0x0000000000002538                _fini
 .fini          0x0000000000002550       0x1c /opt/devkitpro/devkitA64/lib/gcc/aarch64-none-elf/15.2.0/pic/crtn.o
                0x0000000000002570                . = ALIGN (0x8)
 *fill*         0x000000000000256c        0x4 
                0x0000000000003000                . = ALIGN (0x1000)
                [!provide]                        PROVIDE (__rodata_start = .)

.nx-module-name
                0x0000000000003000       0x1a
 *(.nx-module-name)
 .nx-module-name
                0x0000000000003000       0x1a /opt/devkitpro/devkitA64/lib/gcc/aarch64-none-elf/15.2.0/pic/crti.o

.rela.dyn       0x0000000000003020        0x0
 *(.rela.*)
 .rela.got      0x0000000000003020        0x0 /opt/devkitpro/devkitA64/lib/gcc/aarch64-none-elf/15.2.0/pic/crti.o
 .rela.plt      0x0000000000003020        0x0 /opt/devkitpro/devkitA64/lib/gcc/aarch64-none-elf/15.2.0/pic/crti.o
 .rela.bss      0x0000000000003020        0x0 /opt/devkitpro/devkitA64/lib/gcc/aarch64-none-elf/15.2.0/pic/crti.o
 .rela.data.rel.ro
                0x0000000000003020        0x0 /opt/devkitpro/devkitA64/lib/gcc/aarch64-none-elf/15.2.0/pic/crti.o
 .rela.init_array
                0x0000000000003020        0x0 /opt/devkitpro/devkitA64/lib/gcc/aarch64-none-elf/15.2.0/pic/crti.o
 .rela.fini_array
                0x0000000000003020        0x0 /opt/devkitpro/devkitA64/lib/gcc/aarch64-none-elf/15.2.0/pic/crti.o
 .rela.ifunc    0x0000000000003020        0x0 /opt/devkitpro/devkitA64/lib/gcc/aarch64-none-elf/15.2.0/pic/crti.o
 .rela.data.rel._impure_ptr
                0x0000000000003020        0x0 /opt/devkitpro/devkitA64/lib/gcc/aarch64-none-elf/15.2.0/pic/crti.o
 .rela.data.rel._impure_data
                0x0000000000003020        0x0 /opt/devkitpro/devkitA64/lib/gcc/aarch64-none-elf/15.2.0/pic/crti.o

.relr.dyn       0x0000000000003020       0x28
 *(.relr.*)
 .relr.dyn      0x0000000000003020       0x28 /opt/devkitpro/devkitA64/lib/gcc/aarch64-none-elf/15.2.0/pic/crti.o

.hash           0x0000000000003048       0x18
 *(.hash)
 .hash          0x0000000000003048       0x18 /opt/devkitpro/devkitA64/lib/gcc/aarch64-none-elf/15.2.0/pic/crti.o

.gnu.hash
 *(.gnu.hash)

.dynsym         0x0000000000003060       0x48
 *(.dynsym)
 .dynsym        0x0000000000003060       0x48 /opt/devkitpro/devkitA64/lib/gcc/aarch64-none-elf/15.2.0/pic/crti.o

.dynstr         0x00000000000030a8        0x1
 *(.dynstr)
 .dynstr        0x00000000000030a8        0x1 /opt/devkitpro/devkitA64/lib/gcc/aarch64-none-elf/15.2.0/pic/crti.o

.rodata         0x00000000000030b0      0x170
 *(.rodata .rodata.* .gnu.linkonce.r.*)
 .rodata.str1.8
                0x00000000000030b0       0x51 build/main.o
                                         0x39 (size before relaxing)
 .rodata.smInitialize.str1.8
                0x0000000000003101        0x0 /opt/devkitpro/libnx/lib/libnx.a(sm.o)
                                          0x4 (size before relaxing)
 *fill*         0x0000000000003101        0x3 
 .rodata.envSetup
                0x0000000000003104       0x11 /opt/devkitpro/libnx/lib/libnx.a(env.o)
 .rodata.nxlinkSetup.str1.8
                0x0000000000003115        0x0 /opt/devkitpro/libnx/lib/libnx.a(nxlink.o)
                                          0x9 (size before relaxing)
 *fill*         0x0000000000003115        0x3 
 .rodata._ctype_
                0x0000000000003118      0x101 /opt/devkitpro/devkitA64/lib/gcc/aarch64-none-elf/15.2.0/../../../../aarch64-none-elf/lib/pic/libg.a(libc_a-ctype_.o)
                0x0000000000003118                _ctype_
                0x0000000000003220                . = ALIGN (0x8)
 *fill*         0x0000000000003219        0x7 

.tls.align      0x0000000000003220        0x8
                0x0000000000003220        0x8 QUAD 0x1 MAX (ALIGNOF (.tdata), ALIGNOF (.tbss))
                0x0000000000003220                PROVIDE (__tls_align = ADDR (.tls.align))

.gcc_except_table
 *(.gcc_except_table .gcc_except_table.*)

.eh_frame_hdr   0x0000000000003228        0x0
 *(.eh_frame_hdr)
 *(.eh_frame_entry .eh_frame_entry.*)

.eh_frame       0x0000000000003228      0x7f0
 *(.eh_frame)
 .eh_frame      0x0000000000003228       0x48 /opt/devkitpro/devkitA64/lib/gcc/aarch64-none-elf/15.2.0/pic/crtbegin.o
 .eh_frame      0x0000000000003270       0x40 build/main.o
                                         0x58 (size before relaxing)
 .eh_frame      0x00000000000032b0      0x128 /opt/devkitpro/libnx/lib/libnx.a(sm.o)
                                        0x2c0 (size before relaxing)
 .eh_frame      0x00000000000033d8       0x18 /opt/devkitpro/libnx/lib/libnx.a(diag.o)
                                         0x30 (size before relaxing)
 .eh_frame      0x00000000000033f0       0x18 /opt/devkitpro/libnx/lib/libnx.a(hosversion.o)
                                         0x50 (size before relaxing)
 .eh_frame      0x0000000000003408      0x140 /opt/devkitpro/libnx/lib/libnx.a(svc.o)
                                        0xa00 (size before relaxing)
 .eh_frame      0x0000000000003548       0x50 /opt/devkitpro/libnx/lib/libnx.a(mutex.o)
                                         0xf8 (size before relaxing)
 .eh_frame      0x0000000000003598       0x38 /opt/devkitpro/libnx/lib/libnx.a(argv.o)
                                         0x48 (size before relaxing)
 .eh_frame      0x00000000000035d0       0x38 /opt/devkitpro/libnx/lib/libnx.a(dynamic.o)
                                         0x48 (size before relaxing)
 .eh_frame      0x0000000000003608      0x108 /opt/devkitpro/libnx/lib/libnx.a(env.o)
                                        0x210 (size before relaxing)
 .eh_frame      0x0000000000003710       0x58 /opt/devkitpro/libnx/lib/libnx.a(init.o)
                                         0xb8 (size before relaxing)
 .eh_frame      0x0000000000003768       0x68 /opt/devkitpro/libnx/lib/libnx.a(newlib.o)
                                        0x3f8 (size before relaxing)
 .eh_frame      0x00000000000037d0       0x30 /opt/devkitpro/libnx/lib/libnx.a(nxlink.o)
                                         0x40 (size before relaxing)
 .eh_frame      0x0000000000003800        0x0 /opt/devkitpro/libnx/lib/libnx.a(fs_dev.o)
                                        0x9a0 (size before relaxing)
 .eh_frame      0x0000000000003800        0x0 /opt/devkitpro/libnx/lib/libnx.a(decode_utf8.o)
                                         0x28 (size before relaxing)
 .eh_frame      0x0000000000003800       0x28 /opt/devkitpro/libnx/lib/libnx.a(exception.o)
                                         0x40 (size before relaxing)
 .eh_frame      0x0000000000003828        0x0 /opt/devkitpro/libnx/lib/libnx.a(readtp.o)
                                         0x28 (size before relaxing)
 .eh_frame      0x0000000000003828        0x0 /opt/devkitpro/libnx/lib/libnx.a(condvar.o)
                                         0x40 (size before relaxing)
 .eh_frame      0x0000000000003828       0x28 /opt/devkitpro/libnx/lib/libnx.a(thread.o)
                                        0x298 (size before relaxing)
 .eh_frame      0x0000000000003850       0x60 /opt/devkitpro/libnx/lib/libnx.a(virtmem.o)
                                        0x218 (size before relaxing)
 .eh_frame      0x00000000000038b0        0x0 /opt/devkitpro/libnx/lib/libnx.a(wait.o)
                                         0xb0 (size before relaxing)
 .eh_frame      0x00000000000038b0        0x0 /opt/devkitpro/libnx/lib/libnx.a(applet.o)
                                       0x38d8 (size before relaxing)
 .eh_frame      0x00000000000038b0        0x0 /opt/devkitpro/libnx/lib/libnx.a(fs.o)
                                       0x1680 (size before relaxing)
 .eh_frame      0x00000000000038b0        0x0 /opt/devkitpro/libnx/lib/libnx.a(hid.o)
                                       0x1a50 (size before relaxing)
 .eh_frame      0x00000000000038b0        0x0 /opt/devkitpro/libnx/lib/libnx.a(set.o)
                                       0x2b38 (size before relaxing)
 .eh_frame      0x00000000000038b0        0x0 /opt/devkitpro/libnx/lib/libnx.a(time.o)
                                        0x378 (size before relaxing)
 .eh_frame      0x00000000000038b0        0x0 /opt/devkitpro/libnx/lib/libnx.a(alloc.o)
                                         0x50 (size before relaxing)
 .eh_frame      0x00000000000038b0        0x0 /opt/devkitpro/libnx/lib/libnx.a(event.o)
                                         0xc0 (size before relaxing)
 .eh_frame      0x00000000000038b0        0x0 /opt/devkitpro/libnx/lib/libnx.a(random.o)
                                         0x70 (size before relaxing)
 .eh_frame      0x00000000000038b0        0x0 /opt/devkitpro/libnx/lib/libnx.a(shmem.o)
                                         0xa0 (size before relaxing)
 .eh_frame      0x00000000000038b0        0x0 /opt/devkitpro/libnx/lib/libnx.a(tmem.o)
                                        0x128 (size before relaxing)
 .eh_frame      0x00000000000038b0        0x0 /opt/devkitpro/libnx/lib/libnx.a(sessionmgr.o)
                                        0x110 (size before relaxing)
 .eh_frame      0x00000000000038b0        0x0 /opt/devkitpro/libnx/lib/libnx.a(apm.o)
                                        0x138 (size before relaxing)
 .eh_frame      0x00000000000038b0        0x0 /opt/devkitpro/devkitA64/lib/gcc/aarch64-none-elf/15.2.0/../../../../aarch64-none-elf/lib/pic/libg.a(libc_a-strncat.o)
                                         0x28 (size before relaxing)
 .eh_frame      0x00000000000038b0        0x0 /opt/devkitpro/devkitA64/lib/gcc/aarch64-none-elf/15.2.0/../../../../aarch64-none-elf/lib/pic/libg.a(libc_a-strnlen.o)
                                         0x28 (size before relaxing)
 .eh_frame      0x00000000000038b0        0x0 /opt/devkitpro/devkitA64/lib/gcc/aarch64-none-elf/15.2.0/../../../../aarch64-none-elf/lib/pic/libg.a(libc_a-bsearch.o)
                                         0x78 (size before relaxing)
 .eh_frame      0x00000000000038b0       0x18 /opt/devkitpro/devkitA64/lib/gcc/aarch64-none-elf/15.2.0/../../../../aarch64-none-elf/lib/pic/libg.a(libc_a-memcpy.o)
                                         0x28 (size before relaxing)
 .eh_frame      0x00000000000038c8        0x0 /opt/devkitpro/devkitA64/lib/gcc/aarch64-none-elf/15.2.0/../../../../aarch64-none-elf/lib/pic/libg.a(libc_a-gmtime.o)
                                         0x38 (size before relaxing)
 .eh_frame      0x00000000000038c8       0x18 /opt/devkitpro/devkitA64/lib/gcc/aarch64-none-elf/15.2.0/../../../../aarch64-none-elf/lib/pic/libg.a(libc_a-memset.o)
                                         0x28 (size before relaxing)
 .eh_frame      0x00000000000038e0       0x38 /opt/devkitpro/devkitA64/lib/gcc/aarch64-none-elf/15.2.0/../../../../aarch64-none-elf/lib/pic/libg.a(libc_a-strtoul.o)
                                         0x98 (size before relaxing)
 .eh_frame      0x0000000000003918        0x0 /opt/devkitpro/devkitA64/lib/gcc/aarch64-none-elf/15.2.0/../../../../aarch64-none-elf/lib/pic/libg.a(libc_a-strcpy.o)
                                         0x28 (size before relaxing)
 .eh_frame      0x0000000000003918        0x0 /opt/devkitpro/devkitA64/lib/gcc/aarch64-none-elf/15.2.0/../../../../aarch64-none-elf/lib/pic/libg.a(libc_a-aligned_alloc.o)
                                         0x38 (size before relaxing)
 .eh_frame      0x0000000000003918        0x0 /opt/devkitpro/devkitA64/lib/gcc/aarch64-none-elf/15.2.0/../../../../aarch64-none-elf/lib/pic/libg.a(libc_a-malignr.o)
                                         0x60 (size before relaxing)
 .eh_frame      0x0000000000003918        0x0 /opt/devkitpro/devkitA64/lib/gcc/aarch64-none-elf/15.2.0/../../../../aarch64-none-elf/lib/pic/libg.a(libc_a-errno.o)
                                         0x38 (size before relaxing)
 .eh_frame      0x0000000000003918       0x18 /opt/devkitpro/devkitA64/lib/gcc/aarch64-none-elf/15.2.0/../../../../aarch64-none-elf/lib/pic/libg.a(libc_a-strlen.o)
                                         0x28 (size before relaxing)
 .eh_frame      0x0000000000003930       0x18 /opt/devkitpro/devkitA64/lib/gcc/aarch64-none-elf/15.2.0/../../../../aarch64-none-elf/lib/pic/libg.a(libc_a-strncmp.o)
                                         0x28 (size before relaxing)
 .eh_frame      0x0000000000003948        0x0 /opt/devkitpro/devkitA64/lib/gcc/aarch64-none-elf/15.2.0/../../../../aarch64-none-elf/lib/pic/libg.a(libc_a-mallocr.o)
                                         0x60 (size before relaxing)
 .eh_frame      0x0000000000003948        0x0 /opt/devkitpro/devkitA64/lib/gcc/aarch64-none-elf/15.2.0/../../../../aarch64-none-elf/lib/pic/libg.a(libc_a-freer.o)
                                         0x90 (size before relaxing)
 .eh_frame      0x0000000000003948        0x0 /opt/devkitpro/devkitA64/lib/gcc/aarch64-none-elf/15.2.0/../../../../aarch64-none-elf/lib/pic/libg.a(libc_a-findfp.o)
                                        0x188 (size before relaxing)
 .eh_frame      0x0000000000003948       0x28 /opt/devkitpro/devkitA64/lib/gcc/aarch64-none-elf/15.2.0/../../../../aarch64-none-elf/lib/pic/libg.a(libc_a-init.o)
                                         0x40 (size before relaxing)
 .eh_frame      0x0000000000003970       0x18 /opt/devkitpro/devkitA64/lib/gcc/aarch64-none-elf/15.2.0/../../../../aarch64-none-elf/lib/pic/libg.a(libc_a-strncpy.o)
                                         0x28 (size before relaxing)
 .eh_frame      0x0000000000003988        0x0 /opt/devkitpro/devkitA64/lib/gcc/aarch64-none-elf/15.2.0/../../../../aarch64-none-elf/lib/pic/libg.a(libc_a-malloc.o)
                                         0x60 (size before relaxing)
 .eh_frame      0x0000000000003988        0x0 /opt/devkitpro/devkitA64/lib/gcc/aarch64-none-elf/15.2.0/../../../../aarch64-none-elf/lib/pic/libg.a(libc_a-stdio.o)
                                         0xb8 (size before relaxing)
 .eh_frame      0x0000000000003988        0x0 /opt/devkitpro/devkitA64/lib/gcc/aarch64-none-elf/15.2.0/../../../../aarch64-none-elf/lib/pic/libg.a(libc_a-mlock.o)
                                         0x40 (size before relaxing)
 .eh_frame      0x0000000000003988        0x0 /opt/devkitpro/devkitA64/lib/gcc/aarch64-none-elf/15.2.0/../../../../aarch64-none-elf/lib/pic/libg.a(libc_a-fclose.o)
                                         0x78 (size before relaxing)
 .eh_frame      0x0000000000003988        0x0 /opt/devkitpro/devkitA64/lib/gcc/aarch64-none-elf/15.2.0/../../../../aarch64-none-elf/lib/pic/libg.a(libc_a-setenv.o)
                                         0x58 (size before relaxing)
 .eh_frame      0x0000000000003988       0x30 /opt/devkitpro/devkitA64/lib/gcc/aarch64-none-elf/15.2.0/../../../../aarch64-none-elf/lib/pic/libg.a(libc_a-exit.o)
                                         0x48 (size before relaxing)
 .eh_frame      0x00000000000039b8        0x0 /opt/devkitpro/devkitA64/lib/gcc/aarch64-none-elf/15.2.0/../../../../aarch64-none-elf/lib/pic/libg.a(libc_a-strcmp.o)
                                         0x28 (size before relaxing)
 .eh_frame      0x00000000000039b8       0x28 /opt/devkitpro/devkitA64/lib/gcc/aarch64-none-elf/15.2.0/../../../../aarch64-none-elf/lib/pic/libg.a(libc_a-fini.o)
                                         0x38 (size before relaxing)
 .eh_frame      0x00000000000039e0        0x0 /opt/devkitpro/devkitA64/lib/gcc/aarch64-none-elf/15.2.0/../../../../aarch64-none-elf/lib/pic/libg.a(libc_a-gmtime_r.o)
                                         0x28 (size before relaxing)
 .eh_frame      0x00000000000039e0        0x0 /opt/devkitpro/devkitA64/lib/gcc/aarch64-none-elf/15.2.0/../../../../aarch64-none-elf/lib/pic/libg.a(libc_a-ctype_.o)
                                         0x28 (size before relaxing)
 .eh_frame      0x00000000000039e0        0x0 /opt/devkitpro/devkitA64/lib/gcc/aarch64-none-elf/15.2.0/../../../../aarch64-none-elf/lib/pic/libg.a(libc_a-setenv_r.o)
                                         0xa8 (size before relaxing)
 .eh_frame      0x00000000000039e0        0x0 /opt/devkitpro/devkitA64/lib/gcc/aarch64-none-elf/15.2.0/../../../../aarch64-none-elf/lib/pic/libg.a(libc_a-fwalk.o)
                                         0x50 (size before relaxing)
 .eh_frame      0x00000000000039e0        0x0 /opt/devkitpro/devkitA64/lib/gcc/aarch64-none-elf/15.2.0/../../../../aarch64-none-elf/lib/pic/libg.a(libc_a-fflush.o)
                                         0x98 (size before relaxing)
 .eh_frame      0x00000000000039e0        0x0 /opt/devkitpro/devkitA64/lib/gcc/aarch64-none-elf/15.2.0/../../../../aarch64-none-elf/lib/pic/libg.a(libc_a-getenv_r.o)
                                         0x78 (size before relaxing)
 .eh_frame      0x00000000000039e0        0x0 /opt/devkitpro/devkitA64/lib/gcc/aarch64-none-elf/15.2.0/../../../../aarch64-none-elf/lib/pic/libg.a(libc_a-reallocr.o)
                                         0x68 (size before relaxing)
 .eh_frame      0x00000000000039e0        0x0 /opt/devkitpro/devkitA64/lib/gcc/aarch64-none-elf/15.2.0/../../../../aarch64-none-elf/lib/pic/libg.a(libc_a-strchr.o)
                                         0x28 (size before relaxing)
 .eh_frame      0x00000000000039e0        0x0 /opt/devkitpro/devkitA64/lib/gcc/aarch64-none-elf/15.2.0/../../../../aarch64-none-elf/lib/pic/libg.a(libc_a-envlock.o)
                                         0x40 (size before relaxing)
 .eh_frame      0x00000000000039e0       0x20 /opt/devkitpro/devkitA64/lib/gcc/aarch64-none-elf/15.2.0/../../../../aarch64-none-elf/lib/pic/libsysbase.a(libsysbase_libsysbase_a-_exit.o)
                                         0x38 (size before relaxing)
 .eh_frame      0x0000000000003a00        0x0 /opt/devkitpro/devkitA64/lib/gcc/aarch64-none-elf/15.2.0/../../../../aarch64-none-elf/lib/pic/libsysbase.a(libsysbase_libsysbase_a-chdir.o)
                                         0x78 (size before relaxing)
 .eh_frame      0x0000000000003a00        0x0 /opt/devkitpro/devkitA64/lib/gcc/aarch64-none-elf/15.2.0/../../../../aarch64-none-elf/lib/pic/libsysbase.a(libsysbase_libsysbase_a-concatenate.o)
                                         0xa0 (size before relaxing)
 .eh_frame      0x0000000000003a00       0x14 /opt/devkitpro/devkitA64/lib/gcc/aarch64-none-elf/15.2.0/../../../../aarch64-none-elf/lib/pic/libsysbase.a(libsysbase_libsysbase_a-getreent.o)
                                         0x28 (size before relaxing)
 .eh_frame      0x0000000000003a14        0x0 /opt/devkitpro/devkitA64/lib/gcc/aarch64-none-elf/15.2.0/../../../../aarch64-none-elf/lib/pic/libsysbase.a(libsysbase_libsysbase_a-handle_manager.o)
                                        0x110 (size before relaxing)
 .eh_frame      0x0000000000003a14        0x0 /opt/devkitpro/devkitA64/lib/gcc/aarch64-none-elf/15.2.0/../../../../aarch64-none-elf/lib/pic/libsysbase.a(libsysbase_libsysbase_a-iosupport.o)
                                        0x118 (size before relaxing)
 .eh_frame      0x0000000000003a14        0x0 /opt/devkitpro/devkitA64/lib/gcc/aarch64-none-elf/15.2.0/../../../../aarch64-none-elf/lib/pic/libsysbase.a(libsysbase_libsysbase_a-lseek.o)
                                         0x50 (size before relaxing)
 .eh_frame      0x0000000000003a14        0x0 /opt/devkitpro/devkitA64/lib/gcc/aarch64-none-elf/15.2.0/../../../../aarch64-none-elf/lib/pic/libsysbase.a(libsysbase_libsysbase_a-read.o)
                                         0x48 (size before relaxing)
 .eh_frame      0x0000000000003a14        0x0 /opt/devkitpro/devkitA64/lib/gcc/aarch64-none-elf/15.2.0/../../../../aarch64-none-elf/lib/pic/libsysbase.a(libsysbase_libsysbase_a-sbrk.o)
                                         0x28 (size before relaxing)
 .eh_frame      0x0000000000003a14        0x0 /opt/devkitpro/devkitA64/lib/gcc/aarch64-none-elf/15.2.0/../../../../aarch64-none-elf/lib/pic/libsysbase.a(libsysbase_libsysbase_a-syscall_support.o)
                                        0x118 (size before relaxing)
 .eh_frame      0x0000000000003a14        0x0 /opt/devkitpro/devkitA64/lib/gcc/aarch64-none-elf/15.2.0/../../../../aarch64-none-elf/lib/pic/libsysbase.a(libsysbase_libsysbase_a-write.o)
                                         0x48 (size before relaxing)
 .eh_frame      0x0000000000003a14        0x0 /opt/devkitpro/devkitA64/lib/gcc/aarch64-none-elf/15.2.0/../../../../aarch64-none-elf/lib/pic/libsysbase.a(libsysbase_libsysbase_a-clocks.o)
                                         0x78 (size before relaxing)
 .eh_frame      0x0000000000003a14        0x0 /opt/devkitpro/devkitA64/lib/gcc/aarch64-none-elf/15.2.0/../../../../aarch64-none-elf/lib/pic/libg.a(libc_a-strrchr.o)
                                         0x28 (size before relaxing)
 .eh_frame      0x0000000000003a14        0x4 /opt/devkitpro/devkitA64/lib/gcc/aarch64-none-elf/15.2.0/pic/crtend.o
 *(.eh_frame.*)

.gnu_extab
 *(.gnu_extab*)

.exception_ranges
 *(.exception_ranges .exception_ranges*)
                0x0000000000003228                PROVIDE (__eh_frame_hdr_start = ADDR (.eh_frame_hdr))
                0x0000000000003228                PROVIDE (__eh_frame_hdr_end = (ADDR (.eh_frame_hdr) + SIZEOF (.eh_frame_hdr)))

.gnu.version    0x0000000000003a18        0x0
 *(.gnu.version)
 .gnu.version   0x0000000000003a18        0x0 /opt/devkitpro/devkitA64/lib/gcc/aarch64-none-elf/15.2.0/pic/crti.o

.gnu.version_d  0x0000000000003a18        0x0
 *(.gnu.version_d)
 .gnu.version_d
                0x0000000000003a18        0x0 /opt/devkitpro/devkitA64/lib/gcc/aarch64-none-elf/15.2.0/pic/crti.o

.gnu.version_r  0x0000000000003a18        0x0
 *(.gnu.version_r)
 .gnu.version_r
                0x0000000000003a18        0x0 /opt/devkitpro/devkitA64/lib/gcc/aarch64-none-elf/15.2.0/pic/crti.o

.note.gnu.build-id
                0x0000000000003a18       0x24
 *(.note.gnu.build-id)
 .note.gnu.build-id
                0x0000000000003a18       0x24 /opt/devkitpro/devkitA64/lib/gcc/aarch64-none-elf/15.2.0/pic/crti.o
                0x0000000000004000                . = ALIGN (0x1000)
                0x0000000000004000                PROVIDE (__relro_start = .)

.preinit_array  0x0000000000004000        0x0
                0x0000000000004000                PROVIDE (__preinit_array_start = .)
 *(.preinit_array)
                0x0000000000004000                PROVIDE (__preinit_array_end = .)

.init_array     0x0000000000004000        0x8
                0x0000000000004000                PROVIDE (__init_array_start = .)
 *(SORT_BY_INIT_PRIORITY(.init_array.*) SORT_BY_INIT_PRIORITY(.ctors.*))
 *(.init_array .ctors)
 .init_array    0x0000000000004000        0x8 /opt/devkitpro/devkitA64/lib/gcc/aarch64-none-elf/15.2.0/pic/crtbegin.o
                0x0000000000004008                PROVIDE (__init_array_end = .)

.fini_array     0x0000000000004008        0x8
                0x0000000000004008                PROVIDE (__fini_array_start = .)
 *(SORT_BY_INIT_PRIORITY(.fini_array.*) SORT_BY_INIT_PRIORITY(.dtors.*))
 *(.fini_array .dtors)
 .fini_array    0x0000000000004008        0x8 /opt/devkitpro/devkitA64/lib/gcc/aarch64-none-elf/15.2.0/pic/crtbegin.o
                0x0000000000004010                PROVIDE (__fini_array_end = .)

.data.rel.ro    0x0000000000004010        0x0
 *(.data.rel.ro.local* .gnu.linkonce.d.rel.ro.local.*)
 *(.data.rel.ro .data.rel.ro.* .gnu.linkonce.d.rel.ro.*)
 .data.rel.ro   0x0000000000004010        0x0 /opt/devkitpro/devkitA64/lib/gcc/aarch64-none-elf/15.2.0/pic/crti.o
                0x0000000000004010                . = ALIGN (0x8)

.dynamic        0x0000000000004010      0x150
 *(.dynamic)
 .dynamic       0x0000000000004010      0x150 /opt/devkitpro/devkitA64/lib/gcc/aarch64-none-elf/15.2.0/pic/crti.o
                0x0000000000004010                _DYNAMIC

.got            0x0000000000004160       0xf0
 *(.got)
 .got           0x0000000000004160       0xf0 /opt/devkitpro/devkitA64/lib/gcc/aarch64-none-elf/15.2.0/pic/crti.o
                0x0000000000004160                _GLOBAL_OFFSET_TABLE_
 *(.igot)

.got.plt        0x0000000000004250       0x18
 *(.got.plt)
 .got.plt       0x0000000000004250       0x18 /opt/devkitpro/devkitA64/lib/gcc/aarch64-none-elf/15.2.0/pic/crti.o
 *(.igot.plt)
                0x0000000000004160                PROVIDE (__got_start__ = ADDR (.got))
                0x0000000000004268                PROVIDE (__got_end__ = (ADDR (.got.plt) + SIZEOF (.got.plt)))
                0x0000000000005000                . = ALIGN (0x1000)
                0x0000000000005000                PROVIDE (__data_start = .)

.data           0x0000000000005000      0x258
 *(.data .data.* .gnu.linkonce.d.*)
 .data.__nx_exception_stack_size
                0x0000000000005000        0x8 /opt/devkitpro/libnx/lib/libnx.a(init.o)
                0x0000000000005000                __nx_exception_stack_size
 .data.__nx_applet_type
                0x0000000000005008        0x4 /opt/devkitpro/libnx/lib/libnx.a(applet.o)
                0x0000000000005008                __nx_applet_type
 *fill*         0x000000000000500c        0x4 
 .data.rel._impure_ptr
                0x0000000000005010        0x8 /opt/devkitpro/devkitA64/lib/gcc/aarch64-none-elf/15.2.0/../../../../aarch64-none-elf/lib/pic/libg.a(libc_a-impure.o)
                0x0000000000005010                _impure_ptr
 .data.rel._impure_data
                0x0000000000005018      0x240 /opt/devkitpro/devkitA64/lib/gcc/aarch64-none-elf/15.2.0/../../../../aarch64-none-elf/lib/pic/libg.a(libc_a-impure.o)
                0x0000000000005018                _impure_data
                0x0000000000005258                . = ALIGN (0x8)

.tdata          0x0000000000005258        0x0
 *(.tdata .tdata.* .gnu.linkonce.td.*)
                0x0000000000005258                . = ALIGN (0x8)
                0x0000000000005258                PROVIDE (__tdata_lma = ADDR (.tdata))
                0x0000000000005258                PROVIDE (__tdata_lma_end = (ADDR (.tdata) + SIZEOF (.tdata)))

.tbss           0x0000000000005258        0x0
 *(.tbss .tbss.* .gnu.linkonce.tb.*)
 *(.tcommon)
                0x0000000000005258                . = ALIGN (0x8)

.bss            0x0000000000005260      0xcd0
 *(.dynbss)
 .dynbss        0x0000000000005260        0x0 /opt/devkitpro/devkitA64/lib/gcc/aarch64-none-elf/15.2.0/pic/crti.o
 *(.bss .bss.* .gnu.linkonce.b.*)
 .bss.completed.1
                0x0000000000005260        0x1 /opt/devkitpro/devkitA64/lib/gcc/aarch64-none-elf/15.2.0/pic/crtbegin.o
 *fill*         0x0000000000005261        0x7 
 .bss.object.0  0x0000000000005268       0x30 /opt/devkitpro/devkitA64/lib/gcc/aarch64-none-elf/15.2.0/pic/crtbegin.o
 .bss.g_smGuard
                0x0000000000005298        0x8 /opt/devkitpro/libnx/lib/libnx.a(sm.o)
 .bss.g_smOverridesNum
                0x00000000000052a0        0x8 /opt/devkitpro/libnx/lib/libnx.a(sm.o)
 .bss.g_smOverrides
                0x00000000000052a8      0x180 /opt/devkitpro/libnx/lib/libnx.a(sm.o)
 .bss.g_smSrv   0x0000000000005428       0x10 /opt/devkitpro/libnx/lib/libnx.a(sm.o)
 .bss.g_hosVersion
                0x0000000000005438        0x4 /opt/devkitpro/libnx/lib/libnx.a(hosversion.o)
 *fill*         0x000000000000543c        0x4 
 .bss.__stack_top
                0x0000000000005440        0x8 /opt/devkitpro/libnx/lib/libnx.a(switch_crt0.o)
                0x0000000000005440                __stack_top
 .bss.g_argv_empty
                0x0000000000005448        0x8 /opt/devkitpro/libnx/lib/libnx.a(argv.o)
 .bss.__system_argv
                0x0000000000005450        0x8 /opt/devkitpro/libnx/lib/libnx.a(argv.o)
                0x0000000000005450                __system_argv
 .bss.__system_argc
                0x0000000000005458        0x4 /opt/devkitpro/libnx/lib/libnx.a(argv.o)
                0x0000000000005458                __system_argc
 *fill*         0x000000000000545c        0x4 
 .bss.g_userIdStorage
                0x0000000000005460        0x8 /opt/devkitpro/libnx/lib/libnx.a(env.o)
 *fill*         0x0000000000005468        0x8 
 .bss.g_randomSeed
                0x0000000000005470       0x10 /opt/devkitpro/libnx/lib/libnx.a(env.o)
 .bss.g_hasRandomSeed
                0x0000000000005480        0x1 /opt/devkitpro/libnx/lib/libnx.a(env.o)
 *fill*         0x0000000000005481        0x3 
 .bss.g_lastLoadResult
                0x0000000000005484        0x4 /opt/devkitpro/libnx/lib/libnx.a(env.o)
 .bss.g_nextLoadArgv
                0x0000000000005488        0x8 /opt/devkitpro/libnx/lib/libnx.a(env.o)
 .bss.g_nextLoadPath
                0x0000000000005490        0x8 /opt/devkitpro/libnx/lib/libnx.a(env.o)
 .bss.g_processHandle
                0x0000000000005498        0x4 /opt/devkitpro/libnx/lib/libnx.a(env.o)
 *fill*         0x000000000000549c        0x4 
 .bss.g_syscallHints
                0x00000000000054a0       0x18 /opt/devkitpro/libnx/lib/libnx.a(env.o)
 .bss.g_overrideArgv
                0x00000000000054b8        0x8 /opt/devkitpro/libnx/lib/libnx.a(env.o)
 .bss.g_overrideHeapSize
                0x00000000000054c0        0x8 /opt/devkitpro/libnx/lib/libnx.a(env.o)
 .bss.g_overrideHeapAddr
                0x00000000000054c8        0x8 /opt/devkitpro/libnx/lib/libnx.a(env.o)
 .bss.g_loaderRetAddr
                0x00000000000054d0        0x8 /opt/devkitpro/libnx/lib/libnx.a(env.o)
 .bss.g_mainThreadHandle
                0x00000000000054d8        0x4 /opt/devkitpro/libnx/lib/libnx.a(env.o)
 *fill*         0x00000000000054dc        0x4 
 .bss.g_loaderInfoSize
                0x00000000000054e0        0x8 /opt/devkitpro/libnx/lib/libnx.a(env.o)
 .bss.g_loaderInfo
                0x00000000000054e8        0x8 /opt/devkitpro/libnx/lib/libnx.a(env.o)
 .bss.g_isNso   0x00000000000054f0        0x1 /opt/devkitpro/libnx/lib/libnx.a(env.o)
 *fill*         0x00000000000054f1        0xf 
 .bss.__nx_exceptiondump
                0x0000000000005500      0x340 /opt/devkitpro/libnx/lib/libnx.a(init.o)
                0x0000000000005500                __nx_exceptiondump
 .bss.__nx_exception_ignoredebug
                0x0000000000005840        0x4 /opt/devkitpro/libnx/lib/libnx.a(init.o)
                0x0000000000005840                __nx_exception_ignoredebug
 *fill*         0x0000000000005844        0xc 
 .bss.__nx_exception_stack
                0x0000000000005850      0x400 /opt/devkitpro/libnx/lib/libnx.a(init.o)
                0x0000000000005850                __nx_exception_stack
 .bss.__nx_heap_size
                0x0000000000005c50        0x8 /opt/devkitpro/libnx/lib/libnx.a(init.o)
                0x0000000000005c50                __nx_heap_size
 .bss.__nxlink_host
                0x0000000000005c58        0x4 /opt/devkitpro/libnx/lib/libnx.a(nxlink.o)
                0x0000000000005c58                __nxlink_host
 *fill*         0x0000000000005c5c        0x4 
 .bss.g_mainThread
                0x0000000000005c60       0x38 /opt/devkitpro/libnx/lib/libnx.a(thread.o)
 .bss.g_threadList
                0x0000000000005c98        0x8 /opt/devkitpro/libnx/lib/libnx.a(thread.o)
 .bss.g_threadMutex
                0x0000000000005ca0        0x4 /opt/devkitpro/libnx/lib/libnx.a(thread.o)
 .bss.g_IsLegacyKernel
                0x0000000000005ca4        0x1 /opt/devkitpro/libnx/lib/libnx.a(virtmem.o)
 *fill*         0x0000000000005ca5        0xb 
 .bss.g_StackRegion
                0x0000000000005cb0       0x10 /opt/devkitpro/libnx/lib/libnx.a(virtmem.o)
 .bss.g_AslrRegion
                0x0000000000005cc0       0x10 /opt/devkitpro/libnx/lib/libnx.a(virtmem.o)
 .bss.g_HeapRegion
                0x0000000000005cd0       0x10 /opt/devkitpro/libnx/lib/libnx.a(virtmem.o)
 .bss.g_AliasRegion
                0x0000000000005ce0       0x10 /opt/devkitpro/libnx/lib/libnx.a(virtmem.o)
 .bss.__sf      0x0000000000005cf0      0x228 /opt/devkitpro/devkitA64/lib/gcc/aarch64-none-elf/15.2.0/../../../../aarch64-none-elf/lib/pic/libg.a(libc_a-findfp.o)
                0x0000000000005cf0                __sf
 .bss.__stdio_exit_handler
                0x0000000000005f18        0x8 /opt/devkitpro/devkitA64/lib/gcc/aarch64-none-elf/15.2.0/../../../../aarch64-none-elf/lib/pic/libg.a(libc_a-findfp.o)
                0x0000000000005f18                __stdio_exit_handler
 .bss.fake_heap_start
                0x0000000000005f20        0x8 /opt/devkitpro/devkitA64/lib/gcc/aarch64-none-elf/15.2.0/../../../../aarch64-none-elf/lib/pic/libsysbase.a(libsysbase_libsysbase_a-malloc_vars.o)
                0x0000000000005f20                fake_heap_start
 .bss.fake_heap_end
                0x0000000000005f28        0x8 /opt/devkitpro/devkitA64/lib/gcc/aarch64-none-elf/15.2.0/../../../../aarch64-none-elf/lib/pic/libsysbase.a(libsysbase_libsysbase_a-malloc_vars.o)
                0x0000000000005f28                fake_heap_end
 *(COMMON)
                0x0000000000005f30                . = ALIGN (0x8)

.main.tls       0x0000000000005f30        0x0
                0x0000000000005f30                . = (. + SIZEOF (.tdata))
                0x0000000000005f30                . = ALIGN (ALIGNOF (.tbss))
                0x0000000000005f30                . = (. + SIZEOF (.tbss))
                0x0000000000005f30                PROVIDE (__tls_start = ADDR (.main.tls))
                0x0000000000005f30                PROVIDE (__tls_end = (ADDR (.main.tls) + SIZEOF (.main.tls)))
                0x0000000000005260                PROVIDE (__bss_start__ = ADDR (.bss))
                0x0000000000005f30                PROVIDE (__bss_end__ = __tls_end)
                0x0000000000005f30                PROVIDE (__end__ = .)
                0x0000000000006000                . = ALIGN (0x1000)
                0x0000000000006000                PROVIDE (__argdata__ = .)

/DISCARD/
 *(.group .comment .note)

.stab
 *(.stab)

.stabstr
 *(.stabstr)

.stab.excl
 *(.stab.excl)

.stab.exclstr
 *(.stab.exclstr)

.stab.index
 *(.stab.index)

.stab.indexstr
 *(.stab.indexstr)

.debug
 *(.debug)

.line
 *(.line)

.debug_srcinfo
 *(.debug_srcinfo)

.debug_sfnames
 *(.debug_sfnames)

.debug_aranges  0x0000000000000000     0x55b0
 *(.debug_aranges)
 .debug_aranges
                0x0000000000000000       0x50 build/main.o
 .debug_aranges
                0x0000000000000050      0x150 /opt/devkitpro/libnx/lib/libnx.a(sm.o)
 .debug_aranges
                0x00000000000001a0       0x30 /opt/devkitpro/libnx/lib/libnx.a(diag.o)
 .debug_aranges
                0x00000000000001d0       0x50 /opt/devkitpro/libnx/lib/libnx.a(hosversion.o)
 .debug_aranges
                0x0000000000000220      0x810 /opt/devkitpro/libnx/lib/libnx.a(svc.o)
 .debug_aranges
                0x0000000000000a30       0x30 /opt/devkitpro/libnx/lib/libnx.a(switch_crt0.o)
 .debug_aranges
                0x0000000000000a60       0x90 /opt/devkitpro/libnx/lib/libnx.a(mutex.o)
 .debug_aranges
                0x0000000000000af0       0x30 /opt/devkitpro/libnx/lib/libnx.a(argv.o)
 .debug_aranges
                0x0000000000000b20       0x30 /opt/devkitpro/libnx/lib/libnx.a(dynamic.o)
 .debug_aranges
                0x0000000000000b50      0x160 /opt/devkitpro/libnx/lib/libnx.a(env.o)
 .debug_aranges
                0x0000000000000cb0       0x70 /opt/devkitpro/libnx/lib/libnx.a(init.o)
 .debug_aranges
                0x0000000000000d20      0x1f0 /opt/devkitpro/libnx/lib/libnx.a(newlib.o)
 .debug_aranges
                0x0000000000000f10       0x30 /opt/devkitpro/libnx/lib/libnx.a(nxlink.o)
 .debug_aranges
                0x0000000000000f40      0x350 /opt/devkitpro/libnx/lib/libnx.a(fs_dev.o)
 .debug_aranges
                0x0000000000001290       0x30 /opt/devkitpro/libnx/lib/libnx.a(decode_utf8.o)
 .debug_aranges
                0x00000000000012c0       0x40 /opt/devkitpro/libnx/lib/libnx.a(exception.o)
 .debug_aranges
                0x0000000000001300       0x30 /opt/devkitpro/libnx/lib/libnx.a(readtp.o)
 .debug_aranges
                0x0000000000001330       0x30 /opt/devkitpro/libnx/lib/libnx.a(condvar.o)
 .debug_aranges
                0x0000000000001360      0x120 /opt/devkitpro/libnx/lib/libnx.a(thread.o)
 .debug_aranges
                0x0000000000001480       0xd0 /opt/devkitpro/libnx/lib/libnx.a(virtmem.o)
 .debug_aranges
                0x0000000000001550       0x40 /opt/devkitpro/libnx/lib/libnx.a(wait.o)
 .debug_aranges
                0x0000000000001590     0x1780 /opt/devkitpro/libnx/lib/libnx.a(applet.o)
 .debug_aranges
                0x0000000000002d10      0x8b0 /opt/devkitpro/libnx/lib/libnx.a(fs.o)
 .debug_aranges
                0x00000000000035c0      0x9f0 /opt/devkitpro/libnx/lib/libnx.a(hid.o)
 .debug_aranges
                0x0000000000003fb0     0x1150 /opt/devkitpro/libnx/lib/libnx.a(set.o)
 .debug_aranges
                0x0000000000005100      0x190 /opt/devkitpro/libnx/lib/libnx.a(time.o)
 .debug_aranges
                0x0000000000005290       0x50 /opt/devkitpro/libnx/lib/libnx.a(alloc.o)
 .debug_aranges
                0x00000000000052e0       0x80 /opt/devkitpro/libnx/lib/libnx.a(event.o)
 .debug_aranges
                0x0000000000005360       0x40 /opt/devkitpro/libnx/lib/libnx.a(random.o)
 .debug_aranges
                0x00000000000053a0       0x70 /opt/devkitpro/libnx/lib/libnx.a(shmem.o)
 .debug_aranges
                0x0000000000005410       0xa0 /opt/devkitpro/libnx/lib/libnx.a(tmem.o)
 .debug_aranges
                0x00000000000054b0       0x60 /opt/devkitpro/libnx/lib/libnx.a(sessionmgr.o)
 .debug_aranges
                0x0000000000005510       0xa0 /opt/devkitpro/libnx/lib/libnx.a(apm.o)

.debug_pubnames
 *(.debug_pubnames)

.debug_info     0x0000000000000000    0xcecf4
 *(.debug_info)
 .debug_info    0x0000000000000000      0xab4 build/main.o
 .debug_info    0x0000000000000ab4     0x485d /opt/devkitpro/libnx/lib/libnx.a(sm.o)
 .debug_info    0x0000000000005311      0x197 /opt/devkitpro/libnx/lib/libnx.a(diag.o)
 .debug_info    0x00000000000054a8      0x133 /opt/devkitpro/libnx/lib/libnx.a(hosversion.o)
 .debug_info    0x00000000000055db       0x23 /opt/devkitpro/libnx/lib/libnx.a(svc.o)
 .debug_info    0x00000000000055fe       0x29 /opt/devkitpro/libnx/lib/libnx.a(switch_crt0.o)
 .debug_info    0x0000000000005627      0xa6e /opt/devkitpro/libnx/lib/libnx.a(mutex.o)
 .debug_info    0x0000000000006095      0x4fa /opt/devkitpro/libnx/lib/libnx.a(argv.o)
 .debug_info    0x000000000000658f      0x94b /opt/devkitpro/libnx/lib/libnx.a(dynamic.o)
 .debug_info    0x0000000000006eda      0x9b6 /opt/devkitpro/libnx/lib/libnx.a(env.o)
 .debug_info    0x0000000000007890      0xd1d /opt/devkitpro/libnx/lib/libnx.a(init.o)
 .debug_info    0x00000000000085ad     0x263b /opt/devkitpro/libnx/lib/libnx.a(newlib.o)
 .debug_info    0x000000000000abe8      0x1e1 /opt/devkitpro/libnx/lib/libnx.a(nxlink.o)
 .debug_info    0x000000000000adc9     0x595a /opt/devkitpro/libnx/lib/libnx.a(fs_dev.o)
 .debug_info    0x0000000000010723      0x177 /opt/devkitpro/libnx/lib/libnx.a(decode_utf8.o)
 .debug_info    0x000000000001089a       0x23 /opt/devkitpro/libnx/lib/libnx.a(exception.o)
 .debug_info    0x00000000000108bd       0x28 /opt/devkitpro/libnx/lib/libnx.a(readtp.o)
 .debug_info    0x00000000000108e5      0x395 /opt/devkitpro/libnx/lib/libnx.a(condvar.o)
 .debug_info    0x0000000000010c7a     0x1ca4 /opt/devkitpro/libnx/lib/libnx.a(thread.o)
 .debug_info    0x000000000001291e     0x11e5 /opt/devkitpro/libnx/lib/libnx.a(virtmem.o)
 .debug_info    0x0000000000013b03     0x100a /opt/devkitpro/libnx/lib/libnx.a(wait.o)
 .debug_info    0x0000000000014b0d    0x35f50 /opt/devkitpro/libnx/lib/libnx.a(applet.o)
 .debug_info    0x000000000004aa5d    0x25435 /opt/devkitpro/libnx/lib/libnx.a(fs.o)
 .debug_info    0x000000000006fe92    0x1cfac /opt/devkitpro/libnx/lib/libnx.a(hid.o)
 .debug_info    0x000000000008ce3e    0x341c1 /opt/devkitpro/libnx/lib/libnx.a(set.o)
 .debug_info    0x00000000000c0fff     0x7a37 /opt/devkitpro/libnx/lib/libnx.a(time.o)
 .debug_info    0x00000000000c8a36      0x1e8 /opt/devkitpro/libnx/lib/libnx.a(alloc.o)
 .debug_info    0x00000000000c8c1e      0x732 /opt/devkitpro/libnx/lib/libnx.a(event.o)
 .debug_info    0x00000000000c9350      0x9b3 /opt/devkitpro/libnx/lib/libnx.a(random.o)
 .debug_info    0x00000000000c9d03      0x5cd /opt/devkitpro/libnx/lib/libnx.a(shmem.o)
 .debug_info    0x00000000000ca2d0      0x95c /opt/devkitpro/libnx/lib/libnx.a(tmem.o)
 .debug_info    0x00000000000cac2c     0x12b1 /opt/devkitpro/libnx/lib/libnx.a(sessionmgr.o)
 .debug_info    0x00000000000cbedd     0x2e17 /opt/devkitpro/libnx/lib/libnx.a(apm.o)

.debug_abbrev   0x0000000000000000     0x69cd
 *(.debug_abbrev)
 .debug_abbrev  0x0000000000000000      0x2bb build/main.o
 .debug_abbrev  0x00000000000002bb      0x572 /opt/devkitpro/libnx/lib/libnx.a(sm.o)
 .debug_abbrev  0x000000000000082d       0xd3 /opt/devkitpro/libnx/lib/libnx.a(diag.o)
 .debug_abbrev  0x0000000000000900       0xa7 /opt/devkitpro/libnx/lib/libnx.a(hosversion.o)
 .debug_abbrev  0x00000000000009a7       0x12 /opt/devkitpro/libnx/lib/libnx.a(svc.o)
 .debug_abbrev  0x00000000000009b9       0x14 /opt/devkitpro/libnx/lib/libnx.a(switch_crt0.o)
 .debug_abbrev  0x00000000000009cd      0x2c4 /opt/devkitpro/libnx/lib/libnx.a(mutex.o)
 .debug_abbrev  0x0000000000000c91      0x1b9 /opt/devkitpro/libnx/lib/libnx.a(argv.o)
 .debug_abbrev  0x0000000000000e4a      0x2e5 /opt/devkitpro/libnx/lib/libnx.a(dynamic.o)
 .debug_abbrev  0x000000000000112f      0x2b1 /opt/devkitpro/libnx/lib/libnx.a(env.o)
 .debug_abbrev  0x00000000000013e0      0x359 /opt/devkitpro/libnx/lib/libnx.a(init.o)
 .debug_abbrev  0x0000000000001739      0x61a /opt/devkitpro/libnx/lib/libnx.a(newlib.o)
 .debug_abbrev  0x0000000000001d53       0xf4 /opt/devkitpro/libnx/lib/libnx.a(nxlink.o)
 .debug_abbrev  0x0000000000001e47      0x6bf /opt/devkitpro/libnx/lib/libnx.a(fs_dev.o)
 .debug_abbrev  0x0000000000002506       0x99 /opt/devkitpro/libnx/lib/libnx.a(decode_utf8.o)
 .debug_abbrev  0x000000000000259f       0x12 /opt/devkitpro/libnx/lib/libnx.a(exception.o)
 .debug_abbrev  0x00000000000025b1       0x14 /opt/devkitpro/libnx/lib/libnx.a(readtp.o)
 .debug_abbrev  0x00000000000025c5      0x1ab /opt/devkitpro/libnx/lib/libnx.a(condvar.o)
 .debug_abbrev  0x0000000000002770      0x5bd /opt/devkitpro/libnx/lib/libnx.a(thread.o)
 .debug_abbrev  0x0000000000002d2d      0x35f /opt/devkitpro/libnx/lib/libnx.a(virtmem.o)
 .debug_abbrev  0x000000000000308c      0x34b /opt/devkitpro/libnx/lib/libnx.a(wait.o)
 .debug_abbrev  0x00000000000033d7      0x7f5 /opt/devkitpro/libnx/lib/libnx.a(applet.o)
 .debug_abbrev  0x0000000000003bcc      0x6b9 /opt/devkitpro/libnx/lib/libnx.a(fs.o)
 .debug_abbrev  0x0000000000004285      0x7d9 /opt/devkitpro/libnx/lib/libnx.a(hid.o)
 .debug_abbrev  0x0000000000004a5e      0x674 /opt/devkitpro/libnx/lib/libnx.a(set.o)
 .debug_abbrev  0x00000000000050d2      0x5ca /opt/devkitpro/libnx/lib/libnx.a(time.o)
 .debug_abbrev  0x000000000000569c      0x121 /opt/devkitpro/libnx/lib/libnx.a(alloc.o)
 .debug_abbrev  0x00000000000057bd      0x2b6 /opt/devkitpro/libnx/lib/libnx.a(event.o)
 .debug_abbrev  0x0000000000005a73      0x2ee /opt/devkitpro/libnx/lib/libnx.a(random.o)
 .debug_abbrev  0x0000000000005d61      0x20c /opt/devkitpro/libnx/lib/libnx.a(shmem.o)
 .debug_abbrev  0x0000000000005f6d      0x249 /opt/devkitpro/libnx/lib/libnx.a(tmem.o)
 .debug_abbrev  0x00000000000061b6      0x3dd /opt/devkitpro/libnx/lib/libnx.a(sessionmgr.o)
 .debug_abbrev  0x0000000000006593      0x43a /opt/devkitpro/libnx/lib/libnx.a(apm.o)

.debug_line     0x0000000000000000    0x5b1ff
 *(.debug_line)
 .debug_line    0x0000000000000000      0x241 build/main.o
 .debug_line    0x0000000000000241     0x1630 /opt/devkitpro/libnx/lib/libnx.a(sm.o)
 .debug_line    0x0000000000001871       0x82 /opt/devkitpro/libnx/lib/libnx.a(diag.o)
 .debug_line    0x00000000000018f3       0xad /opt/devkitpro/libnx/lib/libnx.a(hosversion.o)
 .debug_line    0x00000000000019a0      0xb3f /opt/devkitpro/libnx/lib/libnx.a(svc.o)
 .debug_line    0x00000000000024df       0x69 /opt/devkitpro/libnx/lib/libnx.a(switch_crt0.o)
 .debug_line    0x0000000000002548      0x4db /opt/devkitpro/libnx/lib/libnx.a(mutex.o)
 .debug_line    0x0000000000002a23      0x3fb /opt/devkitpro/libnx/lib/libnx.a(argv.o)
 .debug_line    0x0000000000002e1e      0x2e6 /opt/devkitpro/libnx/lib/libnx.a(dynamic.o)
 .debug_line    0x0000000000003104      0x50a /opt/devkitpro/libnx/lib/libnx.a(env.o)
 .debug_line    0x000000000000360e      0x31b /opt/devkitpro/libnx/lib/libnx.a(init.o)
 .debug_line    0x0000000000003929      0xc7d /opt/devkitpro/libnx/lib/libnx.a(newlib.o)
 .debug_line    0x00000000000045a6       0xfb /opt/devkitpro/libnx/lib/libnx.a(nxlink.o)
 .debug_line    0x00000000000046a1     0x2388 /opt/devkitpro/libnx/lib/libnx.a(fs_dev.o)
 .debug_line    0x0000000000006a29      0x1a8 /opt/devkitpro/libnx/lib/libnx.a(decode_utf8.o)
 .debug_line    0x0000000000006bd1       0xd5 /opt/devkitpro/libnx/lib/libnx.a(exception.o)
 .debug_line    0x0000000000006ca6       0x4d /opt/devkitpro/libnx/lib/libnx.a(readtp.o)
 .debug_line    0x0000000000006cf3      0x113 /opt/devkitpro/libnx/lib/libnx.a(condvar.o)
 .debug_line    0x0000000000006e06      0x932 /opt/devkitpro/libnx/lib/libnx.a(thread.o)
 .debug_line    0x0000000000007738      0x5f7 /opt/devkitpro/libnx/lib/libnx.a(virtmem.o)
 .debug_line    0x0000000000007d2f      0x8a4 /opt/devkitpro/libnx/lib/libnx.a(wait.o)
 .debug_line    0x00000000000085d3    0x197dc /opt/devkitpro/libnx/lib/libnx.a(applet.o)
 .debug_line    0x0000000000021daf    0x11eac /opt/devkitpro/libnx/lib/libnx.a(fs.o)
 .debug_line    0x0000000000033c5b     0xbec3 /opt/devkitpro/libnx/lib/libnx.a(hid.o)
 .debug_line    0x000000000003fb1e    0x16afd /opt/devkitpro/libnx/lib/libnx.a(set.o)
 .debug_line    0x000000000005661b     0x2f63 /opt/devkitpro/libnx/lib/libnx.a(time.o)
 .debug_line    0x000000000005957e       0xa2 /opt/devkitpro/libnx/lib/libnx.a(alloc.o)
 .debug_line    0x0000000000059620      0x217 /opt/devkitpro/libnx/lib/libnx.a(event.o)
 .debug_line    0x0000000000059837      0x3bd /opt/devkitpro/libnx/lib/libnx.a(random.o)
 .debug_line    0x0000000000059bf4      0x1e7 /opt/devkitpro/libnx/lib/libnx.a(shmem.o)
 .debug_line    0x0000000000059ddb      0x357 /opt/devkitpro/libnx/lib/libnx.a(tmem.o)
 .debug_line    0x000000000005a132      0x4a9 /opt/devkitpro/libnx/lib/libnx.a(sessionmgr.o)
 .debug_line    0x000000000005a5db      0xc24 /opt/devkitpro/libnx/lib/libnx.a(apm.o)

.debug_frame
 *(.debug_frame)

.debug_str      0x0000000000000000    0x144f3
 *(.debug_str)
 .debug_str     0x0000000000000000    0x144f3 build/main.o
                                        0x6db (size before relaxing)
 .debug_str     0x00000000000144f3        0x0 /opt/devkitpro/libnx/lib/libnx.a(sm.o)
                                       0x1cd3 (size before relaxing)
 .debug_str     0x00000000000144f3        0x0 /opt/devkitpro/libnx/lib/libnx.a(diag.o)
                                        0x26e (size before relaxing)
 .debug_str     0x00000000000144f3        0x0 /opt/devkitpro/libnx/lib/libnx.a(hosversion.o)
                                        0x1a4 (size before relaxing)
 .debug_str     0x00000000000144f3        0x0 /opt/devkitpro/libnx/lib/libnx.a(svc.o)
                                         0xbc (size before relaxing)
 .debug_str     0x00000000000144f3        0x0 /opt/devkitpro/libnx/lib/libnx.a(switch_crt0.o)
                                         0xc5 (size before relaxing)
 .debug_str     0x00000000000144f3        0x0 /opt/devkitpro/libnx/lib/libnx.a(mutex.o)
                                        0x434 (size before relaxing)
 .debug_str     0x00000000000144f3        0x0 /opt/devkitpro/libnx/lib/libnx.a(argv.o)
                                        0x351 (size before relaxing)
 .debug_str     0x00000000000144f3        0x0 /opt/devkitpro/libnx/lib/libnx.a(dynamic.o)
                                        0xa8b (size before relaxing)
 .debug_str     0x00000000000144f3        0x0 /opt/devkitpro/libnx/lib/libnx.a(env.o)
                                        0xd14 (size before relaxing)
 .debug_str     0x00000000000144f3        0x0 /opt/devkitpro/libnx/lib/libnx.a(init.o)
                                        0xf72 (size before relaxing)
 .debug_str     0x00000000000144f3        0x0 /opt/devkitpro/libnx/lib/libnx.a(newlib.o)
                                       0x1ac1 (size before relaxing)
 .debug_str     0x00000000000144f3        0x0 /opt/devkitpro/libnx/lib/libnx.a(nxlink.o)
                                        0x1b5 (size before relaxing)
 .debug_str     0x00000000000144f3        0x0 /opt/devkitpro/libnx/lib/libnx.a(fs_dev.o)
                                       0x1bf9 (size before relaxing)
 .debug_str     0x00000000000144f3        0x0 /opt/devkitpro/libnx/lib/libnx.a(decode_utf8.o)
                                        0x1a2 (size before relaxing)
 .debug_str     0x00000000000144f3        0x0 /opt/devkitpro/libnx/lib/libnx.a(exception.o)
                                         0xc3 (size before relaxing)
 .debug_str     0x00000000000144f3        0x0 /opt/devkitpro/libnx/lib/libnx.a(readtp.o)
                                         0xc0 (size before relaxing)
 .debug_str     0x00000000000144f3        0x0 /opt/devkitpro/libnx/lib/libnx.a(condvar.o)
                                        0x298 (size before relaxing)
 .debug_str     0x00000000000144f3        0x0 /opt/devkitpro/libnx/lib/libnx.a(thread.o)
                                       0x103c (size before relaxing)
 .debug_str     0x00000000000144f3        0x0 /opt/devkitpro/libnx/lib/libnx.a(virtmem.o)
                                       0x13a3 (size before relaxing)
 .debug_str     0x00000000000144f3        0x0 /opt/devkitpro/libnx/lib/libnx.a(wait.o)
                                        0x95e (size before relaxing)
 .debug_str     0x00000000000144f3        0x0 /opt/devkitpro/libnx/lib/libnx.a(applet.o)
                                       0x7670 (size before relaxing)
 .debug_str     0x00000000000144f3        0x0 /opt/devkitpro/libnx/lib/libnx.a(fs.o)
                                       0x3e46 (size before relaxing)
 .debug_str     0x00000000000144f3        0x0 /opt/devkitpro/libnx/lib/libnx.a(hid.o)
                                       0x52da (size before relaxing)
 .debug_str     0x00000000000144f3        0x0 /opt/devkitpro/libnx/lib/libnx.a(set.o)
                                       0x575b (size before relaxing)
 .debug_str     0x00000000000144f3        0x0 /opt/devkitpro/libnx/lib/libnx.a(time.o)
                                       0x1cac (size before relaxing)
 .debug_str     0x00000000000144f3        0x0 /opt/devkitpro/libnx/lib/libnx.a(alloc.o)
                                        0x1bf (size before relaxing)
 .debug_str     0x00000000000144f3        0x0 /opt/devkitpro/libnx/lib/libnx.a(event.o)
                                        0x8f6 (size before relaxing)
 .debug_str     0x00000000000144f3        0x0 /opt/devkitpro/libnx/lib/libnx.a(random.o)
                                        0xbcb (size before relaxing)
 .debug_str     0x00000000000144f3        0x0 /opt/devkitpro/libnx/lib/libnx.a(shmem.o)
                                        0x878 (size before relaxing)
 .debug_str     0x00000000000144f3        0x0 /opt/devkitpro/libnx/lib/libnx.a(tmem.o)
                                        0x98e (size before relaxing)
 .debug_str     0x00000000000144f3        0x0 /opt/devkitpro/libnx/lib/libnx.a(sessionmgr.o)
                                        0xe1b (size before relaxing)
 .debug_str     0x00000000000144f3        0x0 /opt/devkitpro/libnx/lib/libnx.a(apm.o)
                                       0x161b (size before relaxing)

.debug_loc
 *(.debug_loc)

.debug_macinfo
 *(.debug_macinfo)
LOAD /opt/devkitpro/devkitA64/lib/gcc/aarch64-none-elf/15.2.0/pic/crti.o
LOAD /opt/devkitpro/devkitA64/lib/gcc/aarch64-none-elf/15.2.0/pic/crtbegin.o
LOAD build/main.o
LOAD /opt/devkitpro/libnx/lib/libnx.a
START GROUP
LOAD /opt/devkitpro/devkitA64/lib/gcc/aarch64-none-elf/15.2.0/pic/libgcc.a
LOAD /opt/devkitpro/devkitA64/lib/gcc/aarch64-none-elf/15.2.0/../../../../aarch64-none-elf/lib/pic/libg.a
LOAD /opt/devkitpro/devkitA64/lib/gcc/aarch64-none-elf/15.2.0/../../../../aarch64-none-elf/lib/pic/libc.a
LOAD /opt/devkitpro/devkitA64/lib/gcc/aarch64-none-elf/15.2.0/../../../../aarch64-none-elf/lib/pic/libsysbase.a
END GROUP
LOAD /opt/devkitpro/devkitA64/lib/gcc/aarch64-none-elf/15.2.0/pic/crtend.o
LOAD /opt/devkitpro/devkitA64/lib/gcc/aarch64-none-elf/15.2.0/pic/crtn.o
OUTPUT(build/test_applet_basic.elf elf64-littleaarch64)
LOAD linker stubs

.debug_loclists
                0x0000000000000000    0xbf6f9
 .debug_loclists
                0x0000000000000000       0xef build/main.o
 .debug_loclists
                0x00000000000000ef     0x27a4 /opt/devkitpro/libnx/lib/libnx.a(sm.o)
 .debug_loclists
                0x0000000000002893       0x25 /opt/devkitpro/libnx/lib/libnx.a(diag.o)
 .debug_loclists
                0x00000000000028b8      0x2ec /opt/devkitpro/libnx/lib/libnx.a(mutex.o)
 .debug_loclists
                0x0000000000002ba4      0x37c /opt/devkitpro/libnx/lib/libnx.a(argv.o)
 .debug_loclists
                0x0000000000002f20      0x311 /opt/devkitpro/libnx/lib/libnx.a(dynamic.o)
 .debug_loclists
                0x0000000000003231      0x1aa /opt/devkitpro/libnx/lib/libnx.a(env.o)
 .debug_loclists
                0x00000000000033db      0x16d /opt/devkitpro/libnx/lib/libnx.a(init.o)
 .debug_loclists
                0x0000000000003548      0xafe /opt/devkitpro/libnx/lib/libnx.a(newlib.o)
 .debug_loclists
                0x0000000000004046     0x2b8b /opt/devkitpro/libnx/lib/libnx.a(fs_dev.o)
 .debug_loclists
                0x0000000000006bd1      0x1c6 /opt/devkitpro/libnx/lib/libnx.a(decode_utf8.o)
 .debug_loclists
                0x0000000000006d97       0xb2 /opt/devkitpro/libnx/lib/libnx.a(condvar.o)
 .debug_loclists
                0x0000000000006e49      0x89e /opt/devkitpro/libnx/lib/libnx.a(thread.o)
 .debug_loclists
                0x00000000000076e7      0x73a /opt/devkitpro/libnx/lib/libnx.a(virtmem.o)
 .debug_loclists
                0x0000000000007e21      0xb95 /opt/devkitpro/libnx/lib/libnx.a(wait.o)
 .debug_loclists
                0x00000000000089b6    0x2defe /opt/devkitpro/libnx/lib/libnx.a(applet.o)
 .debug_loclists
                0x00000000000368b4    0x2ebc8 /opt/devkitpro/libnx/lib/libnx.a(fs.o)
 .debug_loclists
                0x000000000006547c    0x1b49e /opt/devkitpro/libnx/lib/libnx.a(hid.o)
 .debug_loclists
                0x000000000008091a    0x35fe2 /opt/devkitpro/libnx/lib/libnx.a(set.o)
 .debug_loclists
                0x00000000000b68fc     0x674f /opt/devkitpro/libnx/lib/libnx.a(time.o)
 .debug_loclists
                0x00000000000bd04b       0x97 /opt/devkitpro/libnx/lib/libnx.a(alloc.o)
 .debug_loclists
                0x00000000000bd0e2      0x134 /opt/devkitpro/libnx/lib/libnx.a(event.o)
 .debug_loclists
                0x00000000000bd216      0x1b9 /opt/devkitpro/libnx/lib/libnx.a(random.o)
 .debug_loclists
                0x00000000000bd3cf      0x170 /opt/devkitpro/libnx/lib/libnx.a(shmem.o)
 .debug_loclists
                0x00000000000bd53f      0x36a /opt/devkitpro/libnx/lib/libnx.a(tmem.o)
 .debug_loclists
                0x00000000000bd8a9      0x728 /opt/devkitpro/libnx/lib/libnx.a(sessionmgr.o)
 .debug_loclists
                0x00000000000bdfd1     0x1728 /opt/devkitpro/libnx/lib/libnx.a(apm.o)

.debug_rnglists
                0x0000000000000000    0x1df12
 .debug_rnglists
                0x0000000000000000       0xae build/main.o
 .debug_rnglists
                0x00000000000000ae      0x767 /opt/devkitpro/libnx/lib/libnx.a(sm.o)
 .debug_rnglists
                0x0000000000000815       0x17 /opt/devkitpro/libnx/lib/libnx.a(diag.o)
 .debug_rnglists
                0x000000000000082c       0x2b /opt/devkitpro/libnx/lib/libnx.a(hosversion.o)
 .debug_rnglists
                0x0000000000000857      0x503 /opt/devkitpro/libnx/lib/libnx.a(svc.o)
 .debug_rnglists
                0x0000000000000d5a       0xed /opt/devkitpro/libnx/lib/libnx.a(mutex.o)
 .debug_rnglists
                0x0000000000000e47       0x18 /opt/devkitpro/libnx/lib/libnx.a(argv.o)
 .debug_rnglists
                0x0000000000000e5f       0x7b /opt/devkitpro/libnx/lib/libnx.a(dynamic.o)
 .debug_rnglists
                0x0000000000000eda       0xeb /opt/devkitpro/libnx/lib/libnx.a(env.o)
 .debug_rnglists
                0x0000000000000fc5       0x57 /opt/devkitpro/libnx/lib/libnx.a(init.o)
 .debug_rnglists
                0x000000000000101c      0x1d1 /opt/devkitpro/libnx/lib/libnx.a(newlib.o)
 .debug_rnglists
                0x00000000000011ed       0x18 /opt/devkitpro/libnx/lib/libnx.a(nxlink.o)
 .debug_rnglists
                0x0000000000001205      0x551 /opt/devkitpro/libnx/lib/libnx.a(fs_dev.o)
 .debug_rnglists
                0x0000000000001756       0x18 /opt/devkitpro/libnx/lib/libnx.a(decode_utf8.o)
 .debug_rnglists
                0x000000000000176e       0x22 /opt/devkitpro/libnx/lib/libnx.a(exception.o)
 .debug_rnglists
                0x0000000000001790       0x27 /opt/devkitpro/libnx/lib/libnx.a(condvar.o)
 .debug_rnglists
                0x00000000000017b7      0x155 /opt/devkitpro/libnx/lib/libnx.a(thread.o)
 .debug_rnglists
                0x000000000000190c      0x13b /opt/devkitpro/libnx/lib/libnx.a(virtmem.o)
 .debug_rnglists
                0x0000000000001a47      0x21b /opt/devkitpro/libnx/lib/libnx.a(wait.o)
 .debug_rnglists
                0x0000000000001c62     0x7ead /opt/devkitpro/libnx/lib/libnx.a(applet.o)
 .debug_rnglists
                0x0000000000009b0f     0x6ae1 /opt/devkitpro/libnx/lib/libnx.a(fs.o)
 .debug_rnglists
                0x00000000000105f0     0x3eb8 /opt/devkitpro/libnx/lib/libnx.a(hid.o)
 .debug_rnglists
                0x00000000000144a8     0x831f /opt/devkitpro/libnx/lib/libnx.a(set.o)
 .debug_rnglists
                0x000000000001c7c7     0x107c /opt/devkitpro/libnx/lib/libnx.a(time.o)
 .debug_rnglists
                0x000000000001d843       0x2b /opt/devkitpro/libnx/lib/libnx.a(alloc.o)
 .debug_rnglists
                0x000000000001d86e       0x6f /opt/devkitpro/libnx/lib/libnx.a(event.o)
 .debug_rnglists
                0x000000000001d8dd       0x59 /opt/devkitpro/libnx/lib/libnx.a(random.o)
 .debug_rnglists
                0x000000000001d936       0x3f /opt/devkitpro/libnx/lib/libnx.a(shmem.o)
 .debug_rnglists
                0x000000000001d975       0x5f /opt/devkitpro/libnx/lib/libnx.a(tmem.o)
 .debug_rnglists
                0x000000000001d9d4      0x11c /opt/devkitpro/libnx/lib/libnx.a(sessionmgr.o)
 .debug_rnglists
                0x000000000001daf0      0x422 /opt/devkitpro/libnx/lib/libnx.a(apm.o)

.debug_line_str
                0x0000000000000000     0x2088
 .debug_line_str
                0x0000000000000000     0x2088 build/main.o
                                        0x200 (size before relaxing)
 .debug_line_str
                0x0000000000002088        0x0 /opt/devkitpro/libnx/lib/libnx.a(sm.o)
                                        0x5ad (size before relaxing)
 .debug_line_str
                0x0000000000002088        0x0 /opt/devkitpro/libnx/lib/libnx.a(diag.o)
                                        0x2c1 (size before relaxing)
 .debug_line_str
                0x0000000000002088        0x0 /opt/devkitpro/libnx/lib/libnx.a(hosversion.o)
                                        0x26f (size before relaxing)
 .debug_line_str
                0x0000000000002088        0x0 /opt/devkitpro/libnx/lib/libnx.a(svc.o)
                                         0xae (size before relaxing)
 .debug_line_str
                0x0000000000002088        0x0 /opt/devkitpro/libnx/lib/libnx.a(switch_crt0.o)
                                         0xb7 (size before relaxing)
 .debug_line_str
                0x0000000000002088        0x0 /opt/devkitpro/libnx/lib/libnx.a(mutex.o)
                                        0x3e1 (size before relaxing)
 .debug_line_str
                0x0000000000002088        0x0 /opt/devkitpro/libnx/lib/libnx.a(argv.o)
                                        0x3d2 (size before relaxing)
 .debug_line_str
                0x0000000000002088        0x0 /opt/devkitpro/libnx/lib/libnx.a(dynamic.o)
                                        0x3c6 (size before relaxing)
 .debug_line_str
                0x0000000000002088        0x0 /opt/devkitpro/libnx/lib/libnx.a(env.o)
                                        0x4f0 (size before relaxing)
 .debug_line_str
                0x0000000000002088        0x0 /opt/devkitpro/libnx/lib/libnx.a(init.o)
                                        0x60f (size before relaxing)
 .debug_line_str
                0x0000000000002088        0x0 /opt/devkitpro/libnx/lib/libnx.a(newlib.o)
                                        0x675 (size before relaxing)
 .debug_line_str
                0x0000000000002088        0x0 /opt/devkitpro/libnx/lib/libnx.a(nxlink.o)
                                        0x2ef (size before relaxing)
 .debug_line_str
                0x0000000000002088        0x0 /opt/devkitpro/libnx/lib/libnx.a(fs_dev.o)
                                        0x7dd (size before relaxing)
 .debug_line_str
                0x0000000000002088        0x0 /opt/devkitpro/libnx/lib/libnx.a(decode_utf8.o)
                                        0x22a (size before relaxing)
 .debug_line_str
                0x0000000000002088        0x0 /opt/devkitpro/libnx/lib/libnx.a(exception.o)
                                         0xb5 (size before relaxing)
 .debug_line_str
                0x0000000000002088        0x0 /opt/devkitpro/libnx/lib/libnx.a(readtp.o)
                                         0xb2 (size before relaxing)
 .debug_line_str
                0x0000000000002088        0x0 /opt/devkitpro/libnx/lib/libnx.a(condvar.o)
                                        0x45a (size before relaxing)
 .debug_line_str
                0x0000000000002088        0x0 /opt/devkitpro/libnx/lib/libnx.a(thread.o)
                                        0x5c9 (size before relaxing)
 .debug_line_str
                0x0000000000002088        0x0 /opt/devkitpro/libnx/lib/libnx.a(virtmem.o)
                                        0x404 (size before relaxing)
 .debug_line_str
                0x0000000000002088        0x0 /opt/devkitpro/libnx/lib/libnx.a(wait.o)
                                        0x3ff (size before relaxing)
 .debug_line_str
                0x0000000000002088        0x0 /opt/devkitpro/libnx/lib/libnx.a(applet.o)
                                        0x874 (size before relaxing)
 .debug_line_str
                0x0000000000002088        0x0 /opt/devkitpro/libnx/lib/libnx.a(fs.o)
                                        0x68c (size before relaxing)
 .debug_line_str
                0x0000000000002088        0x0 /opt/devkitpro/libnx/lib/libnx.a(hid.o)
                                        0x78f (size before relaxing)
 .debug_line_str
                0x0000000000002088        0x0 /opt/devkitpro/libnx/lib/libnx.a(set.o)
                                        0x688 (size before relaxing)
 .debug_line_str
                0x0000000000002088        0x0 /opt/devkitpro/libnx/lib/libnx.a(time.o)
                                        0x5fa (size before relaxing)
 .debug_line_str
                0x0000000000002088        0x0 /opt/devkitpro/libnx/lib/libnx.a(alloc.o)
                                        0x1ef (size before relaxing)
 .debug_line_str
                0x0000000000002088        0x0 /opt/devkitpro/libnx/lib/libnx.a(event.o)
                                        0x2df (size before relaxing)
 .debug_line_str
                0x0000000000002088        0x0 /opt/devkitpro/libnx/lib/libnx.a(random.o)
                                        0x3d0 (size before relaxing)
 .debug_line_str
                0x0000000000002088        0x0 /opt/devkitpro/libnx/lib/libnx.a(shmem.o)
                                        0x31d (size before relaxing)
 .debug_line_str
                0x0000000000002088        0x0 /opt/devkitpro/libnx/lib/libnx.a(tmem.o)
                                        0x3c9 (size before relaxing)
 .debug_line_str
                0x0000000000002088        0x0 /opt/devkitpro/libnx/lib/libnx.a(sessionmgr.o)
                                        0x48c (size before relaxing)
 .debug_line_str
                0x0000000000002088        0x0 /opt/devkitpro/libnx/lib/libnx.a(apm.o)
                                        0x4d4 (size before relaxing)
